11-30 22:40:31.928  2711  2711 E inputservice: isForceShowInput step2com.ss.android.auto
11-30 22:40:31.928  2711  2711 E inputservice: isForceShowInput step2com.wb.goog.mkx
11-30 22:40:31.928  2711  2711 E inputservice: isForceShowInput step2com.ulugame.arkajp.google
11-30 22:40:31.928  2711  2711 E inputservice: isForceShowInput step2com.xlegend.dragonsoul.jp
11-30 22:40:31.928  2711  2711 E inputservice: isForceShowInput step2vn.efun.jx1
11-30 22:40:31.928  2711  2711 E inputservice: isForceShowInput step2com.global.musvn
11-30 22:40:31.928  2711  2711 E inputservice: isForceShowInput step2vn.vltk.htvl
11-30 22:40:31.928  2711  2711 E inputservice: isForceShowInput step2com.maetimes.android.pokekara
11-30 22:40:31.928  2711  2711 E inputservice: isForceShowInput step2com.wemadesvc.icarusm
11-30 22:40:31.928  2711  2711 E inputservice: isForceShowInput step2com.eskyfun.sgsmjzgp
11-30 22:40:31.928  2711  2711 E inputservice: isForceShowInput step2vn.efun.jx1
11-30 22:40:31.928  2711  2711 E inputservice: isForceShowInput step2com.global.musvn
11-30 22:40:31.928  2711  2711 E inputservice: isForceShowInput step2vn.vltk.htvl
11-30 22:40:31.928  2711  2711 E inputservice: isForceShowInput step2com.global.gloryvn
11-30 22:40:31.928  2711  2711 E inputservice: isForceShowInput step2com.xlegend.grandfantasia.jp
11-30 22:40:31.928  2711  2711 E inputservice: isForceShowInput step2com.azuragame.oop
11-30 22:40:31.928  2711  2711 E inputservice: isForceShowInput step2com.xlegend.arthurlegend.tw
11-30 22:40:31.928  2711  2711 E inputservice: isForceShowInput step2com.honorofheir.global
11-30 22:40:31.929  3576  3576 W IInputConnectionWrapper: finishComposingText on inactive InputConnection
11-30 22:40:31.934  2711  2711 V InputMethodService: onEvaluateInputViewShown: config.hardKeyboardHidden = 2
11-30 22:40:31.935  2711  2711 V InputMethodService: onEvaluateInputViewShown: config.hardKeyboardHidden = 2
11-30 22:40:31.936  2711  2711 E inputservice: isForceShowInput step116
11-30 22:40:31.936  2711  2711 E inputservice: isForceShowInput step2com.netease.eve.en
11-30 22:40:31.936  2711  2711 E inputservice: isForceShowInput step2com.gm99.ylcs
11-30 22:40:31.936  2711  2711 E inputservice: isForceShowInput step2jp.ghost.romance
11-30 22:40:31.936  2711  2711 E inputservice: isForceShowInput step2com.gameone.meow
11-30 22:40:31.936  2711  2711 E inputservice: isForceShowInput step2com.ykhw.sgsmjz
11-30 22:40:31.936  3576  3576 W IInputConnectionWrapper: finishComposingText on inactive InputConnection
11-30 22:40:31.936  2711  2711 E inputservice: isForceShowInput step2com.kudou.fengshen
11-30 22:40:31.936  2711  2711 E inputservice: isForceShowInput step2com.ss.android.auto
11-30 22:40:31.936  2711  2711 E inputservice: isForceShowInput step2com.wb.goog.mkx
11-30 22:40:31.936  2711  2711 E inputservice: isForceShowInput step2com.ulugame.arkajp.google
11-30 22:40:31.936  2711  2711 E inputservice: isForceShowInput step2com.xlegend.dragonsoul.jp
11-30 22:40:31.936  2711  2711 E inputservice: isForceShowInput step2vn.efun.jx1
11-30 22:40:31.936  2711  2711 E inputservice: isForceShowInput step2com.global.musvn
11-30 22:40:31.936  2711  2711 E inputservice: isForceShowInput step2vn.vltk.htvl
11-30 22:40:31.936  2711  2711 E inputservice: isForceShowInput step2com.maetimes.android.pokekara
11-30 22:40:31.936  2711  2711 E inputservice: isForceShowInput step2com.wemadesvc.icarusm
11-30 22:40:31.936  2711  2711 E inputservice: isForceShowInput step2com.eskyfun.sgsmjzgp
11-30 22:40:31.936  2711  2711 E inputservice: isForceShowInput step2vn.efun.jx1
11-30 22:40:31.936  2711  2711 E inputservice: isForceShowInput step2com.global.musvn
11-30 22:40:31.936  2711  2711 E inputservice: isForceShowInput step2vn.vltk.htvl
11-30 22:40:31.936  2711  2711 E inputservice: isForceShowInput step2com.global.gloryvn
11-30 22:40:31.936  2711  2711 E inputservice: isForceShowInput step2com.xlegend.grandfantasia.jp
11-30 22:40:31.936  2711  2711 E inputservice: isForceShowInput step2com.azuragame.oop
11-30 22:40:31.936  2711  2711 E inputservice: isForceShowInput step2com.xlegend.arthurlegend.tw
11-30 22:40:31.936  2711  2711 E inputservice: isForceShowInput step2com.honorofheir.global
11-30 22:40:31.938  2711  2711 V InputMethodService: onEvaluateInputViewShown: config.hardKeyboardHidden = 2
11-30 22:40:31.939  2711  2711 V InputMethodService: onEvaluateInputViewShown: config.hardKeyboardHidden = 2
11-30 22:40:31.940  2711  2711 E inputservice: isForceShowInput step116
11-30 22:40:31.940  2711  2711 E inputservice: isForceShowInput step2com.netease.eve.en
11-30 22:40:31.940  2711  2711 E inputservice: isForceShowInput step2com.gm99.ylcs
11-30 22:40:31.940  2711  2711 E inputservice: isForceShowInput step2jp.ghost.romance
11-30 22:40:31.940  2711  2711 E inputservice: isForceShowInput step2com.gameone.meow
11-30 22:40:31.940  2711  2711 E inputservice: isForceShowInput step2com.ykhw.sgsmjz
11-30 22:40:31.940  2711  2711 E inputservice: isForceShowInput step2com.kudou.fengshen
11-30 22:40:31.940  2711  2711 E inputservice: isForceShowInput step2com.ss.android.auto
11-30 22:40:31.940  2711  2711 E inputservice: isForceShowInput step2com.wb.goog.mkx
11-30 22:40:31.940  2711  2711 E inputservice: isForceShowInput step2com.ulugame.arkajp.google
11-30 22:40:31.940  2711  2711 E inputservice: isForceShowInput step2com.xlegend.dragonsoul.jp
11-30 22:40:31.940  2711  2711 E inputservice: isForceShowInput step2vn.efun.jx1
11-30 22:40:31.940  2711  2711 E inputservice: isForceShowInput step2com.global.musvn
11-30 22:40:31.940  2711  2711 E inputservice: isForceShowInput step2vn.vltk.htvl
11-30 22:40:31.940  2711  2711 E inputservice: isForceShowInput step2com.maetimes.android.pokekara
11-30 22:40:31.940  2711  2711 E inputservice: isForceShowInput step2com.wemadesvc.icarusm
11-30 22:40:31.940  2711  2711 E inputservice: isForceShowInput step2com.eskyfun.sgsmjzgp
11-30 22:40:31.940  2711  2711 E inputservice: isForceShowInput step2vn.efun.jx1
11-30 22:40:31.940  2711  2711 E inputservice: isForceShowInput step2com.global.musvn
11-30 22:40:31.940  2711  2711 E inputservice: isForceShowInput step2vn.vltk.htvl
11-30 22:40:31.940  2711  2711 E inputservice: isForceShowInput step2com.global.gloryvn
11-30 22:40:31.940  2711  2711 E inputservice: isForceShowInput step2com.xlegend.grandfantasia.jp
11-30 22:40:31.940  2711  2711 E inputservice: isForceShowInput step2com.azuragame.oop
11-30 22:40:31.940  2711  2711 E inputservice: isForceShowInput step2com.xlegend.arthurlegend.tw
11-30 22:40:31.940  2711  2711 E inputservice: isForceShowInput step2com.honorofheir.global
11-30 22:40:31.940  2711  2711 V InputMethodService: onEvaluateInputViewShown: config.hardKeyboardHidden = 2
11-30 22:40:31.941  2711  2711 V InputMethodService: onEvaluateInputViewShown: config.hardKeyboardHidden = 2
11-30 22:40:31.988  1837  1893 D AudioFlinger: mixer(0xd6183f80) throttle end: throttle time(100)
11-30 22:40:31.991  2711  2711 V InputMethodService: onEvaluateInputViewShown: config.hardKeyboardHidden = 2
11-30 22:40:31.991  2711  2711 V InputMethodService: onEvaluateInputViewShown: config.hardKeyboardHidden = 2
11-30 22:40:32.001  5561  5561 D AndroidRuntime: CheckJNI is OFF
11-30 22:40:32.132  5561  5561 D ICU     : No timezone override file found: /data/misc/zoneinfo/current/icu/icu_tzdata.dat
11-30 22:40:32.147  5561  5561 W art     : Unexpected CPU variant for X86 using defaults: x86
11-30 22:40:32.159  5561  5561 D         : houdini no need remount
11-30 22:40:32.176  5561  5561 E memtrack: Couldn't load memtrack module (No such file or directory)
11-30 22:40:32.176  5561  5561 E android.os.Debug: failed to load memtrack module: -2
11-30 22:40:32.177  5561  5561 I Radio-JNI: register_android_hardware_Radio DONE
11-30 22:40:32.192  5561  5561 D AndroidRuntime: Calling main entry com.android.commands.am.Am
11-30 22:40:32.201  5561  5561 D AndroidRuntime: Shutting down VM
11-30 22:40:32.419  2711  2711 V InputMethodService: onEvaluateInputViewShown: config.hardKeyboardHidden = 2
11-30 22:40:32.419  2711  2711 V InputMethodService: onEvaluateInputViewShown: config.hardKeyboardHidden = 2
11-30 22:40:32.437  2127  2160 D Sensors : Client connection accepted (152)
11-30 22:40:32.520  2127  2137 I ActivityManager: START u0 {act=android.intent.action.MAIN cat=[android.intent.category.LAUNCHER] flg=0x10200000 cmp=com.fanwe.p2p/.InitActivity} from uid 0 on display 0
11-30 22:40:32.741  2127  2429 W InputMethodManagerService: Window already focused, ignoring focus gain of: com.android.internal.view.IInputMethodClient$Stub$Proxy@42ad5fc attribute=null, token = android.os.BinderProxy@95c7e5e
11-30 22:40:32.947  2127  2693 I ActivityManager: START u0 {act=android.intent.action.MAIN cat=[android.intent.category.LAUNCHER] flg=0x10200000 cmp=com.fanwe.p2p/.InitActivity} from uid 0 on display 0
11-30 22:40:33.050  2127  4685 I ActivityManager: START u0 {act=android.intent.action.MAIN cat=[android.intent.category.LAUNCHER] flg=0x10200000 cmp=com.fanwe.p2p/.InitActivity} from uid 0 on display 0
11-30 22:40:33.068  5572  5572 D AndroidRuntime: >>>>>> START com.android.internal.os.RuntimeInit uid 0 <<<<<<
11-30 22:40:33.156  2127  3618 I ActivityManager: START u0 {act=android.intent.action.MAIN cat=[android.intent.category.LAUNCHER] flg=0x10200000 cmp=com.fanwe.p2p/.InitActivity} from uid 0 on display 0
11-30 22:40:33.260  2127  2388 I ActivityManager: START u0 {act=android.intent.action.MAIN cat=[android.intent.category.LAUNCHER] flg=0x10200000 cmp=com.fanwe.p2p/.InitActivity} from uid 0 on display 0
11-30 22:40:33.380  2127  2339 I NotificationService: cancelToast pkg=com.fanwe.p2p callback=android.app.ITransientNotification$Stub$Proxy@e28a07e
11-30 22:40:33.380  2127  2339 W NotificationService: Toast already cancelled. pkg=com.fanwe.p2p callback=android.app.ITransientNotification$Stub$Proxy@e28a07e
11-30 22:40:33.410  3576  3576 W IInputConnectionWrapper: finishComposingText on inactive InputConnection
11-30 22:40:33.410  2711  2711 E inputservice: isForceShowInput step116
11-30 22:40:33.410  2711  2711 E inputservice: isForceShowInput step2com.netease.eve.en
11-30 22:40:33.410  2711  2711 E inputservice: isForceShowInput step2com.gm99.ylcs
11-30 22:40:33.410  2711  2711 E inputservice: isForceShowInput step2jp.ghost.romance
11-30 22:40:33.410  2711  2711 E inputservice: isForceShowInput step2com.gameone.meow
11-30 22:40:33.410  2711  2711 E inputservice: isForceShowInput step2com.ykhw.sgsmjz
11-30 22:40:33.410  2711  2711 E inputservice: isForceShowInput step2com.kudou.fengshen
11-30 22:40:33.410  2711  2711 E inputservice: isForceShowInput step2com.ss.android.auto
11-30 22:40:33.410  2711  2711 E inputservice: isForceShowInput step2com.wb.goog.mkx
11-30 22:40:33.410  2711  2711 E inputservice: isForceShowInput step2com.ulugame.arkajp.google
11-30 22:40:33.410  2711  2711 E inputservice: isForceShowInput step2com.xlegend.dragonsoul.jp
11-30 22:40:33.410  2711  2711 E inputservice: isForceShowInput step2vn.efun.jx1
11-30 22:40:33.410  2711  2711 E inputservice: isForceShowInput step2com.global.musvn
11-30 22:40:33.410  2711  2711 E inputservice: isForceShowInput step2vn.vltk.htvl
11-30 22:40:33.410  2711  2711 E inputservice: isForceShowInput step2com.maetimes.android.pokekara
11-30 22:40:33.410  2711  2711 E inputservice: isForceShowInput step2com.wemadesvc.icarusm
11-30 22:40:33.410  2711  2711 E inputservice: isForceShowInput step2com.eskyfun.sgsmjzgp
11-30 22:40:33.410  2711  2711 E inputservice: isForceShowInput step2vn.efun.jx1
11-30 22:40:33.410  2711  2711 E inputservice: isForceShowInput step2com.global.musvn
11-30 22:40:33.410  2711  2711 E inputservice: isForceShowInput step2vn.vltk.htvl
11-30 22:40:33.410  2711  2711 E inputservice: isForceShowInput step2com.global.gloryvn
11-30 22:40:33.410  2711  2711 E inputservice: isForceShowInput step2com.xlegend.grandfantasia.jp
11-30 22:40:33.410  2711  2711 E inputservice: isForceShowInput step2com.azuragame.oop
11-30 22:40:33.410  2711  2711 E inputservice: isForceShowInput step2com.xlegend.arthurlegend.tw
11-30 22:40:33.410  2711  2711 E inputservice: isForceShowInput step2com.honorofheir.global
11-30 22:40:33.411  2711  2711 V InputMethodService: onEvaluateInputViewShown: config.hardKeyboardHidden = 2
11-30 22:40:33.411  2711  2711 V InputMethodService: onEvaluateInputViewShown: config.hardKeyboardHidden = 2
11-30 22:40:33.411  2711  2711 V InputMethodService: onEvaluateInputViewShown: config.hardKeyboardHidden = 2
11-30 22:40:33.411  2711  2711 V InputMethodService: onEvaluateInputViewShown: config.hardKeyboardHidden = 2
11-30 22:40:33.412  2711  2711 V InputMethodService: onEvaluateInputViewShown: config.hardKeyboardHidden = 2
11-30 22:40:33.412  2711  2711 V InputMethodService: onEvaluateInputViewShown: config.hardKeyboardHidden = 2
11-30 22:40:33.591  2127  3651 I ActivityManager: START u0 {act=android.intent.action.MAIN cat=[android.intent.category.LAUNCHER] flg=0x10200000 cmp=com.fanwe.p2p/.InitActivity} from uid 0 on display 0
11-30 22:40:33.645  5572  5572 D AndroidRuntime: CheckJNI is OFF
11-30 22:40:33.715  2711  2711 V InputMethodService: onEvaluateInputViewShown: config.hardKeyboardHidden = 2
11-30 22:40:33.716  2711  2711 V InputMethodService: onEvaluateInputViewShown: config.hardKeyboardHidden = 2
11-30 22:40:33.752  5572  5572 D ICU     : No timezone override file found: /data/misc/zoneinfo/current/icu/icu_tzdata.dat
11-30 22:40:33.762  5572  5572 W art     : Unexpected CPU variant for X86 using defaults: x86
11-30 22:40:33.771  5572  5572 D         : houdini no need remount
11-30 22:40:33.788  5572  5572 E memtrack: Couldn't load memtrack module (No such file or directory)
11-30 22:40:33.788  5572  5572 E android.os.Debug: failed to load memtrack module: -2
11-30 22:40:33.789  5572  5572 I Radio-JNI: register_android_hardware_Radio DONE
11-30 22:40:33.804  5572  5572 D AndroidRuntime: Calling main entry com.android.commands.am.Am
11-30 22:40:33.810  5572  5572 D AndroidRuntime: Shutting down VM
11-30 22:40:34.035  3576  3576 W IInputConnectionWrapper: finishComposingText on inactive InputConnection
11-30 22:40:34.035  2711  2711 E inputservice: isForceShowInput step116
11-30 22:40:34.035  2711  2711 E inputservice: isForceShowInput step2com.netease.eve.en
11-30 22:40:34.035  2711  2711 E inputservice: isForceShowInput step2com.gm99.ylcs
11-30 22:40:34.035  2711  2711 E inputservice: isForceShowInput step2jp.ghost.romance
11-30 22:40:34.035  2711  2711 E inputservice: isForceShowInput step2com.gameone.meow
11-30 22:40:34.035  2711  2711 E inputservice: isForceShowInput step2com.ykhw.sgsmjz
11-30 22:40:34.035  2711  2711 E inputservice: isForceShowInput step2com.kudou.fengshen
11-30 22:40:34.035  2711  2711 E inputservice: isForceShowInput step2com.ss.android.auto
11-30 22:40:34.035  2711  2711 E inputservice: isForceShowInput step2com.wb.goog.mkx
11-30 22:40:34.035  2711  2711 E inputservice: isForceShowInput step2com.ulugame.arkajp.google
11-30 22:40:34.035  2711  2711 E inputservice: isForceShowInput step2com.xlegend.dragonsoul.jp
11-30 22:40:34.035  2711  2711 E inputservice: isForceShowInput step2vn.efun.jx1
11-30 22:40:34.035  2711  2711 E inputservice: isForceShowInput step2com.global.musvn
11-30 22:40:34.035  2711  2711 E inputservice: isForceShowInput step2vn.vltk.htvl
11-30 22:40:34.035  2711  2711 E inputservice: isForceShowInput step2com.maetimes.android.pokekara
11-30 22:40:34.035  2711  2711 E inputservice: isForceShowInput step2com.wemadesvc.icarusm
11-30 22:40:34.035  2711  2711 E inputservice: isForceShowInput step2com.eskyfun.sgsmjzgp
11-30 22:40:34.035  2711  2711 E inputservice: isForceShowInput step2vn.efun.jx1
11-30 22:40:34.035  2711  2711 E inputservice: isForceShowInput step2com.global.musvn
11-30 22:40:34.035  2711  2711 E inputservice: isForceShowInput step2vn.vltk.htvl
11-30 22:40:34.035  2711  2711 E inputservice: isForceShowInput step2com.global.gloryvn
11-30 22:40:34.035  2711  2711 E inputservice: isForceShowInput step2com.xlegend.grandfantasia.jp
11-30 22:40:34.035  2711  2711 E inputservice: isForceShowInput step2com.azuragame.oop
11-30 22:40:34.035  2711  2711 E inputservice: isForceShowInput step2com.xlegend.arthurlegend.tw
11-30 22:40:34.035  2711  2711 E inputservice: isForceShowInput step2com.honorofheir.global
11-30 22:40:34.036  2711  2711 V InputMethodService: onEvaluateInputViewShown: config.hardKeyboardHidden = 2
11-30 22:40:34.036  2711  2711 V InputMethodService: onEvaluateInputViewShown: config.hardKeyboardHidden = 2
11-30 22:40:34.037  2711  2711 V InputMethodService: onEvaluateInputViewShown: config.hardKeyboardHidden = 2
11-30 22:40:34.039  2711  2711 V InputMethodService: onEvaluateInputViewShown: config.hardKeyboardHidden = 2
11-30 22:40:34.133  2127  2164 I ActivityManager: START u0 {act=android.intent.action.MAIN cat=[android.intent.category.LAUNCHER] flg=0x10000000 cmp=com.android.contacts/.activities.PeopleActivity sel=act=android.intent.action.MAIN cat=[android.intent.category.APP_CONTACTS]}} from uid 1000 on display 0
11-30 22:40:34.249  2711  2711 V InputMethodService: onEvaluateInputViewShown: config.hardKeyboardHidden = 2
11-30 22:40:34.253  2711  2711 V InputMethodService: onEvaluateInputViewShown: config.hardKeyboardHidden = 2
11-30 22:40:34.355  2127  2693 I ActivityManager: START u0 {act=android.intent.action.MAIN cat=[android.intent.category.LAUNCHER] flg=0x10200000 cmp=com.fanwe.p2p/.InitActivity} from uid 0 on display 0
11-30 22:40:34.462  2711  2711 V InputMethodService: onEvaluateInputViewShown: config.hardKeyboardHidden = 2
11-30 22:40:34.462  2711  2711 V InputMethodService: onEvaluateInputViewShown: config.hardKeyboardHidden = 2
11-30 22:40:34.569  2711  2711 V InputMethodService: onEvaluateInputViewShown: config.hardKeyboardHidden = 2
11-30 22:40:34.569  2711  2711 V InputMethodService: onEvaluateInputViewShown: config.hardKeyboardHidden = 2
11-30 22:40:34.799  5590  5590 D AndroidRuntime: >>>>>> START com.android.internal.os.RuntimeInit uid 0 <<<<<<
11-30 22:40:35.093  2127  2137 I ActivityManager: START u0 {act=android.intent.action.MAIN cat=[android.intent.category.LAUNCHER] flg=0x10200000 cmp=com.fanwe.p2p/.InitActivity} from uid 0 on display 0
11-30 22:40:35.319  5590  5590 D AndroidRuntime: CheckJNI is OFF
11-30 22:40:35.383  5590  5590 D ICU     : No timezone override file found: /data/misc/zoneinfo/current/icu/icu_tzdata.dat
11-30 22:40:35.392  5590  5590 W art     : Unexpected CPU variant for X86 using defaults: x86
11-30 22:40:35.400  5590  5590 D         : houdini no need remount
11-30 22:40:35.413  5590  5590 E memtrack: Couldn't load memtrack module (No such file or directory)
11-30 22:40:35.413  5590  5590 E android.os.Debug: failed to load memtrack module: -2
11-30 22:40:35.414  5590  5590 I Radio-JNI: register_android_hardware_Radio DONE
11-30 22:40:35.425  5590  5590 D AndroidRuntime: Calling main entry com.android.commands.am.Am
11-30 22:40:35.430  5590  5590 D AndroidRuntime: Shutting down VM
11-30 22:40:35.507  2127  2147 I art     : Starting a blocking GC Explicit
11-30 22:40:35.529  1833  1833 E EGL_emulation: tid 1833: eglCreateSyncKHR(1596): error 0x3004 (EGL_BAD_ATTRIBUTE)
11-30 22:40:35.547  1833  1833 D SurfaceFlinger: setOrientation, mFbdev=0xd6fd1600, mFbDev->setOrientation=0xd762ed30, orientation=3
11-30 22:40:35.547  1833  1833 I gralloc_nox: setOrientation: orientation=3
11-30 22:40:35.613  2127  2147 I art     : Explicit concurrent mark sweep GC freed 9307(508KB) AllocSpace objects, 7(180KB) LOS objects, 33% free, 7MB/10MB, paused 698us total 100.147ms
11-30 22:40:35.623  2127  2165 I InputReader: Reconfiguring input devices.  changes=0x00000004
11-30 22:40:35.623  2127  2165 I InputReader: Device reconfigured: id=2, name='Android_Input', size 1280x720, orientation 3, mode 1, display id 0
11-30 22:40:35.624  2127  2165 I InputReader: Reconfiguring input devices.  changes=0x00000004
11-30 22:40:35.632  2127  2147 I WindowManager: Screen frozen for +109ms due to Window{d10030c u0 Starting com.lianjia.beike}
11-30 22:40:35.661  2127  2425 W InputMethodManagerService: Window already focused, ignoring focus gain of: com.android.internal.view.IInputMethodClient$Stub$Proxy@747d1ea attribute=null, token = android.os.BinderProxy@95c7e5e
11-30 22:40:35.692  2127  2160 D Sensors : Client connection accepted (206)
11-30 22:40:35.700  2127  2160 D Sensors : Client connection accepted (206)
11-30 22:40:35.772  2711  2711 V InputMethodService: onEvaluateInputViewShown: config.hardKeyboardHidden = 2
11-30 22:40:35.782  2711  2711 V InputMethodService: onEvaluateInputViewShown: config.hardKeyboardHidden = 2
11-30 22:40:35.862  2127  2575 I ActivityManager: START u0 {act=android.intent.action.MAIN cat=[android.intent.category.LAUNCHER] flg=0x10200000 cmp=com.fanwe.p2p/.InitActivity} from uid 0 on display 0
11-30 22:40:36.375  5601  5601 D AndroidRuntime: >>>>>> START com.android.internal.os.RuntimeInit uid 0 <<<<<<
11-30 22:40:36.457  2195  2257 I vol.Events: writeEvent active_stream_changed STREAM_RING
11-30 22:40:36.459  2195  2257 I vol.Events: writeEvent key STREAM_RING 3
11-30 22:40:36.462  2195  2195 I vol.Events: writeEvent show_dialog volume_changed keyguard=false
11-30 22:40:36.585  3576  3576 W IInputConnectionWrapper: finishComposingText on inactive InputConnection
11-30 22:40:36.585  2711  2711 E inputservice: isForceShowInput step116
11-30 22:40:36.585  2711  2711 E inputservice: isForceShowInput step2com.netease.eve.en
11-30 22:40:36.585  2711  2711 E inputservice: isForceShowInput step2com.gm99.ylcs
11-30 22:40:36.585  2711  2711 E inputservice: isForceShowInput step2jp.ghost.romance
11-30 22:40:36.585  2711  2711 E inputservice: isForceShowInput step2com.gameone.meow
11-30 22:40:36.585  2711  2711 E inputservice: isForceShowInput step2com.ykhw.sgsmjz
11-30 22:40:36.585  2711  2711 E inputservice: isForceShowInput step2com.kudou.fengshen
11-30 22:40:36.585  2711  2711 E inputservice: isForceShowInput step2com.ss.android.auto
11-30 22:40:36.585  2711  2711 E inputservice: isForceShowInput step2com.wb.goog.mkx
11-30 22:40:36.585  2711  2711 E inputservice: isForceShowInput step2com.ulugame.arkajp.google
11-30 22:40:36.585  2711  2711 E inputservice: isForceShowInput step2com.xlegend.dragonsoul.jp
11-30 22:40:36.585  2711  2711 E inputservice: isForceShowInput step2vn.efun.jx1
11-30 22:40:36.585  2711  2711 E inputservice: isForceShowInput step2com.global.musvn
11-30 22:40:36.585  2711  2711 E inputservice: isForceShowInput step2vn.vltk.htvl
11-30 22:40:36.585  2711  2711 E inputservice: isForceShowInput step2com.maetimes.android.pokekara
11-30 22:40:36.585  2711  2711 E inputservice: isForceShowInput step2com.wemadesvc.icarusm
11-30 22:40:36.585  2711  2711 E inputservice: isForceShowInput step2com.eskyfun.sgsmjzgp
11-30 22:40:36.585  2711  2711 E inputservice: isForceShowInput step2vn.efun.jx1
11-30 22:40:36.585  2711  2711 E inputservice: isForceShowInput step2com.global.musvn
11-30 22:40:36.585  2711  2711 E inputservice: isForceShowInput step2vn.vltk.htvl
11-30 22:40:36.585  2711  2711 E inputservice: isForceShowInput step2com.global.gloryvn
11-30 22:40:36.585  2711  2711 E inputservice: isForceShowInput step2com.xlegend.grandfantasia.jp
11-30 22:40:36.585  2711  2711 E inputservice: isForceShowInput step2com.azuragame.oop
11-30 22:40:36.585  2711  2711 E inputservice: isForceShowInput step2com.xlegend.arthurlegend.tw
11-30 22:40:36.585  2711  2711 E inputservice: isForceShowInput step2com.honorofheir.global
11-30 22:40:36.587  2711  2711 V InputMethodService: onEvaluateInputViewShown: config.hardKeyboardHidden = 2
11-30 22:40:36.587  2711  2711 V InputMethodService: onEvaluateInputViewShown: config.hardKeyboardHidden = 2
11-30 22:40:36.589  2711  2711 V InputMethodService: onEvaluateInputViewShown: config.hardKeyboardHidden = 2
11-30 22:40:36.590  2711  2711 V InputMethodService: onEvaluateInputViewShown: config.hardKeyboardHidden = 2
11-30 22:40:36.694  1833  1833 E EGL_emulation: tid 1833: eglCreateSyncKHR(1596): error 0x3004 (EGL_BAD_ATTRIBUTE)
11-30 22:40:36.713  1833  1833 D SurfaceFlinger: setOrientation, mFbdev=0xd6fd1600, mFbDev->setOrientation=0xd762ed30, orientation=1
11-30 22:40:36.713  1833  1833 I gralloc_nox: setOrientation: orientation=1
11-30 22:40:36.729  2127  2165 I InputReader: Reconfiguring input devices.  changes=0x00000004
11-30 22:40:36.729  2127  2165 I InputReader: Device reconfigured: id=2, name='Android_Input', size 1280x720, orientation 1, mode 1, display id 0
11-30 22:40:36.737  2127  2141 I WindowManager: Screen frozen for +53ms due to Window{d10030c u0 Starting com.lianjia.beike}
11-30 22:40:36.897  2127  2127 W WindowManager: Attempted to remove non-existing token: android.os.Binder@ce0a239
11-30 22:40:36.949  2195  2195 I vol.Events: writeEvent dismiss_dialog touch_outside
11-30 22:40:36.951  2195  2257 I vol.Events: writeEvent active_stream_changed UNKNOWN_STREAM_-1
11-30 22:40:36.994  1833  1833 E EGL_emulation: tid 1833: eglCreateSyncKHR(1596): error 0x3004 (EGL_BAD_ATTRIBUTE)
11-30 22:40:37.013  1833  1833 D SurfaceFlinger: setOrientation, mFbdev=0xd6fd1600, mFbDev->setOrientation=0xd762ed30, orientation=3
11-30 22:40:37.013  1833  1833 I gralloc_nox: setOrientation: orientation=3
11-30 22:40:37.024  2711  2711 V InputMethodService: onEvaluateInputViewShown: config.hardKeyboardHidden = 2
11-30 22:40:37.025  2711  2711 V InputMethodService: onEvaluateInputViewShown: config.hardKeyboardHidden = 2
11-30 22:40:37.048  2127  2165 I InputReader: Reconfiguring input devices.  changes=0x00000004
11-30 22:40:37.049  2127  2165 I InputReader: Device reconfigured: id=2, name='Android_Input', size 1280x720, orientation 3, mode 1, display id 0
11-30 22:40:37.051  2127  2165 I InputReader: Reconfiguring input devices.  changes=0x00000004
11-30 22:40:37.060  2127  2147 I WindowManager: Screen frozen for +87ms due to Window{d10030c u0 Starting com.lianjia.beike}
11-30 22:40:37.433  5601  5601 D AndroidRuntime: CheckJNI is OFF
11-30 22:40:37.467  2711  2711 V InputMethodService: onEvaluateInputViewShown: config.hardKeyboardHidden = 2
11-30 22:40:37.468  2711  2711 V InputMethodService: onEvaluateInputViewShown: config.hardKeyboardHidden = 2
11-30 22:40:37.666  5601  5601 D ICU     : No timezone override file found: /data/misc/zoneinfo/current/icu/icu_tzdata.dat
11-30 22:40:37.679  5601  5601 W art     : Unexpected CPU variant for X86 using defaults: x86
11-30 22:40:37.685  5601  5601 D         : houdini no need remount
11-30 22:40:37.711  5601  5601 E memtrack: Couldn't load memtrack module (No such file or directory)
11-30 22:40:37.711  5601  5601 E android.os.Debug: failed to load memtrack module: -2
11-30 22:40:37.712  5601  5601 I Radio-JNI: register_android_hardware_Radio DONE
11-30 22:40:37.739  5601  5601 D AndroidRuntime: Calling main entry com.android.commands.am.Am
11-30 22:40:37.752  5601  5601 D AndroidRuntime: Shutting down VM
11-30 22:40:37.800  5601  5601 W art     : Suspending all threads took: 21.019ms
11-30 22:40:37.833  2711  2711 V InputMethodService: onEvaluateInputViewShown: config.hardKeyboardHidden = 2
11-30 22:40:37.841  2711  2711 V InputMethodService: onEvaluateInputViewShown: config.hardKeyboardHidden = 2
11-30 22:40:38.071  2195  2257 I vol.Events: writeEvent active_stream_changed STREAM_RING
11-30 22:40:38.073  2195  2257 I vol.Events: writeEvent key STREAM_RING 3
11-30 22:40:38.077  2195  2195 I vol.Events: writeEvent show_dialog volume_changed keyguard=false
11-30 22:40:38.181  2711  2711 V InputMethodService: onEvaluateInputViewShown: config.hardKeyboardHidden = 2
11-30 22:40:38.182  2711  2711 V InputMethodService: onEvaluateInputViewShown: config.hardKeyboardHidden = 2
11-30 22:40:38.528  2711  2711 V InputMethodService: onEvaluateInputViewShown: config.hardKeyboardHidden = 2
11-30 22:40:38.528  2711  2711 V InputMethodService: onEvaluateInputViewShown: config.hardKeyboardHidden = 2
11-30 22:40:38.628  2127  2339 I ActivityManager: START u0 {act=android.intent.action.MAIN cat=[android.intent.category.LAUNCHER] flg=0x10200000 cmp=com.fanwe.p2p/.InitActivity} from uid 0 on display 0
11-30 22:40:38.662  2127  2160 D Sensors : Client connection accepted (229)
11-30 22:40:38.664  2127  2160 D Sensors : Client connection accepted (230)
11-30 22:40:38.733  2127  3621 I ActivityManager: START u0 {act=android.intent.action.MAIN cat=[android.intent.category.LAUNCHER] flg=0x10200000 cmp=com.fanwe.p2p/.InitActivity} from uid 0 on display 0
11-30 22:40:38.751  1826  1826 E NOX     : recv() error
11-30 22:40:38.751  1826  1826 D NOX     : Socket read error
11-30 22:40:39.692  5640  5640 D AndroidRuntime: >>>>>> START com.android.internal.os.RuntimeInit uid 0 <<<<<<
11-30 22:40:39.909  2127  3618 I ActivityManager: START u0 {act=android.intent.action.MAIN cat=[android.intent.category.LAUNCHER] flg=0x10200000 cmp=com.fanwe.p2p/.InitActivity} from uid 0 on display 0
11-30 22:40:40.179  5640  5640 D AndroidRuntime: CheckJNI is OFF
11-30 22:40:40.249  5640  5640 D ICU     : No timezone override file found: /data/misc/zoneinfo/current/icu/icu_tzdata.dat
11-30 22:40:40.250  2127  2693 W InputMethodManagerService: Window already focused, ignoring focus gain of: com.android.internal.view.IInputMethodClient$Stub$Proxy@1633033 attribute=null, token = android.os.BinderProxy@95c7e5e
11-30 22:40:40.259  5640  5640 W art     : Unexpected CPU variant for X86 using defaults: x86
11-30 22:40:40.273  5640  5640 D         : houdini no need remount
11-30 22:40:40.288  5640  5640 E memtrack: Couldn't load memtrack module (No such file or directory)
11-30 22:40:40.288  5640  5640 E android.os.Debug: failed to load memtrack module: -2
11-30 22:40:40.289  5640  5640 I Radio-JNI: register_android_hardware_Radio DONE
11-30 22:40:40.309  5640  5640 D AndroidRuntime: Calling main entry com.android.commands.am.Am
11-30 22:40:40.317  5640  5640 D AndroidRuntime: Shutting down VM
11-30 22:40:40.356  2711  2711 E inputservice: isForceShowInput step116
11-30 22:40:40.356  2711  2711 E inputservice: isForceShowInput step2com.netease.eve.en
11-30 22:40:40.356  2711  2711 E inputservice: isForceShowInput step2com.gm99.ylcs
11-30 22:40:40.356  2711  2711 E inputservice: isForceShowInput step2jp.ghost.romance
11-30 22:40:40.356  2711  2711 E inputservice: isForceShowInput step2com.gameone.meow
11-30 22:40:40.356  2711  2711 E inputservice: isForceShowInput step2com.ykhw.sgsmjz
11-30 22:40:40.356  2711  2711 E inputservice: isForceShowInput step2com.kudou.fengshen
11-30 22:40:40.356  2711  2711 E inputservice: isForceShowInput step2com.ss.android.auto
11-30 22:40:40.356  2711  2711 E inputservice: isForceShowInput step2com.wb.goog.mkx
11-30 22:40:40.356  2711  2711 E inputservice: isForceShowInput step2com.ulugame.arkajp.google
11-30 22:40:40.356  2711  2711 E inputservice: isForceShowInput step2com.xlegend.dragonsoul.jp
11-30 22:40:40.356  2711  2711 E inputservice: isForceShowInput step2vn.efun.jx1
11-30 22:40:40.356  2711  2711 E inputservice: isForceShowInput step2com.global.musvn
11-30 22:40:40.356  2711  2711 E inputservice: isForceShowInput step2vn.vltk.htvl
11-30 22:40:40.356  2711  2711 E inputservice: isForceShowInput step2com.maetimes.android.pokekara
11-30 22:40:40.356  2711  2711 E inputservice: isForceShowInput step2com.wemadesvc.icarusm
11-30 22:40:40.356  2711  2711 E inputservice: isForceShowInput step2com.eskyfun.sgsmjzgp
11-30 22:40:40.356  2711  2711 E inputservice: isForceShowInput step2vn.efun.jx1
11-30 22:40:40.356  2711  2711 E inputservice: isForceShowInput step2com.global.musvn
11-30 22:40:40.356  2711  2711 E inputservice: isForceShowInput step2vn.vltk.htvl
11-30 22:40:40.356  2711  2711 E inputservice: isForceShowInput step2com.global.gloryvn
11-30 22:40:40.356  2711  2711 E inputservice: isForceShowInput step2com.xlegend.grandfantasia.jp
11-30 22:40:40.356  2711  2711 E inputservice: isForceShowInput step2com.azuragame.oop
11-30 22:40:40.356  2711  2711 E inputservice: isForceShowInput step2com.xlegend.arthurlegend.tw
11-30 22:40:40.356  2711  2711 E inputservice: isForceShowInput step2com.honorofheir.global
11-30 22:40:40.365  3576  3576 W IInputConnectionWrapper: finishComposingText on inactive InputConnection
11-30 22:40:40.372  2711  2711 V InputMethodService: onEvaluateInputViewShown: config.hardKeyboardHidden = 2
11-30 22:40:40.372  2711  2711 V InputMethodService: onEvaluateInputViewShown: config.hardKeyboardHidden = 2
11-30 22:40:40.452  2127  2239 I ActivityManager: START u0 {act=android.intent.action.MAIN cat=[android.intent.category.LAUNCHER] flg=0x10200000 cmp=com.fanwe.p2p/.InitActivity} from uid 0 on display 0
11-30 22:40:40.661  2195  2195 I vol.Events: writeEvent dismiss_dialog touch_outside
11-30 22:40:40.667  2195  2257 I vol.Events: writeEvent active_stream_changed UNKNOWN_STREAM_-1
11-30 22:40:40.709  2711  2711 E inputservice: isForceShowInput step116
11-30 22:40:40.709  2711  2711 E inputservice: isForceShowInput step2com.netease.eve.en
11-30 22:40:40.709  2711  2711 E inputservice: isForceShowInput step2com.gm99.ylcs
11-30 22:40:40.709  2711  2711 E inputservice: isForceShowInput step2jp.ghost.romance
11-30 22:40:40.709  2711  2711 E inputservice: isForceShowInput step2com.gameone.meow
11-30 22:40:40.709  2711  2711 E inputservice: isForceShowInput step2com.ykhw.sgsmjz
11-30 22:40:40.709  2711  2711 E inputservice: isForceShowInput step2com.kudou.fengshen
11-30 22:40:40.709  2711  2711 E inputservice: isForceShowInput step2com.ss.android.auto
11-30 22:40:40.709  2711  2711 E inputservice: isForceShowInput step2com.wb.goog.mkx
11-30 22:40:40.709  2711  2711 E inputservice: isForceShowInput step2com.ulugame.arkajp.google
11-30 22:40:40.709  2711  2711 E inputservice: isForceShowInput step2com.xlegend.dragonsoul.jp
11-30 22:40:40.709  2711  2711 E inputservice: isForceShowInput step2vn.efun.jx1
11-30 22:40:40.709  2711  2711 E inputservice: isForceShowInput step2com.global.musvn
11-30 22:40:40.709  2711  2711 E inputservice: isForceShowInput step2vn.vltk.htvl
11-30 22:40:40.709  2711  2711 E inputservice: isForceShowInput step2com.maetimes.android.pokekara
11-30 22:40:40.709  2711  2711 E inputservice: isForceShowInput step2com.wemadesvc.icarusm
11-30 22:40:40.709  2711  2711 E inputservice: isForceShowInput step2com.eskyfun.sgsmjzgp
11-30 22:40:40.709  2711  2711 E inputservice: isForceShowInput step2vn.efun.jx1
11-30 22:40:40.709  2711  2711 E inputservice: isForceShowInput step2com.global.musvn
11-30 22:40:40.709  2711  2711 E inputservice: isForceShowInput step2vn.vltk.htvl
11-30 22:40:40.709  2711  2711 E inputservice: isForceShowInput step2com.global.gloryvn
11-30 22:40:40.709  2711  2711 E inputservice: isForceShowInput step2com.xlegend.grandfantasia.jp
11-30 22:40:40.709  2711  2711 E inputservice: isForceShowInput step2com.azuragame.oop
11-30 22:40:40.709  2711  2711 E inputservice: isForceShowInput step2com.xlegend.arthurlegend.tw
11-30 22:40:40.709  2711  2711 E inputservice: isForceShowInput step2com.honorofheir.global
11-30 22:40:40.717  2711  2711 V InputMethodService: onEvaluateInputViewShown: config.hardKeyboardHidden = 2
11-30 22:40:40.718  2711  2711 V InputMethodService: onEvaluateInputViewShown: config.hardKeyboardHidden = 2
11-30 22:40:40.718  2711  2711 V InputMethodService: onEvaluateInputViewShown: config.hardKeyboardHidden = 2
11-30 22:40:40.719  2711  2711 V InputMethodService: onEvaluateInputViewShown: config.hardKeyboardHidden = 2
11-30 22:40:40.992  2127  3649 I ActivityManager: START u0 {act=android.intent.action.MAIN cat=[android.intent.category.LAUNCHER] flg=0x10200000 cmp=com.fanwe.p2p/.InitActivity} from uid 0 on display 0
11-30 22:40:41.100  2127  2147 I art     : Starting a blocking GC Explicit
11-30 22:40:41.139  2127  2147 I art     : Explicit concurrent mark sweep GC freed 15269(955KB) AllocSpace objects, 20(480KB) LOS objects, 33% free, 7MB/10MB, paused 438us total 35.797ms
11-30 22:40:41.199  5650  5650 D AndroidRuntime: >>>>>> START com.android.internal.os.RuntimeInit uid 0 <<<<<<
11-30 22:40:41.205  2711  2711 V InputMethodService: onEvaluateInputViewShown: config.hardKeyboardHidden = 2
11-30 22:40:41.205  2711  2711 V InputMethodService: onEvaluateInputViewShown: config.hardKeyboardHidden = 2
11-30 22:40:41.616  2127  3618 I ActivityManager: START u0 {act=android.intent.action.MAIN cat=[android.intent.category.LAUNCHER] flg=0x10200000 cmp=com.fanwe.p2p/.InitActivity} from uid 0 on display 0
11-30 22:40:41.699  5650  5650 D AndroidRuntime: CheckJNI is OFF
11-30 22:40:41.783  5650  5650 D ICU     : No timezone override file found: /data/misc/zoneinfo/current/icu/icu_tzdata.dat
11-30 22:40:41.795  5650  5650 W art     : Unexpected CPU variant for X86 using defaults: x86
11-30 22:40:41.807  5650  5650 D         : houdini no need remount
11-30 22:40:41.822  2127  2575 I ActivityManager: START u0 {act=android.intent.action.MAIN cat=[android.intent.category.LAUNCHER] flg=0x10200000 cmp=com.fanwe.p2p/.InitActivity} from uid 0 on display 0
11-30 22:40:41.827  5650  5650 E memtrack: Couldn't load memtrack module (No such file or directory)
11-30 22:40:41.827  5650  5650 E android.os.Debug: failed to load memtrack module: -2
11-30 22:40:41.828  5650  5650 I Radio-JNI: register_android_hardware_Radio DONE
11-30 22:40:41.867  5650  5650 D AndroidRuntime: Calling main entry com.android.commands.am.Am
11-30 22:40:41.874  5650  5650 D AndroidRuntime: Shutting down VM
11-30 22:40:42.036  2127  2339 W InputMethodManagerService: Window already focused, ignoring focus gain of: com.android.internal.view.IInputMethodClient$Stub$Proxy@ebdd838 attribute=null, token = android.os.BinderProxy@95c7e5e
11-30 22:40:42.037  2127  2425 W InputManager: Input event injection from pid 5363 failed.
11-30 22:40:42.573  2127  2137 W InputMethodManagerService: Window already focused, ignoring focus gain of: com.android.internal.view.IInputMethodClient$Stub$Proxy@943fe4 attribute=null, token = android.os.BinderProxy@95c7e5e
11-30 22:40:42.811  5661  5661 D AndroidRuntime: >>>>>> START com.android.internal.os.RuntimeInit uid 0 <<<<<<
11-30 22:40:43.096  2127  2138 I ActivityManager: START u0 {act=android.intent.action.MAIN cat=[android.intent.category.LAUNCHER] flg=0x10200000 cmp=com.fanwe.p2p/.InitActivity} from uid 0 on display 0
11-30 22:40:43.308  5661  5661 D AndroidRuntime: CheckJNI is OFF
11-30 22:40:43.378  5661  5661 D ICU     : No timezone override file found: /data/misc/zoneinfo/current/icu/icu_tzdata.dat
11-30 22:40:43.388  5661  5661 W art     : Unexpected CPU variant for X86 using defaults: x86
11-30 22:40:43.393  5661  5661 D         : houdini no need remount
11-30 22:40:43.405  5661  5661 E memtrack: Couldn't load memtrack module (No such file or directory)
11-30 22:40:43.405  5661  5661 E android.os.Debug: failed to load memtrack module: -2
11-30 22:40:43.406  5661  5661 I Radio-JNI: register_android_hardware_Radio DONE
11-30 22:40:43.424  5661  5661 D AndroidRuntime: Calling main entry com.android.commands.am.Am
11-30 22:40:43.426  5661  5661 D AndroidRuntime: Shutting down VM
11-30 22:40:43.429  5661  5669 W art     : Thread attaching while runtime is shutting down: Binder:5661_2
11-30 22:40:43.429  5661  5669 I AndroidRuntime: NOTE: attach of thread 'Binder:5661_2' failed
11-30 22:40:44.152  2127  3648 W InputManager: Input event injection from pid 5363 failed.
11-30 22:40:44.153  2127  2138 W InputMethodManagerService: Window already focused, ignoring focus gain of: com.android.internal.view.IInputMethodClient$Stub$Proxy@87d8e6f attribute=null, token = android.os.BinderProxy@95c7e5e
11-30 22:40:44.278  3576  3576 W IInputConnectionWrapper: finishComposingText on inactive InputConnection
11-30 22:40:44.278  2711  2711 E inputservice: isForceShowInput step116
11-30 22:40:44.278  2711  2711 E inputservice: isForceShowInput step2com.netease.eve.en
11-30 22:40:44.278  2711  2711 E inputservice: isForceShowInput step2com.gm99.ylcs
11-30 22:40:44.278  2711  2711 E inputservice: isForceShowInput step2jp.ghost.romance
11-30 22:40:44.278  2711  2711 E inputservice: isForceShowInput step2com.gameone.meow
11-30 22:40:44.278  2711  2711 E inputservice: isForceShowInput step2com.ykhw.sgsmjz
11-30 22:40:44.278  2711  2711 E inputservice: isForceShowInput step2com.kudou.fengshen
11-30 22:40:44.278  2711  2711 E inputservice: isForceShowInput step2com.ss.android.auto
11-30 22:40:44.278  2711  2711 E inputservice: isForceShowInput step2com.wb.goog.mkx
11-30 22:40:44.278  2711  2711 E inputservice: isForceShowInput step2com.ulugame.arkajp.google
11-30 22:40:44.278  2711  2711 E inputservice: isForceShowInput step2com.xlegend.dragonsoul.jp
11-30 22:40:44.278  2711  2711 E inputservice: isForceShowInput step2vn.efun.jx1
11-30 22:40:44.278  2711  2711 E inputservice: isForceShowInput step2com.global.musvn
11-30 22:40:44.278  2711  2711 E inputservice: isForceShowInput step2vn.vltk.htvl
11-30 22:40:44.278  2711  2711 E inputservice: isForceShowInput step2com.maetimes.android.pokekara
11-30 22:40:44.278  2711  2711 E inputservice: isForceShowInput step2com.wemadesvc.icarusm
11-30 22:40:44.278  2711  2711 E inputservice: isForceShowInput step2com.eskyfun.sgsmjzgp
11-30 22:40:44.278  2711  2711 E inputservice: isForceShowInput step2vn.efun.jx1
11-30 22:40:44.278  2711  2711 E inputservice: isForceShowInput step2com.global.musvn
11-30 22:40:44.278  2711  2711 E inputservice: isForceShowInput step2vn.vltk.htvl
11-30 22:40:44.278  2711  2711 E inputservice: isForceShowInput step2com.global.gloryvn
11-30 22:40:44.278  2711  2711 E inputservice: isForceShowInput step2com.xlegend.grandfantasia.jp
11-30 22:40:44.278  2711  2711 E inputservice: isForceShowInput step2com.azuragame.oop
11-30 22:40:44.278  2711  2711 E inputservice: isForceShowInput step2com.xlegend.arthurlegend.tw
11-30 22:40:44.278  2711  2711 E inputservice: isForceShowInput step2com.honorofheir.global
11-30 22:40:44.279  2711  2711 V InputMethodService: onEvaluateInputViewShown: config.hardKeyboardHidden = 2
11-30 22:40:44.280  2711  2711 V InputMethodService: onEvaluateInputViewShown: config.hardKeyboardHidden = 2
11-30 22:40:44.280  2711  2711 V InputMethodService: onEvaluateInputViewShown: config.hardKeyboardHidden = 2
11-30 22:40:44.281  2711  2711 V InputMethodService: onEvaluateInputViewShown: config.hardKeyboardHidden = 2
11-30 22:40:44.601  5672  5672 D AndroidRuntime: >>>>>> START com.android.internal.os.RuntimeInit uid 0 <<<<<<
11-30 22:40:44.802  2711  2711 V InputMethodService: onEvaluateInputViewShown: config.hardKeyboardHidden = 2
11-30 22:40:44.802  2711  2711 V InputMethodService: onEvaluateInputViewShown: config.hardKeyboardHidden = 2
11-30 22:40:45.133  2127  2425 W InputMethodManagerService: Window already focused, ignoring focus gain of: com.android.internal.view.IInputMethodClient$Stub$Proxy@a20a0b2 attribute=null, token = android.os.BinderProxy@95c7e5e
11-30 22:40:45.228  2127  2339 I ActivityManager: START u0 {act=android.intent.action.MAIN cat=[android.intent.category.LAUNCHER] flg=0x10200000 cmp=com.fanwe.p2p/.InitActivity} from uid 0 on display 0
11-30 22:40:45.363  5672  5672 D AndroidRuntime: CheckJNI is OFF
11-30 22:40:45.441  5672  5672 D ICU     : No timezone override file found: /data/misc/zoneinfo/current/icu/icu_tzdata.dat
11-30 22:40:45.453  5672  5672 W art     : Unexpected CPU variant for X86 using defaults: x86
11-30 22:40:45.457  5672  5672 D         : houdini no need remount
11-30 22:40:45.472  5672  5672 E memtrack: Couldn't load memtrack module (No such file or directory)
11-30 22:40:45.472  5672  5672 E android.os.Debug: failed to load memtrack module: -2
11-30 22:40:45.473  5672  5672 I Radio-JNI: register_android_hardware_Radio DONE
11-30 22:40:45.486  5672  5672 D AndroidRuntime: Calling main entry com.android.commands.am.Am
11-30 22:40:45.489  5672  5672 D AndroidRuntime: Shutting down VM
11-30 22:40:45.904  2127  3618 I ActivityManager: START u0 {act=android.intent.action.MAIN cat=[android.intent.category.LAUNCHER] flg=0x10200000 cmp=com.fanwe.p2p/.InitActivity} from uid 0 on display 0
11-30 22:40:46.015  2127  3621 W InputMethodManagerService: Window already focused, ignoring focus gain of: com.android.internal.view.IInputMethodClient$Stub$Proxy@8c9d298 attribute=null, token = android.os.BinderProxy@95c7e5e
11-30 22:40:46.127  1833  1833 E EGL_emulation: tid 1833: eglCreateSyncKHR(1596): error 0x3004 (EGL_BAD_ATTRIBUTE)
11-30 22:40:46.130  1833  1833 D SurfaceFlinger: setOrientation, mFbdev=0xd6fd1600, mFbDev->setOrientation=0xd762ed30, orientation=1
11-30 22:40:46.130  1833  1833 I gralloc_nox: setOrientation: orientation=1
11-30 22:40:46.155  2127  2165 I InputReader: Reconfiguring input devices.  changes=0x00000004
11-30 22:40:46.155  2127  2165 I InputReader: Device reconfigured: id=2, name='Android_Input', size 1280x720, orientation 1, mode 1, display id 0
11-30 22:40:46.161  2127  2147 I WindowManager: Screen frozen for +42ms due to Window{d10030c u0 Starting com.lianjia.beike}
11-30 22:40:46.240  2127  3618 I ActivityManager: START u0 {act=android.intent.action.MAIN cat=[android.intent.category.LAUNCHER] flg=0x10200000 cmp=com.fanwe.p2p/.InitActivity} from uid 0 on display 0
11-30 22:40:46.411  1833  1833 E EGL_emulation: tid 1833: eglCreateSyncKHR(1596): error 0x3004 (EGL_BAD_ATTRIBUTE)
11-30 22:40:46.430  1833  1833 D SurfaceFlinger: setOrientation, mFbdev=0xd6fd1600, mFbDev->setOrientation=0xd762ed30, orientation=3
11-30 22:40:46.430  1833  1833 I gralloc_nox: setOrientation: orientation=3
11-30 22:40:46.434  2127  2165 I InputReader: Reconfiguring input devices.  changes=0x00000004
11-30 22:40:46.434  2127  2165 I InputReader: Device reconfigured: id=2, name='Android_Input', size 1280x720, orientation 3, mode 1, display id 0
11-30 22:40:46.435  2127  2165 I InputReader: Reconfiguring input devices.  changes=0x00000004
11-30 22:40:46.465  2127  2147 I WindowManager: Screen frozen for +80ms due to Window{d10030c u0 Starting com.lianjia.beike}
11-30 22:40:46.574  2127  2575 I ActivityManager: START u0 {act=android.intent.action.MAIN cat=[android.intent.category.LAUNCHER] flg=0x10200000 cmp=com.fanwe.p2p/.InitActivity} from uid 0 on display 0
11-30 22:40:46.656  5683  5683 D AndroidRuntime: >>>>>> START com.android.internal.os.RuntimeInit uid 0 <<<<<<
11-30 22:40:46.688  2127  2339 I ActivityManager: START u0 {act=android.intent.action.MAIN cat=[android.intent.category.LAUNCHER] flg=0x10200000 cmp=com.fanwe.p2p/.InitActivity} from uid 0 on display 0
11-30 22:40:46.897  2127  3648 I ActivityManager: START u0 {act=android.intent.action.MAIN cat=[android.intent.category.LAUNCHER] flg=0x10200000 cmp=com.fanwe.p2p/.InitActivity} from uid 0 on display 0
11-30 22:40:47.018  3576  3576 W IInputConnectionWrapper: finishComposingText on inactive InputConnection
11-30 22:40:47.019  2711  2711 E inputservice: isForceShowInput step116
11-30 22:40:47.019  2711  2711 E inputservice: isForceShowInput step2com.netease.eve.en
11-30 22:40:47.019  2711  2711 E inputservice: isForceShowInput step2com.gm99.ylcs
11-30 22:40:47.019  2711  2711 E inputservice: isForceShowInput step2jp.ghost.romance
11-30 22:40:47.019  2711  2711 E inputservice: isForceShowInput step2com.gameone.meow
11-30 22:40:47.019  2711  2711 E inputservice: isForceShowInput step2com.ykhw.sgsmjz
11-30 22:40:47.019  2711  2711 E inputservice: isForceShowInput step2com.kudou.fengshen
11-30 22:40:47.019  2711  2711 E inputservice: isForceShowInput step2com.ss.android.auto
11-30 22:40:47.019  2711  2711 E inputservice: isForceShowInput step2com.wb.goog.mkx
11-30 22:40:47.019  2711  2711 E inputservice: isForceShowInput step2com.ulugame.arkajp.google
11-30 22:40:47.019  2711  2711 E inputservice: isForceShowInput step2com.xlegend.dragonsoul.jp
11-30 22:40:47.019  2711  2711 E inputservice: isForceShowInput step2vn.efun.jx1
11-30 22:40:47.019  2711  2711 E inputservice: isForceShowInput step2com.global.musvn
11-30 22:40:47.019  2711  2711 E inputservice: isForceShowInput step2vn.vltk.htvl
11-30 22:40:47.019  2711  2711 E inputservice: isForceShowInput step2com.maetimes.android.pokekara
11-30 22:40:47.019  2711  2711 E inputservice: isForceShowInput step2com.wemadesvc.icarusm
11-30 22:40:47.019  2711  2711 E inputservice: isForceShowInput step2com.eskyfun.sgsmjzgp
11-30 22:40:47.019  2711  2711 E inputservice: isForceShowInput step2vn.efun.jx1
11-30 22:40:47.019  2711  2711 E inputservice: isForceShowInput step2com.global.musvn
11-30 22:40:47.019  2711  2711 E inputservice: isForceShowInput step2vn.vltk.htvl
11-30 22:40:47.019  2711  2711 E inputservice: isForceShowInput step2com.global.gloryvn
11-30 22:40:47.019  2711  2711 E inputservice: isForceShowInput step2com.xlegend.grandfantasia.jp
11-30 22:40:47.019  2711  2711 E inputservice: isForceShowInput step2com.azuragame.oop
11-30 22:40:47.019  2711  2711 E inputservice: isForceShowInput step2com.xlegend.arthurlegend.tw
11-30 22:40:47.019  2711  2711 E inputservice: isForceShowInput step2com.honorofheir.global
11-30 22:40:47.020  2711  2711 V InputMethodService: onEvaluateInputViewShown: config.hardKeyboardHidden = 2
11-30 22:40:47.022  2711  2711 V InputMethodService: onEvaluateInputViewShown: config.hardKeyboardHidden = 2
11-30 22:40:47.023  2711  2711 V InputMethodService: onEvaluateInputViewShown: config.hardKeyboardHidden = 2
11-30 22:40:47.023  2711  2711 V InputMethodService: onEvaluateInputViewShown: config.hardKeyboardHidden = 2
11-30 22:40:47.104  2127  3649 I ActivityManager: START u0 {act=android.intent.action.MAIN cat=[android.intent.category.LAUNCHER] flg=0x10200000 cmp=com.fanwe.p2p/.InitActivity} from uid 0 on display 0
11-30 22:40:47.236  5683  5683 D AndroidRuntime: CheckJNI is OFF
11-30 22:40:47.300  5683  5683 D ICU     : No timezone override file found: /data/misc/zoneinfo/current/icu/icu_tzdata.dat
11-30 22:40:47.312  5683  5683 W art     : Unexpected CPU variant for X86 using defaults: x86
11-30 22:40:47.317  5683  5683 D         : houdini no need remount
