11-30 22:40:58.562  2711  2711 E inputservice: isForceShowInput step2com.eskyfun.sgsmjzgp
11-30 22:40:58.562  2711  2711 E inputservice: isForceShowInput step2vn.efun.jx1
11-30 22:40:58.562  2711  2711 E inputservice: isForceShowInput step2com.global.musvn
11-30 22:40:58.562  2711  2711 E inputservice: isForceShowInput step2vn.vltk.htvl
11-30 22:40:58.564  2711  2711 E inputservice: isForceShowInput step2com.global.gloryvn
11-30 22:40:58.564  2711  2711 E inputservice: isForceShowInput step2com.xlegend.grandfantasia.jp
11-30 22:40:58.564  2711  2711 E inputservice: isForceShowInput step2com.azuragame.oop
11-30 22:40:58.564  2711  2711 E inputservice: isForceShowInput step2com.xlegend.arthurlegend.tw
11-30 22:40:58.564  2711  2711 E inputservice: isForceShowInput step2com.honorofheir.global
11-30 22:40:58.572  2711  2711 V InputMethodService: onEvaluateInputViewShown: config.hardKeyboardHidden = 2
11-30 22:40:58.573  2711  2711 V InputMethodService: onEvaluateInputViewShown: config.hardKeyboardHidden = 2
11-30 22:40:58.585  2711  2711 V InputMethodService: onEvaluateInputViewShown: config.hardKeyboardHidden = 2
11-30 22:40:58.587  2711  2711 V InputMethodService: onEvaluateInputViewShown: config.hardKeyboardHidden = 2
11-30 22:40:58.600  2127  3649 I ActivityManager: START u0 {act=android.intent.action.MAIN cat=[android.intent.category.LAUNCHER] flg=0x10200000 cmp=com.fanwe.p2p/.InitActivity} from uid 0 on display 0
11-30 22:40:58.700  5764  5764 D ICU     : No timezone override file found: /data/misc/zoneinfo/current/icu/icu_tzdata.dat
11-30 22:40:58.711  5764  5764 W art     : Unexpected CPU variant for X86 using defaults: x86
11-30 22:40:58.718  5764  5764 D         : houdini no need remount
11-30 22:40:58.731  5764  5764 E memtrack: Couldn't load memtrack module (No such file or directory)
11-30 22:40:58.731  5764  5764 E android.os.Debug: failed to load memtrack module: -2
11-30 22:40:58.732  5764  5764 I Radio-JNI: register_android_hardware_Radio DONE
11-30 22:40:58.746  5764  5764 D AndroidRuntime: Calling main entry com.android.commands.am.Am
11-30 22:40:58.750  5764  5764 D AndroidRuntime: Shutting down VM
11-30 22:40:58.928  2127  2138 I ActivityManager: START u0 {act=android.intent.action.MAIN cat=[android.intent.category.LAUNCHER] flg=0x10200000 cmp=com.fanwe.p2p/.InitActivity} from uid 0 on display 0
11-30 22:40:59.157  3576  3576 W IInputConnectionWrapper: finishComposingText on inactive InputConnection
11-30 22:40:59.159  2711  2711 E inputservice: isForceShowInput step116
11-30 22:40:59.159  2711  2711 E inputservice: isForceShowInput step2com.netease.eve.en
11-30 22:40:59.159  2711  2711 E inputservice: isForceShowInput step2com.gm99.ylcs
11-30 22:40:59.159  2711  2711 E inputservice: isForceShowInput step2jp.ghost.romance
11-30 22:40:59.159  2711  2711 E inputservice: isForceShowInput step2com.gameone.meow
11-30 22:40:59.159  2711  2711 E inputservice: isForceShowInput step2com.ykhw.sgsmjz
11-30 22:40:59.159  2711  2711 E inputservice: isForceShowInput step2com.kudou.fengshen
11-30 22:40:59.159  2711  2711 E inputservice: isForceShowInput step2com.ss.android.auto
11-30 22:40:59.159  2711  2711 E inputservice: isForceShowInput step2com.wb.goog.mkx
11-30 22:40:59.159  2711  2711 E inputservice: isForceShowInput step2com.ulugame.arkajp.google
11-30 22:40:59.159  2711  2711 E inputservice: isForceShowInput step2com.xlegend.dragonsoul.jp
11-30 22:40:59.159  2711  2711 E inputservice: isForceShowInput step2vn.efun.jx1
11-30 22:40:59.159  2711  2711 E inputservice: isForceShowInput step2com.global.musvn
11-30 22:40:59.159  2711  2711 E inputservice: isForceShowInput step2vn.vltk.htvl
11-30 22:40:59.159  2711  2711 E inputservice: isForceShowInput step2com.maetimes.android.pokekara
11-30 22:40:59.159  2711  2711 E inputservice: isForceShowInput step2com.wemadesvc.icarusm
11-30 22:40:59.159  2711  2711 E inputservice: isForceShowInput step2com.eskyfun.sgsmjzgp
11-30 22:40:59.159  2711  2711 E inputservice: isForceShowInput step2vn.efun.jx1
11-30 22:40:59.159  2711  2711 E inputservice: isForceShowInput step2com.global.musvn
11-30 22:40:59.159  2711  2711 E inputservice: isForceShowInput step2vn.vltk.htvl
11-30 22:40:59.159  2711  2711 E inputservice: isForceShowInput step2com.global.gloryvn
11-30 22:40:59.159  2711  2711 E inputservice: isForceShowInput step2com.xlegend.grandfantasia.jp
11-30 22:40:59.159  2711  2711 E inputservice: isForceShowInput step2com.azuragame.oop
11-30 22:40:59.159  2711  2711 E inputservice: isForceShowInput step2com.xlegend.arthurlegend.tw
11-30 22:40:59.159  2711  2711 E inputservice: isForceShowInput step2com.honorofheir.global
11-30 22:40:59.161  2711  2711 V InputMethodService: onEvaluateInputViewShown: config.hardKeyboardHidden = 2
11-30 22:40:59.161  2711  2711 V InputMethodService: onEvaluateInputViewShown: config.hardKeyboardHidden = 2
11-30 22:40:59.161  2711  2711 V InputMethodService: onEvaluateInputViewShown: config.hardKeyboardHidden = 2
11-30 22:40:59.167  2711  2711 V InputMethodService: onEvaluateInputViewShown: config.hardKeyboardHidden = 2
11-30 22:40:59.392  3576  3576 W IInputConnectionWrapper: finishComposingText on inactive InputConnection
11-30 22:40:59.393  2711  2711 V InputMethodService: onEvaluateInputViewShown: config.hardKeyboardHidden = 2
11-30 22:40:59.393  2711  2711 V InputMethodService: onEvaluateInputViewShown: config.hardKeyboardHidden = 2
11-30 22:40:59.393  2711  2711 E inputservice: isForceShowInput step116
11-30 22:40:59.393  2711  2711 E inputservice: isForceShowInput step2com.netease.eve.en
11-30 22:40:59.393  2711  2711 E inputservice: isForceShowInput step2com.gm99.ylcs
11-30 22:40:59.393  2711  2711 E inputservice: isForceShowInput step2jp.ghost.romance
11-30 22:40:59.393  2711  2711 E inputservice: isForceShowInput step2com.gameone.meow
11-30 22:40:59.393  2711  2711 E inputservice: isForceShowInput step2com.ykhw.sgsmjz
11-30 22:40:59.393  2711  2711 E inputservice: isForceShowInput step2com.kudou.fengshen
11-30 22:40:59.393  2711  2711 E inputservice: isForceShowInput step2com.ss.android.auto
11-30 22:40:59.393  2711  2711 E inputservice: isForceShowInput step2com.wb.goog.mkx
11-30 22:40:59.393  2711  2711 E inputservice: isForceShowInput step2com.ulugame.arkajp.google
11-30 22:40:59.393  2711  2711 E inputservice: isForceShowInput step2com.xlegend.dragonsoul.jp
11-30 22:40:59.395  2711  2711 E inputservice: isForceShowInput step2vn.efun.jx1
11-30 22:40:59.395  2711  2711 E inputservice: isForceShowInput step2com.global.musvn
11-30 22:40:59.395  2711  2711 E inputservice: isForceShowInput step2vn.vltk.htvl
11-30 22:40:59.395  2711  2711 E inputservice: isForceShowInput step2com.maetimes.android.pokekara
11-30 22:40:59.395  2711  2711 E inputservice: isForceShowInput step2com.wemadesvc.icarusm
11-30 22:40:59.395  2711  2711 E inputservice: isForceShowInput step2com.eskyfun.sgsmjzgp
11-30 22:40:59.395  2711  2711 E inputservice: isForceShowInput step2vn.efun.jx1
11-30 22:40:59.395  2711  2711 E inputservice: isForceShowInput step2com.global.musvn
11-30 22:40:59.395  2711  2711 E inputservice: isForceShowInput step2vn.vltk.htvl
11-30 22:40:59.395  2711  2711 E inputservice: isForceShowInput step2com.global.gloryvn
11-30 22:40:59.395  2711  2711 E inputservice: isForceShowInput step2com.xlegend.grandfantasia.jp
11-30 22:40:59.395  2711  2711 E inputservice: isForceShowInput step2com.azuragame.oop
11-30 22:40:59.395  2711  2711 E inputservice: isForceShowInput step2com.xlegend.arthurlegend.tw
11-30 22:40:59.395  2711  2711 E inputservice: isForceShowInput step2com.honorofheir.global
11-30 22:40:59.662  5775  5775 D AndroidRuntime: >>>>>> START com.android.internal.os.RuntimeInit uid 0 <<<<<<
11-30 22:40:59.787  2711  2711 E inputservice: isForceShowInput step116
11-30 22:40:59.787  2711  2711 E inputservice: isForceShowInput step2com.netease.eve.en
11-30 22:40:59.787  2711  2711 E inputservice: isForceShowInput step2com.gm99.ylcs
11-30 22:40:59.787  2711  2711 E inputservice: isForceShowInput step2jp.ghost.romance
11-30 22:40:59.787  2711  2711 E inputservice: isForceShowInput step2com.gameone.meow
11-30 22:40:59.787  2711  2711 E inputservice: isForceShowInput step2com.ykhw.sgsmjz
11-30 22:40:59.787  2711  2711 E inputservice: isForceShowInput step2com.kudou.fengshen
11-30 22:40:59.787  2711  2711 E inputservice: isForceShowInput step2com.ss.android.auto
11-30 22:40:59.788  2711  2711 E inputservice: isForceShowInput step2com.wb.goog.mkx
11-30 22:40:59.788  2711  2711 E inputservice: isForceShowInput step2com.ulugame.arkajp.google
11-30 22:40:59.788  2711  2711 E inputservice: isForceShowInput step2com.xlegend.dragonsoul.jp
11-30 22:40:59.788  2711  2711 E inputservice: isForceShowInput step2vn.efun.jx1
11-30 22:40:59.788  2711  2711 E inputservice: isForceShowInput step2com.global.musvn
11-30 22:40:59.788  2711  2711 E inputservice: isForceShowInput step2vn.vltk.htvl
11-30 22:40:59.788  2711  2711 E inputservice: isForceShowInput step2com.maetimes.android.pokekara
11-30 22:40:59.788  2711  2711 E inputservice: isForceShowInput step2com.wemadesvc.icarusm
11-30 22:40:59.788  2711  2711 E inputservice: isForceShowInput step2com.eskyfun.sgsmjzgp
11-30 22:40:59.788  2711  2711 E inputservice: isForceShowInput step2vn.efun.jx1
11-30 22:40:59.788  2711  2711 E inputservice: isForceShowInput step2com.global.musvn
11-30 22:40:59.788  2711  2711 E inputservice: isForceShowInput step2vn.vltk.htvl
11-30 22:40:59.788  2711  2711 E inputservice: isForceShowInput step2com.global.gloryvn
11-30 22:40:59.788  2711  2711 E inputservice: isForceShowInput step2com.xlegend.grandfantasia.jp
11-30 22:40:59.788  2711  2711 E inputservice: isForceShowInput step2com.azuragame.oop
11-30 22:40:59.788  2711  2711 E inputservice: isForceShowInput step2com.xlegend.arthurlegend.tw
11-30 22:40:59.788  2711  2711 E inputservice: isForceShowInput step2com.honorofheir.global
11-30 22:40:59.788  2711  2711 V InputMethodService: onEvaluateInputViewShown: config.hardKeyboardHidden = 2
11-30 22:40:59.789  2711  2711 V InputMethodService: onEvaluateInputViewShown: config.hardKeyboardHidden = 2
11-30 22:40:59.789  2711  2711 V InputMethodService: onEvaluateInputViewShown: config.hardKeyboardHidden = 2
11-30 22:40:59.789  2711  2711 V InputMethodService: onEvaluateInputViewShown: config.hardKeyboardHidden = 2
11-30 22:40:59.811  3576  3576 W IInputConnectionWrapper: finishComposingText on inactive InputConnection
11-30 22:40:59.884  2127  2137 I ActivityManager: START u0 {act=android.intent.action.MAIN cat=[android.intent.category.LAUNCHER] flg=0x10200000 cmp=com.fanwe.p2p/.InitActivity} from uid 0 on display 0
11-30 22:41:00.120  2127  2339 W InputMethodManagerService: Window already focused, ignoring focus gain of: com.android.internal.view.IInputMethodClient$Stub$Proxy@10d0069 attribute=null, token = android.os.BinderProxy@95c7e5e
11-30 22:41:00.219  2711  2711 E inputservice: isForceShowInput step116
11-30 22:41:00.219  2711  2711 E inputservice: isForceShowInput step2com.netease.eve.en
11-30 22:41:00.219  2711  2711 E inputservice: isForceShowInput step2com.gm99.ylcs
11-30 22:41:00.219  2711  2711 E inputservice: isForceShowInput step2jp.ghost.romance
11-30 22:41:00.219  2711  2711 E inputservice: isForceShowInput step2com.gameone.meow
11-30 22:41:00.219  2711  2711 E inputservice: isForceShowInput step2com.ykhw.sgsmjz
11-30 22:41:00.219  2711  2711 E inputservice: isForceShowInput step2com.kudou.fengshen
11-30 22:41:00.219  2711  2711 E inputservice: isForceShowInput step2com.ss.android.auto
11-30 22:41:00.219  2711  2711 E inputservice: isForceShowInput step2com.wb.goog.mkx
11-30 22:41:00.219  2711  2711 E inputservice: isForceShowInput step2com.ulugame.arkajp.google
11-30 22:41:00.219  2711  2711 E inputservice: isForceShowInput step2com.xlegend.dragonsoul.jp
11-30 22:41:00.219  2711  2711 E inputservice: isForceShowInput step2vn.efun.jx1
11-30 22:41:00.219  2711  2711 E inputservice: isForceShowInput step2com.global.musvn
11-30 22:41:00.219  2711  2711 E inputservice: isForceShowInput step2vn.vltk.htvl
11-30 22:41:00.219  2711  2711 E inputservice: isForceShowInput step2com.maetimes.android.pokekara
11-30 22:41:00.219  2711  2711 E inputservice: isForceShowInput step2com.wemadesvc.icarusm
11-30 22:41:00.219  2711  2711 E inputservice: isForceShowInput step2com.eskyfun.sgsmjzgp
11-30 22:41:00.219  2711  2711 E inputservice: isForceShowInput step2vn.efun.jx1
11-30 22:41:00.219  2711  2711 E inputservice: isForceShowInput step2com.global.musvn
11-30 22:41:00.219  2711  2711 E inputservice: isForceShowInput step2vn.vltk.htvl
11-30 22:41:00.219  2711  2711 E inputservice: isForceShowInput step2com.global.gloryvn
11-30 22:41:00.219  2711  2711 E inputservice: isForceShowInput step2com.xlegend.grandfantasia.jp
11-30 22:41:00.219  2711  2711 E inputservice: isForceShowInput step2com.azuragame.oop
11-30 22:41:00.219  2711  2711 E inputservice: isForceShowInput step2com.xlegend.arthurlegend.tw
11-30 22:41:00.219  2711  2711 E inputservice: isForceShowInput step2com.honorofheir.global
11-30 22:41:00.222  3576  3576 W IInputConnectionWrapper: finishComposingText on inactive InputConnection
11-30 22:41:00.222  2711  2711 V InputMethodService: onEvaluateInputViewShown: config.hardKeyboardHidden = 2
11-30 22:41:00.222  2711  2711 V InputMethodService: onEvaluateInputViewShown: config.hardKeyboardHidden = 2
11-30 22:41:00.302  5775  5775 D AndroidRuntime: CheckJNI is OFF
11-30 22:41:00.379  5775  5775 D ICU     : No timezone override file found: /data/misc/zoneinfo/current/icu/icu_tzdata.dat
11-30 22:41:00.389  5775  5775 W art     : Unexpected CPU variant for X86 using defaults: x86
11-30 22:41:00.395  5775  5775 D         : houdini no need remount
11-30 22:41:00.405  5775  5775 E memtrack: Couldn't load memtrack module (No such file or directory)
11-30 22:41:00.405  5775  5775 E android.os.Debug: failed to load memtrack module: -2
11-30 22:41:00.406  5775  5775 I Radio-JNI: register_android_hardware_Radio DONE
11-30 22:41:00.418  5775  5775 D AndroidRuntime: Calling main entry com.android.commands.am.Am
11-30 22:41:00.422  5775  5775 D AndroidRuntime: Shutting down VM
11-30 22:41:01.165  5786  5786 D AndroidRuntime: >>>>>> START com.android.internal.os.RuntimeInit uid 0 <<<<<<
11-30 22:41:01.317  3576  3576 W IInputConnectionWrapper: finishComposingText on inactive InputConnection
11-30 22:41:01.318  2711  2711 E inputservice: isForceShowInput step116
11-30 22:41:01.318  2711  2711 E inputservice: isForceShowInput step2com.netease.eve.en
11-30 22:41:01.318  2711  2711 E inputservice: isForceShowInput step2com.gm99.ylcs
11-30 22:41:01.318  2711  2711 E inputservice: isForceShowInput step2jp.ghost.romance
11-30 22:41:01.318  2711  2711 E inputservice: isForceShowInput step2com.gameone.meow
11-30 22:41:01.318  2711  2711 E inputservice: isForceShowInput step2com.ykhw.sgsmjz
11-30 22:41:01.318  2711  2711 E inputservice: isForceShowInput step2com.kudou.fengshen
11-30 22:41:01.318  2711  2711 E inputservice: isForceShowInput step2com.ss.android.auto
11-30 22:41:01.318  2711  2711 E inputservice: isForceShowInput step2com.wb.goog.mkx
11-30 22:41:01.318  2711  2711 E inputservice: isForceShowInput step2com.ulugame.arkajp.google
11-30 22:41:01.318  2711  2711 E inputservice: isForceShowInput step2com.xlegend.dragonsoul.jp
11-30 22:41:01.318  2711  2711 E inputservice: isForceShowInput step2vn.efun.jx1
11-30 22:41:01.318  2711  2711 E inputservice: isForceShowInput step2com.global.musvn
11-30 22:41:01.318  2711  2711 E inputservice: isForceShowInput step2vn.vltk.htvl
11-30 22:41:01.318  2711  2711 E inputservice: isForceShowInput step2com.maetimes.android.pokekara
11-30 22:41:01.318  2711  2711 E inputservice: isForceShowInput step2com.wemadesvc.icarusm
11-30 22:41:01.318  2711  2711 E inputservice: isForceShowInput step2com.eskyfun.sgsmjzgp
11-30 22:41:01.318  2711  2711 E inputservice: isForceShowInput step2vn.efun.jx1
11-30 22:41:01.318  2711  2711 E inputservice: isForceShowInput step2com.global.musvn
11-30 22:41:01.318  2711  2711 E inputservice: isForceShowInput step2vn.vltk.htvl
11-30 22:41:01.318  2711  2711 E inputservice: isForceShowInput step2com.global.gloryvn
11-30 22:41:01.318  2711  2711 E inputservice: isForceShowInput step2com.xlegend.grandfantasia.jp
11-30 22:41:01.318  2711  2711 E inputservice: isForceShowInput step2com.azuragame.oop
11-30 22:41:01.318  2711  2711 E inputservice: isForceShowInput step2com.xlegend.arthurlegend.tw
11-30 22:41:01.318  2711  2711 E inputservice: isForceShowInput step2com.honorofheir.global
11-30 22:41:01.321  2711  2711 V InputMethodService: onEvaluateInputViewShown: config.hardKeyboardHidden = 2
11-30 22:41:01.323  2711  2711 V InputMethodService: onEvaluateInputViewShown: config.hardKeyboardHidden = 2
11-30 22:41:01.323  2711  2711 V InputMethodService: onEvaluateInputViewShown: config.hardKeyboardHidden = 2
11-30 22:41:01.323  2711  2711 V InputMethodService: onEvaluateInputViewShown: config.hardKeyboardHidden = 2
11-30 22:41:01.423  2711  2711 V InputMethodService: onEvaluateInputViewShown: config.hardKeyboardHidden = 2
11-30 22:41:01.423  2711  2711 V InputMethodService: onEvaluateInputViewShown: config.hardKeyboardHidden = 2
11-30 22:41:01.534  2711  2711 V InputMethodService: onEvaluateInputViewShown: config.hardKeyboardHidden = 2
11-30 22:41:01.534  2711  2711 V InputMethodService: onEvaluateInputViewShown: config.hardKeyboardHidden = 2
11-30 22:41:01.700  5786  5786 D AndroidRuntime: CheckJNI is OFF
11-30 22:41:01.741  2127  3649 I ActivityManager: START u0 {act=android.intent.action.MAIN cat=[android.intent.category.LAUNCHER] flg=0x10200000 cmp=com.fanwe.p2p/.InitActivity} from uid 0 on display 0
11-30 22:41:01.768  5786  5786 D ICU     : No timezone override file found: /data/misc/zoneinfo/current/icu/icu_tzdata.dat
11-30 22:41:01.782  5786  5786 W art     : Unexpected CPU variant for X86 using defaults: x86
11-30 22:41:01.788  5786  5786 D         : houdini no need remount
11-30 22:41:01.800  5786  5786 E memtrack: Couldn't load memtrack module (No such file or directory)
11-30 22:41:01.800  5786  5786 E android.os.Debug: failed to load memtrack module: -2
11-30 22:41:01.800  5786  5786 I Radio-JNI: register_android_hardware_Radio DONE
11-30 22:41:01.812  5786  5786 D AndroidRuntime: Calling main entry com.android.commands.am.Am
11-30 22:41:01.820  5786  5786 D AndroidRuntime: Shutting down VM
11-30 22:41:02.217  3576  3576 W IInputConnectionWrapper: finishComposingText on inactive InputConnection
11-30 22:41:02.218  2711  2711 E inputservice: isForceShowInput step116
11-30 22:41:02.218  2711  2711 E inputservice: isForceShowInput step2com.netease.eve.en
11-30 22:41:02.218  2711  2711 E inputservice: isForceShowInput step2com.gm99.ylcs
11-30 22:41:02.218  2711  2711 E inputservice: isForceShowInput step2jp.ghost.romance
11-30 22:41:02.218  2711  2711 E inputservice: isForceShowInput step2com.gameone.meow
11-30 22:41:02.218  2711  2711 E inputservice: isForceShowInput step2com.ykhw.sgsmjz
11-30 22:41:02.218  2711  2711 E inputservice: isForceShowInput step2com.kudou.fengshen
11-30 22:41:02.218  2711  2711 E inputservice: isForceShowInput step2com.ss.android.auto
11-30 22:41:02.218  2711  2711 E inputservice: isForceShowInput step2com.wb.goog.mkx
11-30 22:41:02.218  2711  2711 E inputservice: isForceShowInput step2com.ulugame.arkajp.google
11-30 22:41:02.218  2711  2711 E inputservice: isForceShowInput step2com.xlegend.dragonsoul.jp
11-30 22:41:02.218  2711  2711 E inputservice: isForceShowInput step2vn.efun.jx1
11-30 22:41:02.218  2711  2711 E inputservice: isForceShowInput step2com.global.musvn
11-30 22:41:02.218  2711  2711 E inputservice: isForceShowInput step2vn.vltk.htvl
11-30 22:41:02.218  2711  2711 E inputservice: isForceShowInput step2com.maetimes.android.pokekara
11-30 22:41:02.218  2711  2711 E inputservice: isForceShowInput step2com.wemadesvc.icarusm
11-30 22:41:02.218  2711  2711 E inputservice: isForceShowInput step2com.eskyfun.sgsmjzgp
11-30 22:41:02.218  2711  2711 E inputservice: isForceShowInput step2vn.efun.jx1
11-30 22:41:02.218  2711  2711 E inputservice: isForceShowInput step2com.global.musvn
11-30 22:41:02.218  2711  2711 E inputservice: isForceShowInput step2vn.vltk.htvl
11-30 22:41:02.218  2711  2711 E inputservice: isForceShowInput step2com.global.gloryvn
11-30 22:41:02.218  2711  2711 E inputservice: isForceShowInput step2com.xlegend.grandfantasia.jp
11-30 22:41:02.218  2711  2711 E inputservice: isForceShowInput step2com.azuragame.oop
11-30 22:41:02.218  2711  2711 E inputservice: isForceShowInput step2com.xlegend.arthurlegend.tw
11-30 22:41:02.218  2711  2711 E inputservice: isForceShowInput step2com.honorofheir.global
11-30 22:41:02.221  2711  2711 V InputMethodService: onEvaluateInputViewShown: config.hardKeyboardHidden = 2
11-30 22:41:02.222  2711  2711 V InputMethodService: onEvaluateInputViewShown: config.hardKeyboardHidden = 2
11-30 22:41:02.222  2711  2711 V InputMethodService: onEvaluateInputViewShown: config.hardKeyboardHidden = 2
11-30 22:41:02.223  2711  2711 V InputMethodService: onEvaluateInputViewShown: config.hardKeyboardHidden = 2
11-30 22:41:02.545  3576  3576 W IInputConnectionWrapper: finishComposingText on inactive InputConnection
11-30 22:41:02.545  2711  2711 E inputservice: isForceShowInput step116
11-30 22:41:02.545  2711  2711 E inputservice: isForceShowInput step2com.netease.eve.en
11-30 22:41:02.545  2711  2711 E inputservice: isForceShowInput step2com.gm99.ylcs
11-30 22:41:02.545  2711  2711 E inputservice: isForceShowInput step2jp.ghost.romance
11-30 22:41:02.545  2711  2711 E inputservice: isForceShowInput step2com.gameone.meow
11-30 22:41:02.545  2711  2711 E inputservice: isForceShowInput step2com.ykhw.sgsmjz
11-30 22:41:02.545  2711  2711 E inputservice: isForceShowInput step2com.kudou.fengshen
11-30 22:41:02.545  2711  2711 E inputservice: isForceShowInput step2com.ss.android.auto
11-30 22:41:02.545  2711  2711 E inputservice: isForceShowInput step2com.wb.goog.mkx
11-30 22:41:02.545  2711  2711 E inputservice: isForceShowInput step2com.ulugame.arkajp.google
11-30 22:41:02.545  2711  2711 E inputservice: isForceShowInput step2com.xlegend.dragonsoul.jp
11-30 22:41:02.545  2711  2711 E inputservice: isForceShowInput step2vn.efun.jx1
11-30 22:41:02.545  2711  2711 E inputservice: isForceShowInput step2com.global.musvn
11-30 22:41:02.545  2711  2711 E inputservice: isForceShowInput step2vn.vltk.htvl
11-30 22:41:02.545  2711  2711 E inputservice: isForceShowInput step2com.maetimes.android.pokekara
11-30 22:41:02.545  2711  2711 E inputservice: isForceShowInput step2com.wemadesvc.icarusm
11-30 22:41:02.545  2711  2711 E inputservice: isForceShowInput step2com.eskyfun.sgsmjzgp
11-30 22:41:02.545  2711  2711 E inputservice: isForceShowInput step2vn.efun.jx1
11-30 22:41:02.545  2711  2711 E inputservice: isForceShowInput step2com.global.musvn
11-30 22:41:02.545  2711  2711 E inputservice: isForceShowInput step2vn.vltk.htvl
11-30 22:41:02.545  2711  2711 E inputservice: isForceShowInput step2com.global.gloryvn
11-30 22:41:02.545  2711  2711 E inputservice: isForceShowInput step2com.xlegend.grandfantasia.jp
11-30 22:41:02.545  2711  2711 E inputservice: isForceShowInput step2com.azuragame.oop
11-30 22:41:02.545  2711  2711 E inputservice: isForceShowInput step2com.xlegend.arthurlegend.tw
11-30 22:41:02.545  2711  2711 E inputservice: isForceShowInput step2com.honorofheir.global
11-30 22:41:02.549  2711  2711 V InputMethodService: onEvaluateInputViewShown: config.hardKeyboardHidden = 2
11-30 22:41:02.549  2711  2711 V InputMethodService: onEvaluateInputViewShown: config.hardKeyboardHidden = 2
11-30 22:41:02.570  2711  2711 V InputMethodService: onEvaluateInputViewShown: config.hardKeyboardHidden = 2
11-30 22:41:02.570  2711  2711 V InputMethodService: onEvaluateInputViewShown: config.hardKeyboardHidden = 2
11-30 22:41:02.626  2127  2693 I ActivityManager: START u0 {act=android.intent.action.MAIN cat=[android.intent.category.LAUNCHER] flg=0x10200000 cmp=com.fanwe.p2p/.InitActivity} from uid 0 on display 0
11-30 22:41:02.716  5797  5797 D AndroidRuntime: >>>>>> START com.android.internal.os.RuntimeInit uid 0 <<<<<<
11-30 22:41:03.050  2711  2711 V InputMethodService: onEvaluateInputViewShown: config.hardKeyboardHidden = 2
11-30 22:41:03.050  2711  2711 V InputMethodService: onEvaluateInputViewShown: config.hardKeyboardHidden = 2
11-30 22:41:03.220  5797  5797 D AndroidRuntime: CheckJNI is OFF
11-30 22:41:03.287  5797  5797 D ICU     : No timezone override file found: /data/misc/zoneinfo/current/icu/icu_tzdata.dat
11-30 22:41:03.297  5797  5797 W art     : Unexpected CPU variant for X86 using defaults: x86
11-30 22:41:03.309  5797  5797 D         : houdini no need remount
11-30 22:41:03.320  5797  5797 E memtrack: Couldn't load memtrack module (No such file or directory)
11-30 22:41:03.320  5797  5797 E android.os.Debug: failed to load memtrack module: -2
11-30 22:41:03.321  5797  5797 I Radio-JNI: register_android_hardware_Radio DONE
11-30 22:41:03.332  5797  5797 D AndroidRuntime: Calling main entry com.android.commands.am.Am
11-30 22:41:03.336  5797  5797 D AndroidRuntime: Shutting down VM
11-30 22:41:03.515  3576  3576 W IInputConnectionWrapper: finishComposingText on inactive InputConnection
11-30 22:41:03.516  2711  2711 E inputservice: isForceShowInput step116
11-30 22:41:03.516  2711  2711 E inputservice: isForceShowInput step2com.netease.eve.en
11-30 22:41:03.516  2711  2711 E inputservice: isForceShowInput step2com.gm99.ylcs
11-30 22:41:03.516  2711  2711 E inputservice: isForceShowInput step2jp.ghost.romance
11-30 22:41:03.516  2711  2711 E inputservice: isForceShowInput step2com.gameone.meow
11-30 22:41:03.516  2711  2711 E inputservice: isForceShowInput step2com.ykhw.sgsmjz
11-30 22:41:03.516  2711  2711 E inputservice: isForceShowInput step2com.kudou.fengshen
11-30 22:41:03.516  2711  2711 E inputservice: isForceShowInput step2com.ss.android.auto
11-30 22:41:03.516  2711  2711 E inputservice: isForceShowInput step2com.wb.goog.mkx
11-30 22:41:03.516  2711  2711 E inputservice: isForceShowInput step2com.ulugame.arkajp.google
11-30 22:41:03.516  2711  2711 E inputservice: isForceShowInput step2com.xlegend.dragonsoul.jp
11-30 22:41:03.516  2711  2711 E inputservice: isForceShowInput step2vn.efun.jx1
11-30 22:41:03.516  2711  2711 E inputservice: isForceShowInput step2com.global.musvn
11-30 22:41:03.516  2711  2711 E inputservice: isForceShowInput step2vn.vltk.htvl
11-30 22:41:03.516  2711  2711 E inputservice: isForceShowInput step2com.maetimes.android.pokekara
11-30 22:41:03.516  2711  2711 E inputservice: isForceShowInput step2com.wemadesvc.icarusm
11-30 22:41:03.516  2711  2711 E inputservice: isForceShowInput step2com.eskyfun.sgsmjzgp
11-30 22:41:03.516  2711  2711 E inputservice: isForceShowInput step2vn.efun.jx1
11-30 22:41:03.516  2711  2711 E inputservice: isForceShowInput step2com.global.musvn
11-30 22:41:03.516  2711  2711 E inputservice: isForceShowInput step2vn.vltk.htvl
11-30 22:41:03.516  2711  2711 E inputservice: isForceShowInput step2com.global.gloryvn
11-30 22:41:03.516  2711  2711 E inputservice: isForceShowInput step2com.xlegend.grandfantasia.jp
11-30 22:41:03.516  2711  2711 E inputservice: isForceShowInput step2com.azuragame.oop
11-30 22:41:03.516  2711  2711 E inputservice: isForceShowInput step2com.xlegend.arthurlegend.tw
11-30 22:41:03.516  2711  2711 E inputservice: isForceShowInput step2com.honorofheir.global
11-30 22:41:03.532  2711  2711 V InputMethodService: onEvaluateInputViewShown: config.hardKeyboardHidden = 2
11-30 22:41:03.532  2711  2711 V InputMethodService: onEvaluateInputViewShown: config.hardKeyboardHidden = 2
11-30 22:41:03.551  2711  2711 V InputMethodService: onEvaluateInputViewShown: config.hardKeyboardHidden = 2
11-30 22:41:03.553  2711  2711 V InputMethodService: onEvaluateInputViewShown: config.hardKeyboardHidden = 2
11-30 22:41:03.700  2195  2257 I vol.Events: writeEvent active_stream_changed STREAM_RING
11-30 22:41:03.704  2195  2257 I vol.Events: writeEvent key STREAM_RING 4
11-30 22:41:03.708  2195  2195 I vol.Events: writeEvent show_dialog volume_changed keyguard=false
11-30 22:41:03.803  2127  3649 I ActivityManager: START u0 {act=android.intent.action.MAIN cat=[android.intent.category.LAUNCHER] flg=0x10200000 cmp=com.fanwe.p2p/.InitActivity} from uid 0 on display 0
11-30 22:41:04.326  2127  2388 I ActivityManager: START u0 {act=android.intent.action.MAIN cat=[android.intent.category.LAUNCHER] flg=0x10200000 cmp=com.fanwe.p2p/.InitActivity} from uid 0 on display 0
11-30 22:41:04.430  2127  3649 I ActivityManager: START u0 {act=android.intent.action.MAIN cat=[android.intent.category.LAUNCHER] flg=0x10200000 cmp=com.fanwe.p2p/.InitActivity} from uid 0 on display 0
11-30 22:41:04.466  5808  5808 D AndroidRuntime: >>>>>> START com.android.internal.os.RuntimeInit uid 0 <<<<<<
11-30 22:41:04.539  2195  2195 I vol.Events: writeEvent dismiss_dialog touch_outside
11-30 22:41:04.539  2195  2257 I vol.Events: writeEvent active_stream_changed UNKNOWN_STREAM_-1
11-30 22:41:04.569  2711  2711 E inputservice: isForceShowInput step116
11-30 22:41:04.569  2711  2711 E inputservice: isForceShowInput step2com.netease.eve.en
11-30 22:41:04.569  2711  2711 E inputservice: isForceShowInput step2com.gm99.ylcs
11-30 22:41:04.569  2711  2711 E inputservice: isForceShowInput step2jp.ghost.romance
11-30 22:41:04.569  2711  2711 E inputservice: isForceShowInput step2com.gameone.meow
11-30 22:41:04.569  2711  2711 E inputservice: isForceShowInput step2com.ykhw.sgsmjz
11-30 22:41:04.569  2711  2711 E inputservice: isForceShowInput step2com.kudou.fengshen
11-30 22:41:04.569  2711  2711 E inputservice: isForceShowInput step2com.ss.android.auto
11-30 22:41:04.569  2711  2711 E inputservice: isForceShowInput step2com.wb.goog.mkx
11-30 22:41:04.569  2711  2711 E inputservice: isForceShowInput step2com.ulugame.arkajp.google
11-30 22:41:04.569  2711  2711 E inputservice: isForceShowInput step2com.xlegend.dragonsoul.jp
11-30 22:41:04.569  2711  2711 E inputservice: isForceShowInput step2vn.efun.jx1
11-30 22:41:04.569  2711  2711 E inputservice: isForceShowInput step2com.global.musvn
11-30 22:41:04.569  2711  2711 E inputservice: isForceShowInput step2vn.vltk.htvl
11-30 22:41:04.569  2711  2711 E inputservice: isForceShowInput step2com.maetimes.android.pokekara
11-30 22:41:04.569  2711  2711 E inputservice: isForceShowInput step2com.wemadesvc.icarusm
11-30 22:41:04.569  2711  2711 E inputservice: isForceShowInput step2com.eskyfun.sgsmjzgp
11-30 22:41:04.569  2711  2711 E inputservice: isForceShowInput step2vn.efun.jx1
11-30 22:41:04.569  2711  2711 E inputservice: isForceShowInput step2com.global.musvn
11-30 22:41:04.569  2711  2711 E inputservice: isForceShowInput step2vn.vltk.htvl
11-30 22:41:04.569  2711  2711 E inputservice: isForceShowInput step2com.global.gloryvn
11-30 22:41:04.570  2711  2711 E inputservice: isForceShowInput step2com.xlegend.grandfantasia.jp
11-30 22:41:04.570  2711  2711 E inputservice: isForceShowInput step2com.azuragame.oop
11-30 22:41:04.570  2711  2711 E inputservice: isForceShowInput step2com.xlegend.arthurlegend.tw
11-30 22:41:04.570  2711  2711 E inputservice: isForceShowInput step2com.honorofheir.global
11-30 22:41:04.572  2711  2711 V InputMethodService: onEvaluateInputViewShown: config.hardKeyboardHidden = 2
11-30 22:41:04.573  2711  2711 V InputMethodService: onEvaluateInputViewShown: config.hardKeyboardHidden = 2
11-30 22:41:04.573  2711  2711 V InputMethodService: onEvaluateInputViewShown: config.hardKeyboardHidden = 2
11-30 22:41:04.574  2711  2711 V InputMethodService: onEvaluateInputViewShown: config.hardKeyboardHidden = 2
11-30 22:41:04.592  3576  3576 W IInputConnectionWrapper: finishComposingText on inactive InputConnection
11-30 22:41:04.794  2195  2257 I vol.Events: writeEvent active_stream_changed STREAM_RING
11-30 22:41:04.796  2195  2257 I vol.Events: writeEvent key STREAM_RING 4
11-30 22:41:04.800  2195  2195 I vol.Events: writeEvent show_dialog volume_changed keyguard=false
11-30 22:41:04.902  2127  2164 I ActivityManager: START u0 {act=android.intent.action.MAIN cat=[android.intent.category.HOME] flg=0x10200000 cmp=com.android.launcher3/.launcher3.Launcher (has extras)} from uid 1000 on display 0
11-30 22:41:04.920  1826  1826 E NOX     : recv() error
11-30 22:41:04.920  1826  1826 D NOX     : Socket read error
11-30 22:41:05.020  2711  2711 V InputMethodService: onEvaluateInputViewShown: config.hardKeyboardHidden = 2
11-30 22:41:05.020  2711  2711 V InputMethodService: onEvaluateInputViewShown: config.hardKeyboardHidden = 2
11-30 22:41:05.122  2127  3618 I ActivityManager: START u0 {act=android.intent.action.MAIN cat=[android.intent.category.LAUNCHER] flg=0x10200000 cmp=com.fanwe.p2p/.InitActivity} from uid 0 on display 0
11-30 22:41:05.185  5808  5808 D AndroidRuntime: CheckJNI is OFF
11-30 22:41:05.228  2127  3621 I ActivityManager: START u0 {act=android.intent.action.MAIN cat=[android.intent.category.LAUNCHER] flg=0x10200000 cmp=com.fanwe.p2p/.InitActivity} from uid 0 on display 0
11-30 22:41:05.246  5808  5808 D ICU     : No timezone override file found: /data/misc/zoneinfo/current/icu/icu_tzdata.dat
11-30 22:41:05.255  5808  5808 W art     : Unexpected CPU variant for X86 using defaults: x86
11-30 22:41:05.260  5808  5808 D         : houdini no need remount
11-30 22:41:05.270  5808  5808 E memtrack: Couldn't load memtrack module (No such file or directory)
11-30 22:41:05.270  5808  5808 E android.os.Debug: failed to load memtrack module: -2
11-30 22:41:05.271  5808  5808 I Radio-JNI: register_android_hardware_Radio DONE
11-30 22:41:05.281  5808  5808 D AndroidRuntime: Calling main entry com.android.commands.am.Am
11-30 22:41:05.284  5808  5808 D AndroidRuntime: Shutting down VM
11-30 22:41:05.333  2127  4685 I ActivityManager: START u0 {act=android.intent.action.MAIN cat=[android.intent.category.LAUNCHER] flg=0x10200000 cmp=com.fanwe.p2p/.InitActivity} from uid 0 on display 0
11-30 22:41:05.448  2127  2164 I ActivityManager: START u0 {act=android.intent.action.MAIN cat=[android.intent.category.LAUNCHER] flg=0x10000000 sel=act=android.intent.action.MAIN cat=[android.intent.category.APP_EMAIL]}} from uid 1000 on display 0
11-30 22:41:05.765  2195  2195 I vol.Events: writeEvent dismiss_dialog touch_outside
11-30 22:41:05.766  2195  2257 I vol.Events: writeEvent active_stream_changed UNKNOWN_STREAM_-1
11-30 22:41:05.769  2127  2575 W InputManager: Input event injection from pid 5363 failed.
11-30 22:41:05.770  2127  3648 W InputMethodManagerService: Window already focused, ignoring focus gain of: com.android.internal.view.IInputMethodClient$Stub$Proxy@e94437b attribute=null, token = android.os.BinderProxy@95c7e5e
11-30 22:41:05.871  2127  2388 I ActivityManager: START u0 {act=android.intent.action.MAIN cat=[android.intent.category.LAUNCHER] flg=0x10200000 cmp=com.fanwe.p2p/.InitActivity} from uid 0 on display 0
11-30 22:41:05.975  2127  2138 I ActivityManager: START u0 {act=android.intent.action.MAIN cat=[android.intent.category.LAUNCHER] flg=0x10200000 cmp=com.fanwe.p2p/.InitActivity} from uid 0 on display 0
11-30 22:41:06.084  2711  2711 V InputMethodService: onEvaluateInputViewShown: config.hardKeyboardHidden = 2
11-30 22:41:06.084  2711  2711 V InputMethodService: onEvaluateInputViewShown: config.hardKeyboardHidden = 2
11-30 22:41:06.109  5819  5819 D AndroidRuntime: >>>>>> START com.android.internal.os.RuntimeInit uid 0 <<<<<<
11-30 22:41:06.377  1837  1893 D AudioFlinger: mixer(0xd6183f80) throttle end: throttle time(40)
11-30 22:41:06.396  2127  3649 I ActivityManager: START u0 {act=android.intent.action.MAIN cat=[android.intent.category.LAUNCHER] flg=0x10200000 cmp=com.fanwe.p2p/.InitActivity} from uid 0 on display 0
11-30 22:41:06.530  2127  4685 W InputMethodManagerService: Window already focused, ignoring focus gain of: com.android.internal.view.IInputMethodClient$Stub$Proxy@f46b6dc attribute=null, token = android.os.BinderProxy@95c7e5e
11-30 22:41:06.732  5819  5819 D AndroidRuntime: CheckJNI is OFF
11-30 22:41:06.796  5819  5819 D ICU     : No timezone override file found: /data/misc/zoneinfo/current/icu/icu_tzdata.dat
11-30 22:41:06.807  5819  5819 W art     : Unexpected CPU variant for X86 using defaults: x86
11-30 22:41:06.812  5819  5819 D         : houdini no need remount
11-30 22:41:06.823  5819  5819 E memtrack: Couldn't load memtrack module (No such file or directory)
11-30 22:41:06.823  5819  5819 E android.os.Debug: failed to load memtrack module: -2
11-30 22:41:06.826  5819  5819 I Radio-JNI: register_android_hardware_Radio DONE
11-30 22:41:06.836  5819  5819 D AndroidRuntime: Calling main entry com.android.commands.am.Am
11-30 22:41:06.839  5819  5819 D AndroidRuntime: Shutting down VM
11-30 22:41:06.932  2711  2711 V InputMethodService: onEvaluateInputViewShown: config.hardKeyboardHidden = 2
11-30 22:41:06.932  2711  2711 V InputMethodService: onEvaluateInputViewShown: config.hardKeyboardHidden = 2
11-30 22:41:07.348  2127  2693 I ActivityManager: START u0 {act=android.intent.action.MAIN cat=[android.intent.category.LAUNCHER] flg=0x10200000 cmp=com.fanwe.p2p/.InitActivity} from uid 0 on display 0
11-30 22:41:07.451  2127  3618 I ActivityManager: START u0 {act=android.intent.action.MAIN cat=[android.intent.category.LAUNCHER] flg=0x10200000 cmp=com.fanwe.p2p/.InitActivity} from uid 0 on display 0
11-30 22:41:07.545  5830  5830 D AndroidRuntime: >>>>>> START com.android.internal.os.RuntimeInit uid 0 <<<<<<
11-30 22:41:07.762  2711  2711 E inputservice: isForceShowInput step116
11-30 22:41:07.762  2711  2711 E inputservice: isForceShowInput step2com.netease.eve.en
11-30 22:41:07.762  2711  2711 E inputservice: isForceShowInput step2com.gm99.ylcs
11-30 22:41:07.762  2711  2711 E inputservice: isForceShowInput step2jp.ghost.romance
11-30 22:41:07.762  2711  2711 E inputservice: isForceShowInput step2com.gameone.meow
11-30 22:41:07.762  2711  2711 E inputservice: isForceShowInput step2com.ykhw.sgsmjz
11-30 22:41:07.762  2711  2711 E inputservice: isForceShowInput step2com.kudou.fengshen
11-30 22:41:07.762  2711  2711 E inputservice: isForceShowInput step2com.ss.android.auto
11-30 22:41:07.762  2711  2711 E inputservice: isForceShowInput step2com.wb.goog.mkx
11-30 22:41:07.762  2711  2711 E inputservice: isForceShowInput step2com.ulugame.arkajp.google
11-30 22:41:07.762  2711  2711 E inputservice: isForceShowInput step2com.xlegend.dragonsoul.jp
11-30 22:41:07.762  2711  2711 E inputservice: isForceShowInput step2vn.efun.jx1
11-30 22:41:07.762  2711  2711 E inputservice: isForceShowInput step2com.global.musvn
11-30 22:41:07.762  2711  2711 E inputservice: isForceShowInput step2vn.vltk.htvl
11-30 22:41:07.762  2711  2711 E inputservice: isForceShowInput step2com.maetimes.android.pokekara
11-30 22:41:07.762  2711  2711 E inputservice: isForceShowInput step2com.wemadesvc.icarusm
11-30 22:41:07.762  2711  2711 E inputservice: isForceShowInput step2com.eskyfun.sgsmjzgp
11-30 22:41:07.762  2711  2711 E inputservice: isForceShowInput step2vn.efun.jx1
11-30 22:41:07.762  2711  2711 E inputservice: isForceShowInput step2com.global.musvn
11-30 22:41:07.762  2711  2711 E inputservice: isForceShowInput step2vn.vltk.htvl
11-30 22:41:07.762  2711  2711 E inputservice: isForceShowInput step2com.global.gloryvn
11-30 22:41:07.762  2711  2711 E inputservice: isForceShowInput step2com.xlegend.grandfantasia.jp
11-30 22:41:07.762  2711  2711 E inputservice: isForceShowInput step2com.azuragame.oop
11-30 22:41:07.762  2711  2711 E inputservice: isForceShowInput step2com.xlegend.arthurlegend.tw
11-30 22:41:07.762  2711  2711 E inputservice: isForceShowInput step2com.honorofheir.global
11-30 22:41:07.769  3576  3576 W IInputConnectionWrapper: finishComposingText on inactive InputConnection
11-30 22:41:07.769  2711  2711 V InputMethodService: onEvaluateInputViewShown: config.hardKeyboardHidden = 2
11-30 22:41:07.770  2711  2711 V InputMethodService: onEvaluateInputViewShown: config.hardKeyboardHidden = 2
11-30 22:41:07.770  2711  2711 V InputMethodService: onEvaluateInputViewShown: config.hardKeyboardHidden = 2
11-30 22:41:07.771  2711  2711 V InputMethodService: onEvaluateInputViewShown: config.hardKeyboardHidden = 2
11-30 22:41:08.051  5830  5830 D AndroidRuntime: CheckJNI is OFF
11-30 22:41:08.079  2127  2137 I ActivityManager: START u0 {act=android.intent.action.MAIN cat=[android.intent.category.LAUNCHER] flg=0x10200000 cmp=com.fanwe.p2p/.InitActivity} from uid 0 on display 0
11-30 22:41:08.136  5830  5830 D ICU     : No timezone override file found: /data/misc/zoneinfo/current/icu/icu_tzdata.dat
11-30 22:41:08.146  5830  5830 W art     : Unexpected CPU variant for X86 using defaults: x86
11-30 22:41:08.151  5830  5830 D         : houdini no need remount
11-30 22:41:08.162  5830  5830 E memtrack: Couldn't load memtrack module (No such file or directory)
11-30 22:41:08.162  5830  5830 E android.os.Debug: failed to load memtrack module: -2
11-30 22:41:08.163  5830  5830 I Radio-JNI: register_android_hardware_Radio DONE
11-30 22:41:08.175  5830  5830 D AndroidRuntime: Calling main entry com.android.commands.am.Am
11-30 22:41:08.178  5830  5830 D AndroidRuntime: Shutting down VM
11-30 22:41:08.196  2711  2711 V InputMethodService: onEvaluateInputViewShown: config.hardKeyboardHidden = 2
11-30 22:41:08.196  2711  2711 V InputMethodService: onEvaluateInputViewShown: config.hardKeyboardHidden = 2
11-30 22:41:08.405  2127  2429 I ActivityManager: START u0 {act=android.intent.action.MAIN cat=[android.intent.category.LAUNCHER] flg=0x10200000 cmp=com.fanwe.p2p/.InitActivity} from uid 0 on display 0
11-30 22:41:08.616  2711  2711 V InputMethodService: onEvaluateInputViewShown: config.hardKeyboardHidden = 2
11-30 22:41:08.617  2711  2711 V InputMethodService: onEvaluateInputViewShown: config.hardKeyboardHidden = 2
11-30 22:41:08.718  2127  2388 I ActivityManager: START u0 {act=android.intent.action.MAIN cat=[android.intent.category.LAUNCHER] flg=0x10200000 cmp=com.fanwe.p2p/.InitActivity} from uid 0 on display 0
11-30 22:41:08.824  2127  2575 I ActivityManager: START u0 {act=android.intent.action.MAIN cat=[android.intent.category.LAUNCHER] flg=0x10200000 cmp=com.fanwe.p2p/.InitActivity} from uid 0 on display 0
11-30 22:41:08.962  5841  5841 D AndroidRuntime: >>>>>> START com.android.internal.os.RuntimeInit uid 0 <<<<<<
11-30 22:41:09.133  2127  2138 I ActivityManager: START u0 {act=android.intent.action.MAIN cat=[android.intent.category.LAUNCHER] flg=0x10200000 cmp=com.fanwe.p2p/.InitActivity} from uid 0 on display 0
11-30 22:41:09.338  2127  2388 I ActivityManager: START u0 {act=android.intent.action.MAIN cat=[android.intent.category.LAUNCHER] flg=0x10200000 cmp=com.fanwe.p2p/.InitActivity} from uid 0 on display 0
11-30 22:41:09.433  5841  5841 D AndroidRuntime: CheckJNI is OFF
11-30 22:41:09.503  5841  5841 D ICU     : No timezone override file found: /data/misc/zoneinfo/current/icu/icu_tzdata.dat
11-30 22:41:09.512  5841  5841 W art     : Unexpected CPU variant for X86 using defaults: x86
11-30 22:41:09.517  5841  5841 D         : houdini no need remount
11-30 22:41:09.528  5841  5841 E memtrack: Couldn't load memtrack module (No such file or directory)
11-30 22:41:09.528  5841  5841 E android.os.Debug: failed to load memtrack module: -2
11-30 22:41:09.529  5841  5841 I Radio-JNI: register_android_hardware_Radio DONE
11-30 22:41:09.540  5841  5841 D AndroidRuntime: Calling main entry com.android.commands.am.Am
11-30 22:41:09.543  5841  5841 D AndroidRuntime: Shutting down VM
11-30 22:41:09.544  2127  3648 I ActivityManager: START u0 {act=android.intent.action.MAIN cat=[android.intent.category.LAUNCHER] flg=0x10200000 cmp=com.fanwe.p2p/.InitActivity} from uid 0 on display 0
11-30 22:41:09.547  5841  5849 W art     : Thread attaching while runtime is shutting down: Binder:5841_2
11-30 22:41:09.547  5841  5849 I AndroidRuntime: NOTE: attach of thread 'Binder:5841_2' failed
11-30 22:41:09.753  2127  2429 I ActivityManager: START u0 {act=android.intent.action.MAIN cat=[android.intent.category.LAUNCHER] flg=0x10200000 cmp=com.fanwe.p2p/.InitActivity} from uid 0 on display 0
11-30 22:41:10.288  5852  5852 D AndroidRuntime: >>>>>> START com.android.internal.os.RuntimeInit uid 0 <<<<<<
11-30 22:41:10.320  2127  4685 I ActivityManager: START u0 {act=android.intent.action.MAIN cat=[android.intent.category.LAUNCHER] flg=0x10200000 cmp=com.fanwe.p2p/.InitActivity} from uid 0 on display 0
11-30 22:41:10.597  2127  3648 W InputMethodManagerService: Window already focused, ignoring focus gain of: com.android.internal.view.IInputMethodClient$Stub$Proxy@cc2a41f attribute=null, token = android.os.BinderProxy@95c7e5e
11-30 22:41:10.633  2127  3649 I ActivityManager: START u0 {act=android.intent.action.MAIN cat=[android.intent.category.LAUNCHER] flg=0x10200000 cmp=com.fanwe.p2p/.InitActivity} from uid 0 on display 0
11-30 22:41:10.850  2127  2239 I ActivityManager: START u0 {act=android.intent.action.MAIN cat=[android.intent.category.LAUNCHER] flg=0x10200000 cmp=com.fanwe.p2p/.InitActivity} from uid 0 on display 0
11-30 22:41:10.953  2127  3649 I ActivityManager: START u0 {act=android.intent.action.MAIN cat=[android.intent.category.LAUNCHER] flg=0x10200000 cmp=com.fanwe.p2p/.InitActivity} from uid 0 on display 0
11-30 22:41:11.023  5852  5852 D AndroidRuntime: CheckJNI is OFF
11-30 22:41:11.105  5852  5852 D ICU     : No timezone override file found: /data/misc/zoneinfo/current/icu/icu_tzdata.dat
11-30 22:41:11.124  5852  5852 W art     : Unexpected CPU variant for X86 using defaults: x86
11-30 22:41:11.132  5852  5852 D         : houdini no need remount
11-30 22:41:11.148  5852  5852 E memtrack: Couldn't load memtrack module (No such file or directory)
11-30 22:41:11.148  5852  5852 E android.os.Debug: failed to load memtrack module: -2
11-30 22:41:11.150  5852  5852 I Radio-JNI: register_android_hardware_Radio DONE
11-30 22:41:11.170  5852  5852 D AndroidRuntime: Calling main entry com.android.commands.am.Am
11-30 22:41:11.176  5852  5852 D AndroidRuntime: Shutting down VM
11-30 22:41:11.268  2711  2711 V InputMethodService: onEvaluateInputViewShown: config.hardKeyboardHidden = 2
11-30 22:41:11.269  2711  2711 V InputMethodService: onEvaluateInputViewShown: config.hardKeyboardHidden = 2
11-30 22:41:11.269  2711  2711 E inputservice: isForceShowInput step116
11-30 22:41:11.269  2711  2711 E inputservice: isForceShowInput step2com.netease.eve.en
11-30 22:41:11.269  2711  2711 E inputservice: isForceShowInput step2com.gm99.ylcs
11-30 22:41:11.269  2711  2711 E inputservice: isForceShowInput step2jp.ghost.romance
11-30 22:41:11.269  2711  2711 E inputservice: isForceShowInput step2com.gameone.meow
11-30 22:41:11.269  2711  2711 E inputservice: isForceShowInput step2com.ykhw.sgsmjz
11-30 22:41:11.269  2711  2711 E inputservice: isForceShowInput step2com.kudou.fengshen
11-30 22:41:11.269  2711  2711 E inputservice: isForceShowInput step2com.ss.android.auto
11-30 22:41:11.269  2711  2711 E inputservice: isForceShowInput step2com.wb.goog.mkx
11-30 22:41:11.269  2711  2711 E inputservice: isForceShowInput step2com.ulugame.arkajp.google
11-30 22:41:11.269  2711  2711 E inputservice: isForceShowInput step2com.xlegend.dragonsoul.jp
11-30 22:41:11.269  2711  2711 E inputservice: isForceShowInput step2vn.efun.jx1
11-30 22:41:11.269  2711  2711 E inputservice: isForceShowInput step2com.global.musvn
11-30 22:41:11.269  2711  2711 E inputservice: isForceShowInput step2vn.vltk.htvl
11-30 22:41:11.269  2711  2711 E inputservice: isForceShowInput step2com.maetimes.android.pokekara
11-30 22:41:11.269  2711  2711 E inputservice: isForceShowInput step2com.wemadesvc.icarusm
11-30 22:41:11.269  2711  2711 E inputservice: isForceShowInput step2com.eskyfun.sgsmjzgp
11-30 22:41:11.269  2711  2711 E inputservice: isForceShowInput step2vn.efun.jx1
11-30 22:41:11.269  2711  2711 E inputservice: isForceShowInput step2com.global.musvn
11-30 22:41:11.269  2711  2711 E inputservice: isForceShowInput step2vn.vltk.htvl
11-30 22:41:11.269  2711  2711 E inputservice: isForceShowInput step2com.global.gloryvn
11-30 22:41:11.269  2711  2711 E inputservice: isForceShowInput step2com.xlegend.grandfantasia.jp
11-30 22:41:11.269  2711  2711 E inputservice: isForceShowInput step2com.azuragame.oop
11-30 22:41:11.269  2711  2711 E inputservice: isForceShowInput step2com.xlegend.arthurlegend.tw
11-30 22:41:11.269  2711  2711 E inputservice: isForceShowInput step2com.honorofheir.global
11-30 22:41:11.703  2711  2711 V InputMethodService: onEvaluateInputViewShown: config.hardKeyboardHidden = 2
11-30 22:41:11.703  2711  2711 V InputMethodService: onEvaluateInputViewShown: config.hardKeyboardHidden = 2
11-30 22:41:12.034  2711  2711 V InputMethodService: onEvaluateInputViewShown: config.hardKeyboardHidden = 2
11-30 22:41:12.034  2711  2711 V InputMethodService: onEvaluateInputViewShown: config.hardKeyboardHidden = 2
11-30 22:41:12.092  5863  5863 D AndroidRuntime: >>>>>> START com.android.internal.os.RuntimeInit uid 0 <<<<<<
11-30 22:41:12.141  2711  2711 E inputservice: isForceShowInput step116
11-30 22:41:12.141  2711  2711 E inputservice: isForceShowInput step2com.netease.eve.en
11-30 22:41:12.141  2711  2711 E inputservice: isForceShowInput step2com.gm99.ylcs
11-30 22:41:12.141  2711  2711 E inputservice: isForceShowInput step2jp.ghost.romance
11-30 22:41:12.141  2711  2711 E inputservice: isForceShowInput step2com.gameone.meow
11-30 22:41:12.141  2711  2711 E inputservice: isForceShowInput step2com.ykhw.sgsmjz
11-30 22:41:12.141  2711  2711 E inputservice: isForceShowInput step2com.kudou.fengshen
11-30 22:41:12.141  2711  2711 E inputservice: isForceShowInput step2com.ss.android.auto
11-30 22:41:12.141  2711  2711 E inputservice: isForceShowInput step2com.wb.goog.mkx
11-30 22:41:12.141  2711  2711 E inputservice: isForceShowInput step2com.ulugame.arkajp.google
