11-30 22:41:33.554  6021  6021 D ICU     : No timezone override file found: /data/misc/zoneinfo/current/icu/icu_tzdata.dat
11-30 22:41:33.563  6021  6021 W art     : Unexpected CPU variant for X86 using defaults: x86
11-30 22:41:33.568  6021  6021 D         : houdini no need remount
11-30 22:41:33.578  6021  6021 E memtrack: Couldn't load memtrack module (No such file or directory)
11-30 22:41:33.578  6021  6021 E android.os.Debug: failed to load memtrack module: -2
11-30 22:41:33.579  6021  6021 I Radio-JNI: register_android_hardware_Radio DONE
11-30 22:41:33.590  6021  6021 D AndroidRuntime: Calling main entry com.android.commands.am.Am
11-30 22:41:33.594  6021  6021 D AndroidRuntime: Shutting down VM
11-30 22:41:33.716  1837  1893 D AudioFlinger: mixer(0xd6183f80) throttle end: throttle time(97)
11-30 22:41:33.824  2127  2239 I ActivityManager: START u0 {act=android.intent.action.MAIN cat=[android.intent.category.LAUNCHER] flg=0x10200000 cmp=com.fanwe.p2p/.InitActivity} from uid 0 on display 0
11-30 22:41:33.931  2127  2575 I ActivityManager: START u0 {act=android.intent.action.MAIN cat=[android.intent.category.LAUNCHER] flg=0x10200000 cmp=com.fanwe.p2p/.InitActivity} from uid 0 on display 0
11-30 22:41:34.058  2127  2339 I ActivityManager: START u0 {act=android.intent.action.MAIN cat=[android.intent.category.LAUNCHER] flg=0x10200000 cmp=com.fanwe.p2p/.InitActivity} from uid 0 on display 0
11-30 22:41:34.175  2127  3651 I ActivityManager: START u0 {act=android.intent.action.MAIN cat=[android.intent.category.LAUNCHER] flg=0x10200000 cmp=com.fanwe.p2p/.InitActivity} from uid 0 on display 0
11-30 22:41:34.647  6031  6031 D AndroidRuntime: >>>>>> START com.android.internal.os.RuntimeInit uid 0 <<<<<<
11-30 22:41:34.734  1833  1833 E EGL_emulation: tid 1833: eglCreateSyncKHR(1596): error 0x3004 (EGL_BAD_ATTRIBUTE)
11-30 22:41:34.746  1833  1833 D SurfaceFlinger: setOrientation, mFbdev=0xd6fd1600, mFbDev->setOrientation=0xd762ed30, orientation=1
11-30 22:41:34.746  1833  1833 I gralloc_nox: setOrientation: orientation=1
11-30 22:41:34.752  2127  2165 I InputReader: Reconfiguring input devices.  changes=0x00000004
11-30 22:41:34.752  2127  2165 I InputReader: Device reconfigured: id=2, name='Android_Input', size 1280x720, orientation 1, mode 1, display id 0
11-30 22:41:34.755  2127  2165 I InputReader: Reconfiguring input devices.  changes=0x00000004
11-30 22:41:34.766  2127  2147 I WindowManager: Screen frozen for +42ms due to Window{e4f5ffa u0 com.fanwe.p2p/com.fanwe.p2p.LoginActivity}
11-30 22:41:34.945  2127  2339 I ActivityManager: START u0 {act=android.intent.action.MAIN cat=[android.intent.category.LAUNCHER] flg=0x10200000 cmp=com.fanwe.p2p/.InitActivity} from uid 0 on display 0
11-30 22:41:35.057  2127  2575 I ActivityManager: START u0 {act=android.intent.action.MAIN cat=[android.intent.category.LAUNCHER] flg=0x10200000 cmp=com.fanwe.p2p/.InitActivity} from uid 0 on display 0
11-30 22:41:35.410  6031  6031 D AndroidRuntime: CheckJNI is OFF
11-30 22:41:35.525  6031  6031 D ICU     : No timezone override file found: /data/misc/zoneinfo/current/icu/icu_tzdata.dat
11-30 22:41:35.549  6031  6031 W art     : Unexpected CPU variant for X86 using defaults: x86
11-30 22:41:35.559  1837  1893 D AudioFlinger: mixer(0xd6183f80) throttle end: throttle time(41)
11-30 22:41:35.570  6031  6031 D         : houdini no need remount
11-30 22:41:35.589  6031  6031 E memtrack: Couldn't load memtrack module (No such file or directory)
11-30 22:41:35.590  6031  6031 E android.os.Debug: failed to load memtrack module: -2
11-30 22:41:35.592  6031  6031 I Radio-JNI: register_android_hardware_Radio DONE
11-30 22:41:35.626  6031  6031 D AndroidRuntime: Calling main entry com.android.commands.settings.SettingsCmd
11-30 22:41:35.643  6031  6031 D AndroidRuntime: Shutting down VM
11-30 22:41:35.786  3576  3576 I InterfaceServer: http://115.28.108.130/p2p3.6/p2psource/mapi/index.php?act=transfer&cid=0&interest=0&lefttime=0&page=1&months=0&level=0&i_type=1&r_type=2
11-30 22:41:36.000  3576  3576 W ViewRootImpl[MainActivity]: Dropping event due to root view being removed: KeyEvent { action=ACTION_DOWN, keyCode=KEYCODE_DPAD_CENTER, scanCode=0, metaState=0, flags=0x8, repeatCount=0, eventTime=2995001, downTime=2995001, deviceId=-1, source=0x101 }
11-30 22:41:36.000  3576  3576 W InputEventReceiver: Attempted to finish an input event but the input event receiver has already been disposed.
11-30 22:41:36.000  3576  3576 W ViewRootImpl[MainActivity]: Cancelling event due to no window focus: KeyEvent { action=ACTION_UP, keyCode=KEYCODE_DPAD_CENTER, scanCode=0, metaState=0, flags=0x28, repeatCount=0, eventTime=2995007, downTime=2995007, deviceId=-1, source=0x101 }
11-30 22:41:36.000  3576  3576 W ViewRootImpl[MainActivity]: Cancelling event due to no window focus: KeyEvent { action=ACTION_UP, keyCode=KEYCODE_DPAD_CENTER, scanCode=0, metaState=0, flags=0x28, repeatCount=0, eventTime=2995007, downTime=2995007, deviceId=-1, source=0x101 }
11-30 22:41:36.000  3576  3576 W ViewRootImpl[MainActivity]: Cancelling event due to no window focus: KeyEvent { action=ACTION_UP, keyCode=KEYCODE_DPAD_CENTER, scanCode=0, metaState=0, flags=0x28, repeatCount=0, eventTime=2995007, downTime=2995007, deviceId=-1, source=0x101 }
11-30 22:41:36.005  3576  3576 W ViewRootImpl[MainActivity]: Cancelling event due to no window focus: KeyEvent { action=ACTION_UP, keyCode=KEYCODE_DPAD_CENTER, scanCode=0, metaState=0, flags=0x28, repeatCount=0, eventTime=2995007, downTime=2995007, deviceId=-1, source=0x101 }
11-30 22:41:36.006  3576  3576 W ViewRootImpl[MainActivity]: Cancelling event due to no window focus: KeyEvent { action=ACTION_UP, keyCode=KEYCODE_DPAD_CENTER, scanCode=0, metaState=0, flags=0x28, repeatCount=0, eventTime=2995007, downTime=2995007, deviceId=-1, source=0x101 }
11-30 22:41:36.006  3576  3576 W ViewRootImpl[MainActivity]: Cancelling event due to no window focus: KeyEvent { action=ACTION_UP, keyCode=KEYCODE_DPAD_CENTER, scanCode=0, metaState=0, flags=0x28, repeatCount=0, eventTime=2995007, downTime=2995007, deviceId=-1, source=0x101 }
11-30 22:41:36.006  3576  3576 W ViewRootImpl[MainActivity]: Cancelling event due to no window focus: KeyEvent { action=ACTION_UP, keyCode=KEYCODE_DPAD_CENTER, scanCode=0, metaState=0, flags=0x28, repeatCount=0, eventTime=2995007, downTime=2995007, deviceId=-1, source=0x101 }
11-30 22:41:36.006  3576  3576 W ViewRootImpl[MainActivity]: Cancelling event due to no window focus: KeyEvent { action=ACTION_UP, keyCode=KEYCODE_DPAD_CENTER, scanCode=0, metaState=0, flags=0x28, repeatCount=0, eventTime=2995007, downTime=2995007, deviceId=-1, source=0x101 }
11-30 22:41:36.006  3576  3576 W ViewRootImpl[MainActivity]: Cancelling event due to no window focus: KeyEvent { action=ACTION_UP, keyCode=KEYCODE_DPAD_CENTER, scanCode=0, metaState=0, flags=0x28, repeatCount=0, eventTime=2995007, downTime=2995007, deviceId=-1, source=0x101 }
11-30 22:41:36.009  2127  2239 I NotificationService: cancelToast pkg=com.fanwe.p2p callback=android.app.ITransientNotification$Stub$Proxy@22fdf2c
11-30 22:41:36.009  2127  2239 W NotificationService: Toast already cancelled. pkg=com.fanwe.p2p callback=android.app.ITransientNotification$Stub$Proxy@22fdf2c
11-30 22:41:36.058  2127  2160 D Sensors : Client connection accepted (206)
11-30 22:41:36.196  1833  1833 E EGL_emulation: tid 1833: eglCreateSyncKHR(1596): error 0x3004 (EGL_BAD_ATTRIBUTE)
11-30 22:41:36.250  1833  1833 D SurfaceFlinger: setOrientation, mFbdev=0xd6fd1600, mFbDev->setOrientation=0xd762ed30, orientation=3
11-30 22:41:36.250  1833  1833 I gralloc_nox: setOrientation: orientation=3
11-30 22:41:36.251  2127  2147 W art     : Long monitor contention with owner android.ui (2141) at void com.android.server.policy.PhoneWindowManager.updateSettings()(PhoneWindowManager.java:2123) waiters=1 in void com.android.server.wm.WindowAnimator$1.doFrame(long) for 120ms
11-30 22:41:36.266  2127  2165 I InputReader: Reconfiguring input devices.  changes=0x00000004
11-30 22:41:36.266  2127  2165 I InputReader: Device reconfigured: id=2, name='Android_Input', size 1280x720, orientation 3, mode 1, display id 0
11-30 22:41:36.377  2127  2137 I ActivityManager: START u0 {act=android.intent.action.MAIN cat=[android.intent.category.LAUNCHER] flg=0x10200000 cmp=com.fanwe.p2p/.InitActivity} from uid 0 on display 0
11-30 22:41:36.534  2127  2147 I WindowManager: Screen frozen for +403ms due to Window{797178a u0 Toast}
11-30 22:41:37.243  1826  1826 E NOX     : recv() error
11-30 22:41:37.243  1826  1826 D NOX     : Socket read error
11-30 22:41:37.254  2127  2138 I ActivityManager: START u0 {act=android.intent.action.MAIN cat=[android.intent.category.LAUNCHER] flg=0x10200000 cmp=com.fanwe.p2p/.InitActivity} from uid 0 on display 0
11-30 22:41:37.677  2127  3651 I ActivityManager: START u0 {act=android.intent.action.MAIN cat=[android.intent.category.LAUNCHER] flg=0x10200000 cmp=com.fanwe.p2p/.InitActivity} from uid 0 on display 0
11-30 22:41:37.976  6049  6049 D AndroidRuntime: >>>>>> START com.android.internal.os.RuntimeInit uid 0 <<<<<<
11-30 22:41:38.323  2127  2239 I ActivityManager: START u0 {act=android.intent.action.MAIN cat=[android.intent.category.LAUNCHER] flg=0x10200000 cmp=com.fanwe.p2p/.InitActivity} from uid 0 on display 0
11-30 22:41:38.717  2127  2147 I art     : Starting a blocking GC Explicit
11-30 22:41:38.822  2127  2147 I art     : Explicit concurrent mark sweep GC freed 20166(1182KB) AllocSpace objects, 20(448KB) LOS objects, 33% free, 7MB/10MB, paused 816us total 103.955ms
11-30 22:41:38.960  2127  2138 I ActivityManager: START u0 {act=android.intent.action.MAIN cat=[android.intent.category.LAUNCHER] flg=0x10200000 cmp=com.fanwe.p2p/.InitActivity} from uid 0 on display 0
11-30 22:41:38.977  6049  6049 D AndroidRuntime: CheckJNI is OFF
11-30 22:41:39.147  6049  6049 D ICU     : No timezone override file found: /data/misc/zoneinfo/current/icu/icu_tzdata.dat
11-30 22:41:39.168  6049  6049 W art     : Unexpected CPU variant for X86 using defaults: x86
11-30 22:41:39.191  6049  6049 D         : houdini no need remount
11-30 22:41:39.228  6049  6049 E memtrack: Couldn't load memtrack module (No such file or directory)
11-30 22:41:39.228  6049  6049 E android.os.Debug: failed to load memtrack module: -2
11-30 22:41:39.229  6049  6049 I Radio-JNI: register_android_hardware_Radio DONE
11-30 22:41:39.256  6049  6049 D AndroidRuntime: Calling main entry com.android.commands.am.Am
11-30 22:41:39.261  6049  6049 D AndroidRuntime: Shutting down VM
11-30 22:41:39.475  2127  2127 W WindowManager: Attempted to remove non-existing token: android.os.Binder@b949300
11-30 22:41:39.699  2127  2160 D Sensors : Client connection accepted (152)
11-30 22:41:39.708  2127  2160 D Sensors : Client connection accepted (152)
11-30 22:41:39.818  3576  3576 I InterfaceServer: http://115.28.108.130/p2p3.6/p2psource/mapi/index.php?act=article_list&page=1&i_type=1&r_type=2
11-30 22:41:39.954  3576  3576 W ViewRootImpl[MainActivity]: Dropping event due to no window focus: KeyEvent { action=ACTION_DOWN, keyCode=KEYCODE_VOLUME_DOWN, scanCode=0, metaState=0, flags=0x8, repeatCount=0, eventTime=2998812, downTime=2998812, deviceId=-1, source=0x101 }
11-30 22:41:40.018  3576  3576 W ViewRootImpl[MainActivity]: Dropping event due to root view being removed: KeyEvent { action=ACTION_UP, keyCode=KEYCODE_VOLUME_DOWN, scanCode=0, metaState=0, flags=0x8, repeatCount=0, eventTime=2999005, downTime=2999005, deviceId=-1, source=0x101 }
11-30 22:41:40.018  3576  3576 W InputEventReceiver: Attempted to finish an input event but the input event receiver has already been disposed.
11-30 22:41:40.245  2127  3649 I ActivityManager: START u0 {act=android.intent.action.MAIN cat=[android.intent.category.LAUNCHER] flg=0x10200000 cmp=com.fanwe.p2p/.InitActivity} from uid 0 on display 0
11-30 22:41:40.358  2127  2137 I ActivityManager: START u0 {cmp=com.fanwe.p2p/.ProjectDetailWebviewActivity (has extras)} from uid 10041 on display 0
11-30 22:41:40.397  3576  3576 W System  : ClassLoader referenced unknown path: /system/app/webview/lib/x86
11-30 22:41:40.402  3576  3576 D ApplicationLoaders: ignored Vulkan layer search path /system/app/webview/lib/x86:/system/app/webview/webview.apk!/lib/x86:/system/lib:/vendor/lib for namespace 0xd7525090
11-30 22:41:40.403  3576  3576 I WebViewFactory: Loading com.google.android.webview version 92.0.4515.131 (code 451513101)
11-30 22:41:40.459  3576  3576 I cr_WVCFactoryProvider: Loaded version=92.0.4515.131 minSdkVersion=21 isBundle=true multiprocess=false packageId=2
11-30 22:41:40.521  3576  3576 I cr_LibraryLoader: Successfully loaded native library
11-30 22:41:40.522  3576  3576 I cr_CachingUmaRecorder: Flushed 7 samples from 7 histograms.
11-30 22:41:40.532  3576  3576 W cr_PlatformSer-Internal: Unable to find GMS package on device
11-30 22:41:40.653  3576  3576 I InterfaceServer: http://115.28.108.130/p2p3.6/p2psource/mapi/index.php?act=show_article&id=81&i_type=1&r_type=2
11-30 22:41:40.686  3576  3576 W ViewRootImpl[ProjectDetailWebviewActivity]: Dropping event due to no window focus: KeyEvent { action=ACTION_DOWN, keyCode=KEYCODE_DPAD_CENTER, scanCode=0, metaState=0, flags=0x8, repeatCount=0, eventTime=2999494, downTime=2999494, deviceId=-1, source=0x101 }
11-30 22:41:40.686  3576  3576 W ViewRootImpl[ProjectDetailWebviewActivity]: Cancelling event due to no window focus: KeyEvent { action=ACTION_UP, keyCode=KEYCODE_DPAD_CENTER, scanCode=0, metaState=0, flags=0x28, repeatCount=0, eventTime=2999723, downTime=2999723, deviceId=-1, source=0x101 }
11-30 22:41:40.686  3576  3576 W ViewRootImpl[ProjectDetailWebviewActivity]: Cancelling event due to no window focus: KeyEvent { action=ACTION_UP, keyCode=KEYCODE_DPAD_CENTER, scanCode=0, metaState=0, flags=0x28, repeatCount=0, eventTime=2999723, downTime=2999723, deviceId=-1, source=0x101 }
11-30 22:41:40.686  3576  3576 W ViewRootImpl[ProjectDetailWebviewActivity]: Cancelling event due to no window focus: KeyEvent { action=ACTION_UP, keyCode=KEYCODE_DPAD_CENTER, scanCode=0, metaState=0, flags=0x28, repeatCount=0, eventTime=2999723, downTime=2999723, deviceId=-1, source=0x101 }
11-30 22:41:40.686  3576  3576 W ViewRootImpl[ProjectDetailWebviewActivity]: Cancelling event due to no window focus: KeyEvent { action=ACTION_UP, keyCode=KEYCODE_DPAD_CENTER, scanCode=0, metaState=0, flags=0x28, repeatCount=0, eventTime=2999723, downTime=2999723, deviceId=-1, source=0x101 }
11-30 22:41:40.687  3576  3576 W ViewRootImpl[ProjectDetailWebviewActivity]: Cancelling event due to no window focus: KeyEvent { action=ACTION_UP, keyCode=KEYCODE_DPAD_CENTER, scanCode=0, metaState=0, flags=0x28, repeatCount=0, eventTime=2999723, downTime=2999723, deviceId=-1, source=0x101 }
11-30 22:41:40.687  3576  3576 W ViewRootImpl[ProjectDetailWebviewActivity]: Cancelling event due to no window focus: KeyEvent { action=ACTION_UP, keyCode=KEYCODE_DPAD_CENTER, scanCode=0, metaState=0, flags=0x28, repeatCount=0, eventTime=2999723, downTime=2999723, deviceId=-1, source=0x101 }
11-30 22:41:40.687  3576  3576 W ViewRootImpl[ProjectDetailWebviewActivity]: Cancelling event due to no window focus: KeyEvent { action=ACTION_UP, keyCode=KEYCODE_DPAD_CENTER, scanCode=0, metaState=0, flags=0x28, repeatCount=0, eventTime=2999723, downTime=2999723, deviceId=-1, source=0x101 }
11-30 22:41:40.687  3576  3576 W ViewRootImpl[ProjectDetailWebviewActivity]: Cancelling event due to no window focus: KeyEvent { action=ACTION_UP, keyCode=KEYCODE_DPAD_CENTER, scanCode=0, metaState=0, flags=0x28, repeatCount=0, eventTime=2999723, downTime=2999723, deviceId=-1, source=0x101 }
11-30 22:41:40.687  3576  3576 W ViewRootImpl[ProjectDetailWebviewActivity]: Cancelling event due to no window focus: KeyEvent { action=ACTION_UP, keyCode=KEYCODE_DPAD_CENTER, scanCode=0, metaState=0, flags=0x28, repeatCount=0, eventTime=2999723, downTime=2999723, deviceId=-1, source=0x101 }
11-30 22:41:40.795  3576  3576 E libEGL  : validate_display:99 error 3008 (EGL_BAD_DISPLAY)
11-30 22:41:40.869  3576  3576 E libEGL  : validate_display:99 error 3008 (EGL_BAD_DISPLAY)
11-30 22:41:41.000  2127  2147 I ActivityManager: Displayed com.fanwe.p2p/.ProjectDetailWebviewActivity: +637ms
11-30 22:41:41.010  3576  6094 D         : HostConnection::get() New Host Connection established 0xb3d96d30, tid 6094
11-30 22:41:41.027  2127  2575 I ActivityManager: START u0 {act=android.intent.action.MAIN cat=[android.intent.category.LAUNCHER] flg=0x10200000 cmp=com.fanwe.p2p/.InitActivity} from uid 0 on display 0
11-30 22:41:41.045  3576  6081 W cr_media: Requires BLUETOOTH permission
11-30 22:41:41.271  2127  2164 I ActivityManager: START u0 {act=android.intent.action.MAIN cat=[android.intent.category.HOME] flg=0x10200000 cmp=com.android.launcher3/.launcher3.Launcher (has extras)} from uid 1000 on display 0
11-30 22:41:41.430  6067  6067 D AndroidRuntime: >>>>>> START com.android.internal.os.RuntimeInit uid 0 <<<<<<
11-30 22:41:42.001  1833  1833 E EGL_emulation: tid 1833: eglCreateSyncKHR(1596): error 0x3004 (EGL_BAD_ATTRIBUTE)
11-30 22:41:42.013  1833  1833 D SurfaceFlinger: setOrientation, mFbdev=0xd6fd1600, mFbDev->setOrientation=0xd762ed30, orientation=1
11-30 22:41:42.013  1833  1833 I gralloc_nox: setOrientation: orientation=1
11-30 22:41:42.024  2127  2165 I InputReader: Reconfiguring input devices.  changes=0x00000004
11-30 22:41:42.025  2127  2165 I InputReader: Device reconfigured: id=2, name='Android_Input', size 1280x720, orientation 1, mode 1, display id 0
11-30 22:41:42.025  2127  2165 I InputReader: Reconfiguring input devices.  changes=0x00000004
11-30 22:41:42.050  2127  2147 I WindowManager: Screen frozen for +63ms due to Window{797178a u0 Toast}
11-30 22:41:42.297  1833  1833 E EGL_emulation: tid 1833: eglCreateSyncKHR(1596): error 0x3004 (EGL_BAD_ATTRIBUTE)
11-30 22:41:42.313  1833  1833 D SurfaceFlinger: setOrientation, mFbdev=0xd6fd1600, mFbDev->setOrientation=0xd762ed30, orientation=3
11-30 22:41:42.313  1833  1833 I gralloc_nox: setOrientation: orientation=3
11-30 22:41:42.313  6067  6067 D AndroidRuntime: CheckJNI is OFF
11-30 22:41:42.320  2127  2165 I InputReader: Reconfiguring input devices.  changes=0x00000004
11-30 22:41:42.320  2127  2165 I InputReader: Device reconfigured: id=2, name='Android_Input', size 1280x720, orientation 3, mode 1, display id 0
11-30 22:41:42.322  2127  2165 I InputReader: Reconfiguring input devices.  changes=0x00000004
11-30 22:41:42.347  2127  2138 I ActivityManager: START u0 {act=android.intent.action.MAIN cat=[android.intent.category.LAUNCHER] flg=0x10200000 cmp=com.fanwe.p2p/.InitActivity} from uid 0 on display 0
11-30 22:41:42.356  2127  2147 I WindowManager: Screen frozen for +71ms due to Window{797178a u0 Toast}
11-30 22:41:42.544  6067  6067 D ICU     : No timezone override file found: /data/misc/zoneinfo/current/icu/icu_tzdata.dat
11-30 22:41:42.560  2127  3651 I ActivityManager: START u0 {act=android.intent.action.MAIN cat=[android.intent.category.LAUNCHER] flg=0x10200000 cmp=com.fanwe.p2p/.InitActivity} from uid 0 on display 0
11-30 22:41:42.565  6067  6067 W art     : Unexpected CPU variant for X86 using defaults: x86
11-30 22:41:42.580  6067  6067 D         : houdini no need remount
11-30 22:41:42.610  6067  6067 E memtrack: Couldn't load memtrack module (No such file or directory)
11-30 22:41:42.610  6067  6067 E android.os.Debug: failed to load memtrack module: -2
11-30 22:41:42.611  6067  6067 I Radio-JNI: register_android_hardware_Radio DONE
11-30 22:41:42.628  6067  6067 D AndroidRuntime: Calling main entry com.android.commands.am.Am
11-30 22:41:42.642  6067  6067 D AndroidRuntime: Shutting down VM
11-30 22:41:42.714  2127  2138 I ActivityManager: START u0 {act=android.intent.action.MAIN cat=[android.intent.category.LAUNCHER] flg=0x10200000 cmp=com.fanwe.p2p/.InitActivity} from uid 0 on display 0
11-30 22:41:42.844  2127  2575 I ActivityManager: START u0 {cmp=com.fanwe.p2p/.ProjectDetailWebviewActivity (has extras)} from uid 10041 on display 0
11-30 22:41:42.889  3576  3576 I InterfaceServer: http://115.28.108.130/p2p3.6/p2psource/mapi/index.php?act=show_article&id=81&i_type=1&r_type=2
11-30 22:41:43.372  3576  3576 W ViewRootImpl[ProjectDetailWebviewActivity]: Dropping event due to no window focus: KeyEvent { action=ACTION_DOWN, keyCode=KEYCODE_DPAD_CENTER, scanCode=0, metaState=0, flags=0x8, repeatCount=0, eventTime=3001996, downTime=3001996, deviceId=-1, source=0x101 }
11-30 22:41:43.375  2127  2160 D Sensors : Client connection accepted (230)
11-30 22:41:43.376  3576  3576 W ViewRootImpl[ProjectDetailWebviewActivity]: Cancelling event due to no window focus: KeyEvent { action=ACTION_UP, keyCode=KEYCODE_DPAD_CENTER, scanCode=0, metaState=0, flags=0x28, repeatCount=0, eventTime=3002001, downTime=3002001, deviceId=-1, source=0x101 }
11-30 22:41:43.376  3576  3576 W ViewRootImpl[ProjectDetailWebviewActivity]: Cancelling event due to no window focus: KeyEvent { action=ACTION_UP, keyCode=KEYCODE_DPAD_CENTER, scanCode=0, metaState=0, flags=0x28, repeatCount=0, eventTime=3002001, downTime=3002001, deviceId=-1, source=0x101 }
11-30 22:41:43.376  3576  3576 W ViewRootImpl[ProjectDetailWebviewActivity]: Cancelling event due to no window focus: KeyEvent { action=ACTION_UP, keyCode=KEYCODE_DPAD_CENTER, scanCode=0, metaState=0, flags=0x28, repeatCount=0, eventTime=3002001, downTime=3002001, deviceId=-1, source=0x101 }
11-30 22:41:43.376  3576  3576 W ViewRootImpl[ProjectDetailWebviewActivity]: Cancelling event due to no window focus: KeyEvent { action=ACTION_UP, keyCode=KEYCODE_DPAD_CENTER, scanCode=0, metaState=0, flags=0x28, repeatCount=0, eventTime=3002001, downTime=3002001, deviceId=-1, source=0x101 }
11-30 22:41:43.376  3576  3576 W ViewRootImpl[ProjectDetailWebviewActivity]: Cancelling event due to no window focus: KeyEvent { action=ACTION_UP, keyCode=KEYCODE_DPAD_CENTER, scanCode=0, metaState=0, flags=0x28, repeatCount=0, eventTime=3002001, downTime=3002001, deviceId=-1, source=0x101 }
11-30 22:41:43.376  3576  3576 W ViewRootImpl[ProjectDetailWebviewActivity]: Cancelling event due to no window focus: KeyEvent { action=ACTION_UP, keyCode=KEYCODE_DPAD_CENTER, scanCode=0, metaState=0, flags=0x28, repeatCount=0, eventTime=3002001, downTime=3002001, deviceId=-1, source=0x101 }
11-30 22:41:43.376  3576  3576 W ViewRootImpl[ProjectDetailWebviewActivity]: Cancelling event due to no window focus: KeyEvent { action=ACTION_UP, keyCode=KEYCODE_DPAD_CENTER, scanCode=0, metaState=0, flags=0x28, repeatCount=0, eventTime=3002001, downTime=3002001, deviceId=-1, source=0x101 }
11-30 22:41:43.376  3576  3576 W ViewRootImpl[ProjectDetailWebviewActivity]: Cancelling event due to no window focus: KeyEvent { action=ACTION_UP, keyCode=KEYCODE_DPAD_CENTER, scanCode=0, metaState=0, flags=0x28, repeatCount=0, eventTime=3002001, downTime=3002001, deviceId=-1, source=0x101 }
11-30 22:41:43.376  3576  3576 W ViewRootImpl[ProjectDetailWebviewActivity]: Cancelling event due to no window focus: KeyEvent { action=ACTION_UP, keyCode=KEYCODE_DPAD_CENTER, scanCode=0, metaState=0, flags=0x28, repeatCount=0, eventTime=3002001, downTime=3002001, deviceId=-1, source=0x101 }
11-30 22:41:43.378  2127  2160 D Sensors : Client connection accepted (229)
11-30 22:41:43.508  2127  2147 I ActivityManager: Displayed com.fanwe.p2p/.ProjectDetailWebviewActivity: +654ms
11-30 22:41:43.639  3576  6099 E chromium: [ERROR:tile_manager.cc(821)] WARNING: tile memory limits exceeded, some content may not draw
11-30 22:41:43.639  3576  6099 E chromium: [ERROR:tile_manager.cc(821)] WARNING: tile memory limits exceeded, some content may not draw
11-30 22:41:44.159  1826  1826 E NOX     : recv() error
11-30 22:41:44.160  1826  1826 D NOX     : Socket read error
11-30 22:41:44.362  2127  2147 I art     : Starting a blocking GC Explicit
11-30 22:41:44.391  2195  2257 I vol.Events: writeEvent active_stream_changed STREAM_RING
11-30 22:41:44.395  2195  2257 I vol.Events: writeEvent key STREAM_RING 4
11-30 22:41:44.406  2195  2195 I vol.Events: writeEvent show_dialog volume_changed keyguard=false
11-30 22:41:44.491  2127  2147 I art     : Explicit concurrent mark sweep GC freed 15932(1008KB) AllocSpace objects, 17(420KB) LOS objects, 33% free, 7MB/10MB, paused 977us total 129.051ms
11-30 22:41:44.535  2127  2127 W WindowManager: updateFocusedWindowLocked, focusedAppToken is null.
11-30 22:41:44.577  2127  3854 I OpenGLRenderer: Initialized EGL, version 1.4
11-30 22:41:44.577  2127  3854 D OpenGLRenderer: Swap behavior 1
11-30 22:41:44.924  2127  2425 I ActivityManager: START u0 {act=android.intent.action.MAIN cat=[android.intent.category.LAUNCHER] flg=0x10200000 cmp=com.fanwe.p2p/.InitActivity} from uid 0 on display 0
11-30 22:41:45.034  2195  2195 I vol.Events: writeEvent dismiss_dialog touch_outside
11-30 22:41:45.035  2195  2257 I vol.Events: writeEvent active_stream_changed UNKNOWN_STREAM_-1
11-30 22:41:45.052  2127  2127 W InputEventReceiver: Attempted to finish an input event but the input event receiver has already been disposed.
11-30 22:41:45.055  2127  3651 W InputMethodManagerService: Window already focused, ignoring focus gain of: com.android.internal.view.IInputMethodClient$Stub$Proxy@30508e2 attribute=null, token = android.os.BinderProxy@a3c08e4
11-30 22:41:45.055  2127  2127 W ViewRootImpl[Select input method]: Dropping event due to root view being removed: MotionEvent { action=ACTION_UP, actionButton=0, id[0]=0, x[0]=578.33984, y[0]=-300.50803, toolType[0]=TOOL_TYPE_UNKNOWN, buttonState=0, metaState=0, flags=0x0, edgeFlags=0x0, pointerCount=1, historySize=0, eventTime=3004073, downTime=3004070, deviceId=0, source=0x1002 }
11-30 22:41:45.055  2127  2127 W InputEventReceiver: Attempted to finish an input event but the input event receiver has already been disposed.
11-30 22:41:45.107  6133  6133 D AndroidRuntime: >>>>>> START com.android.internal.os.RuntimeInit uid 0 <<<<<<
11-30 22:41:45.365  2127  2339 W ActivityManager: Duplicate finish request for ActivityRecord{a4b1138 u0 com.fanwe.p2p/.ProjectDetailWebviewActivity t13 f}
11-30 22:41:45.750  6133  6133 D AndroidRuntime: CheckJNI is OFF
11-30 22:41:45.817  6133  6133 D ICU     : No timezone override file found: /data/misc/zoneinfo/current/icu/icu_tzdata.dat
11-30 22:41:45.826  6133  6133 W art     : Unexpected CPU variant for X86 using defaults: x86
11-30 22:41:45.833  6133  6133 D         : houdini no need remount
11-30 22:41:45.847  6133  6133 E memtrack: Couldn't load memtrack module (No such file or directory)
11-30 22:41:45.847  6133  6133 E android.os.Debug: failed to load memtrack module: -2
11-30 22:41:45.848  6133  6133 I Radio-JNI: register_android_hardware_Radio DONE
11-30 22:41:45.861  6133  6133 D AndroidRuntime: Calling main entry com.android.commands.am.Am
11-30 22:41:45.867  6133  6133 D AndroidRuntime: Shutting down VM
11-30 22:41:46.119  2127  2137 I ActivityManager: START u0 {cmp=com.fanwe.p2p/.ProjectDetailWebviewActivity (has extras)} from uid 10041 on display 0
11-30 22:41:46.138  3576  3576 I InterfaceServer: http://115.28.108.130/p2p3.6/p2psource/mapi/index.php?act=show_article&id=45&i_type=1&r_type=2
11-30 22:41:46.155  2127  2164 I InputDispatcher: Dropping event because there is no touchable window at (554, 1090).
11-30 22:41:46.155  2127  2693 W InputManager: Input event injection from pid 5363 failed.
11-30 22:41:46.156  2127  3649 W InputManager: Input event injection from pid 5363 failed.
11-30 22:41:46.262  2127  2147 I ActivityManager: Displayed com.fanwe.p2p/.ProjectDetailWebviewActivity: +138ms
11-30 22:41:46.572  2127  2693 I ActivityManager: START u0 {act=android.intent.action.MAIN cat=[android.intent.category.LAUNCHER] flg=0x10200000 cmp=com.fanwe.p2p/.InitActivity} from uid 0 on display 0
11-30 22:41:46.778  2127  3651 I ActivityManager: START u0 {act=android.intent.action.MAIN cat=[android.intent.category.LAUNCHER] flg=0x10200000 cmp=com.fanwe.p2p/.InitActivity} from uid 0 on display 0
11-30 22:41:46.855  6144  6144 D AndroidRuntime: >>>>>> START com.android.internal.os.RuntimeInit uid 0 <<<<<<
11-30 22:41:47.368  6144  6144 D AndroidRuntime: CheckJNI is OFF
11-30 22:41:47.598  6144  6144 D ICU     : No timezone override file found: /data/misc/zoneinfo/current/icu/icu_tzdata.dat
11-30 22:41:47.626  6144  6144 W art     : Unexpected CPU variant for X86 using defaults: x86
11-30 22:41:47.644  6144  6144 D         : houdini no need remount
11-30 22:41:47.665  6144  6144 E memtrack: Couldn't load memtrack module (No such file or directory)
11-30 22:41:47.665  6144  6144 E android.os.Debug: failed to load memtrack module: -2
11-30 22:41:47.666  6144  6144 I Radio-JNI: register_android_hardware_Radio DONE
11-30 22:41:47.679  6144  6144 D AndroidRuntime: Calling main entry com.android.commands.am.Am
11-30 22:41:47.683  6144  6144 D AndroidRuntime: Shutting down VM
11-30 22:41:48.109  2127  2429 W InputMethodManagerService: Window already focused, ignoring focus gain of: com.android.internal.view.IInputMethodClient$Stub$Proxy@d59ea45 attribute=null, token = android.os.BinderProxy@9ff4cf4
11-30 22:41:48.466  6155  6155 D AndroidRuntime: >>>>>> START com.android.internal.os.RuntimeInit uid 0 <<<<<<
11-30 22:41:48.518  2127  2429 I ActivityManager: START u0 {act=android.intent.action.MAIN cat=[android.intent.category.LAUNCHER] flg=0x10200000 cmp=com.fanwe.p2p/.InitActivity} from uid 0 on display 0
11-30 22:41:48.932  2127  3621 I ActivityManager: START u0 {act=android.intent.action.MAIN cat=[android.intent.category.LAUNCHER] flg=0x10200000 cmp=com.fanwe.p2p/.InitActivity} from uid 0 on display 0
11-30 22:41:48.998  6155  6155 D AndroidRuntime: CheckJNI is OFF
11-30 22:41:49.078  6155  6155 D ICU     : No timezone override file found: /data/misc/zoneinfo/current/icu/icu_tzdata.dat
11-30 22:41:49.091  6155  6155 W art     : Unexpected CPU variant for X86 using defaults: x86
11-30 22:41:49.096  6155  6155 D         : houdini no need remount
11-30 22:41:49.108  6155  6155 E memtrack: Couldn't load memtrack module (No such file or directory)
11-30 22:41:49.108  6155  6155 E android.os.Debug: failed to load memtrack module: -2
11-30 22:41:49.108  6155  6155 I Radio-JNI: register_android_hardware_Radio DONE
11-30 22:41:49.118  6155  6155 D AndroidRuntime: Calling main entry com.android.commands.am.Am
11-30 22:41:49.124  6155  6155 D AndroidRuntime: Shutting down VM
11-30 22:41:49.126  6155  6163 W art     : Thread attaching while runtime is shutting down: Binder:6155_2
11-30 22:41:49.126  6155  6163 I AndroidRuntime: NOTE: attach of thread 'Binder:6155_2' failed
11-30 22:41:49.273  2127  2137 I ActivityManager: START u0 {act=android.intent.action.MAIN cat=[android.intent.category.LAUNCHER] flg=0x10200000 cmp=com.fanwe.p2p/.InitActivity} from uid 0 on display 0
11-30 22:41:49.715  1833  1833 E EGL_emulation: tid 1833: eglCreateSyncKHR(1596): error 0x3004 (EGL_BAD_ATTRIBUTE)
11-30 22:41:49.730  1833  1833 D SurfaceFlinger: setOrientation, mFbdev=0xd6fd1600, mFbDev->setOrientation=0xd762ed30, orientation=1
11-30 22:41:49.730  1833  1833 I gralloc_nox: setOrientation: orientation=1
11-30 22:41:49.742  2127  2141 I WindowManager: Screen frozen for +32ms due to Window{797178a u0 Toast}
11-30 22:41:49.778  2127  2165 I InputReader: Reconfiguring input devices.  changes=0x00000004
11-30 22:41:49.778  2127  2165 I InputReader: Device reconfigured: id=2, name='Android_Input', size 1280x720, orientation 1, mode 1, display id 0
11-30 22:41:49.779  2127  2165 I InputReader: Reconfiguring input devices.  changes=0x00000004
11-30 22:41:49.986  2127  3621 W InputMethodManagerService: Window already focused, ignoring focus gain of: com.android.internal.view.IInputMethodClient$Stub$Proxy@964d9d8 attribute=null, token = android.os.BinderProxy@9ff4cf4
11-30 22:41:50.144  2127  2164 I ActivityManager: START u0 {act=android.intent.action.MAIN cat=[android.intent.category.LAUNCHER] flg=0x10000000 sel=act=android.intent.action.MAIN cat=[android.intent.category.APP_EMAIL]}} from uid 1000 on display 0
11-30 22:41:50.364  1833  1833 E EGL_emulation: tid 1833: eglCreateSyncKHR(1596): error 0x3004 (EGL_BAD_ATTRIBUTE)
11-30 22:41:50.380  1833  1833 D SurfaceFlinger: setOrientation, mFbdev=0xd6fd1600, mFbDev->setOrientation=0xd762ed30, orientation=3
11-30 22:41:50.380  1833  1833 I gralloc_nox: setOrientation: orientation=3
11-30 22:41:50.386  6166  6166 D AndroidRuntime: >>>>>> START com.android.internal.os.RuntimeInit uid 0 <<<<<<
11-30 22:41:50.392  2127  2165 I InputReader: Reconfiguring input devices.  changes=0x00000004
11-30 22:41:50.392  2127  2165 I InputReader: Device reconfigured: id=2, name='Android_Input', size 1280x720, orientation 3, mode 1, display id 0
11-30 22:41:50.394  2127  2165 I InputReader: Reconfiguring input devices.  changes=0x00000004
11-30 22:41:50.425  2127  2147 I WindowManager: Screen frozen for +72ms due to Window{797178a u0 Toast}
11-30 22:41:50.601  1826  1826 E NOX     : recv() error
11-30 22:41:50.601  1826  1826 D NOX     : Socket read error
11-30 22:41:51.027  2127  2164 I ActivityManager: START u0 {act=android.intent.action.MAIN cat=[android.intent.category.LAUNCHER] flg=0x10000000 sel=act=android.intent.action.MAIN cat=[android.intent.category.APP_EMAIL]}} from uid 1000 on display 0
11-30 22:41:51.146  6166  6166 D AndroidRuntime: CheckJNI is OFF
11-30 22:41:51.231  6166  6166 D ICU     : No timezone override file found: /data/misc/zoneinfo/current/icu/icu_tzdata.dat
11-30 22:41:51.244  6166  6166 W art     : Unexpected CPU variant for X86 using defaults: x86
11-30 22:41:51.262  6166  6166 D         : houdini no need remount
11-30 22:41:51.295  6166  6166 E memtrack: Couldn't load memtrack module (No such file or directory)
11-30 22:41:51.295  6166  6166 E android.os.Debug: failed to load memtrack module: -2
11-30 22:41:51.296  6166  6166 I Radio-JNI: register_android_hardware_Radio DONE
11-30 22:41:51.324  6166  6166 D AndroidRuntime: Calling main entry com.android.commands.am.Am
11-30 22:41:51.332  6166  6166 D AndroidRuntime: Shutting down VM
11-30 22:41:51.617  2127  2239 I ActivityManager: START u0 {act=android.intent.action.MAIN cat=[android.intent.category.LAUNCHER] flg=0x10200000 cmp=com.fanwe.p2p/.InitActivity} from uid 0 on display 0
11-30 22:41:51.667  2127  2160 D Sensors : Client connection accepted (229)
11-30 22:41:51.668  2127  2160 D Sensors : Client connection accepted (229)
11-30 22:41:52.417  1833  1833 E EGL_emulation: tid 1833: eglCreateSyncKHR(1596): error 0x3004 (EGL_BAD_ATTRIBUTE)
11-30 22:41:52.430  1833  1833 D SurfaceFlinger: setOrientation, mFbdev=0xd6fd1600, mFbDev->setOrientation=0xd762ed30, orientation=1
11-30 22:41:52.430  1833  1833 I gralloc_nox: setOrientation: orientation=1
11-30 22:41:52.439  2127  2165 I InputReader: Reconfiguring input devices.  changes=0x00000004
11-30 22:41:52.439  2127  2165 I InputReader: Device reconfigured: id=2, name='Android_Input', size 1280x720, orientation 1, mode 1, display id 0
11-30 22:41:52.447  2127  2147 I WindowManager: Screen frozen for +35ms due to Window{797178a u0 Toast}
11-30 22:41:52.751  6190  6190 D AndroidRuntime: >>>>>> START com.android.internal.os.RuntimeInit uid 0 <<<<<<
11-30 22:41:52.916  2127  2429 I ActivityManager: START u0 {act=android.intent.action.MAIN cat=[android.intent.category.LAUNCHER] flg=0x10200000 cmp=com.fanwe.p2p/.InitActivity} from uid 0 on display 0
11-30 22:41:53.020  2127  2425 I ActivityManager: START u0 {act=android.intent.action.MAIN cat=[android.intent.category.LAUNCHER] flg=0x10200000 cmp=com.fanwe.p2p/.InitActivity} from uid 0 on display 0
11-30 22:41:53.246  6190  6190 D AndroidRuntime: CheckJNI is OFF
11-30 22:41:53.336  2127  2164 I ActivityManager: START u0 {act=android.intent.action.MAIN cat=[android.intent.category.HOME] flg=0x10200000 cmp=com.android.launcher3/.launcher3.Launcher (has extras)} from uid 1000 on display 0
11-30 22:41:53.343  6190  6190 D ICU     : No timezone override file found: /data/misc/zoneinfo/current/icu/icu_tzdata.dat
11-30 22:41:53.353  6190  6190 W art     : Unexpected CPU variant for X86 using defaults: x86
11-30 22:41:53.360  6190  6190 D         : houdini no need remount
11-30 22:41:53.374  6190  6190 E memtrack: Couldn't load memtrack module (No such file or directory)
11-30 22:41:53.374  6190  6190 E android.os.Debug: failed to load memtrack module: -2
11-30 22:41:53.375  6190  6190 I Radio-JNI: register_android_hardware_Radio DONE
11-30 22:41:53.385  6190  6190 D AndroidRuntime: Calling main entry com.android.commands.settings.SettingsCmd
11-30 22:41:53.387  6190  6190 D AndroidRuntime: Shutting down VM
11-30 22:41:53.449  1833  1833 E EGL_emulation: tid 1833: eglCreateSyncKHR(1596): error 0x3004 (EGL_BAD_ATTRIBUTE)
11-30 22:41:53.463  1833  1833 D SurfaceFlinger: setOrientation, mFbdev=0xd6fd1600, mFbDev->setOrientation=0xd762ed30, orientation=3
11-30 22:41:53.463  1833  1833 I gralloc_nox: setOrientation: orientation=3
11-30 22:41:53.476  2127  2165 I InputReader: Reconfiguring input devices.  changes=0x00000004
11-30 22:41:53.476  2127  2165 I InputReader: Device reconfigured: id=2, name='Android_Input', size 1280x720, orientation 3, mode 1, display id 0
11-30 22:41:53.478  2127  2147 I WindowManager: Screen frozen for +36ms due to Window{797178a u0 Toast}
11-30 22:41:53.667  2127  2138 I ActivityManager: START u0 {act=android.intent.action.MAIN cat=[android.intent.category.LAUNCHER] flg=0x10200000 cmp=com.fanwe.p2p/.InitActivity} from uid 0 on display 0
11-30 22:41:53.674  2127  2160 D Sensors : Client connection accepted (229)
11-30 22:41:53.848  2127  2160 D Sensors : Client connection accepted (229)
11-30 22:41:53.992  2127  2239 I ActivityManager: START u0 {act=android.intent.action.MAIN cat=[android.intent.category.LAUNCHER] flg=0x10200000 cmp=com.fanwe.p2p/.InitActivity} from uid 0 on display 0
11-30 22:41:54.375  6208  6208 D AndroidRuntime: >>>>>> START com.android.internal.os.RuntimeInit uid 0 <<<<<<
11-30 22:41:54.941  6208  6208 D AndroidRuntime: CheckJNI is OFF
11-30 22:41:54.951  2127  3649 I ActivityManager: START u0 {act=android.intent.action.MAIN cat=[android.intent.category.LAUNCHER] flg=0x10200000 cmp=com.fanwe.p2p/.InitActivity} from uid 0 on display 0
11-30 22:41:55.043  6208  6208 D ICU     : No timezone override file found: /data/misc/zoneinfo/current/icu/icu_tzdata.dat
11-30 22:41:55.059  6208  6208 W art     : Unexpected CPU variant for X86 using defaults: x86
11-30 22:41:55.066  6208  6208 D         : houdini no need remount
11-30 22:41:55.081  6208  6208 E memtrack: Couldn't load memtrack module (No such file or directory)
11-30 22:41:55.081  6208  6208 E android.os.Debug: failed to load memtrack module: -2
11-30 22:41:55.082  6208  6208 I Radio-JNI: register_android_hardware_Radio DONE
11-30 22:41:55.094  6208  6208 D AndroidRuntime: Calling main entry com.android.commands.am.Am
11-30 22:41:55.098  6208  6208 D AndroidRuntime: Shutting down VM
11-30 22:41:55.161  2127  3648 I ActivityManager: START u0 {act=android.intent.action.MAIN cat=[android.intent.category.LAUNCHER] flg=0x10200000 cmp=com.fanwe.p2p/.InitActivity} from uid 0 on display 0
11-30 22:41:55.272  2127  3621 W InputMethodManagerService: Window already focused, ignoring focus gain of: com.android.internal.view.IInputMethodClient$Stub$Proxy@c785426 attribute=null, token = android.os.BinderProxy@9ff4cf4
11-30 22:41:55.488  2127  2147 I art     : Starting a blocking GC Explicit
11-30 22:41:55.561  2127  2147 I art     : Explicit concurrent mark sweep GC freed 20351(1293KB) AllocSpace objects, 25(580KB) LOS objects, 33% free, 7MB/11MB, paused 749us total 73.153ms
11-30 22:41:55.580  2127  3649 I ActivityManager: START u0 {act=android.intent.action.MAIN cat=[android.intent.category.LAUNCHER] flg=0x10200000 cmp=com.fanwe.p2p/.InitActivity} from uid 0 on display 0
11-30 22:41:56.209  6226  6226 D AndroidRuntime: >>>>>> START com.android.internal.os.RuntimeInit uid 0 <<<<<<
11-30 22:41:56.215  2127  2429 I ActivityManager: START u0 {act=android.intent.action.MAIN cat=[android.intent.category.LAUNCHER] flg=0x10200000 cmp=com.fanwe.p2p/.InitActivity} from uid 0 on display 0
11-30 22:41:56.869  2127  2429 I ActivityManager: START u0 {act=android.intent.action.MAIN cat=[android.intent.category.LAUNCHER] flg=0x10200000 cmp=com.fanwe.p2p/.InitActivity} from uid 0 on display 0
11-30 22:41:56.891  6226  6226 D AndroidRuntime: CheckJNI is OFF
11-30 22:41:56.960  6226  6226 D ICU     : No timezone override file found: /data/misc/zoneinfo/current/icu/icu_tzdata.dat
11-30 22:41:56.970  6226  6226 W art     : Unexpected CPU variant for X86 using defaults: x86
11-30 22:41:56.979  6226  6226 D         : houdini no need remount
11-30 22:41:56.991  6226  6226 E memtrack: Couldn't load memtrack module (No such file or directory)
11-30 22:41:56.991  6226  6226 E android.os.Debug: failed to load memtrack module: -2
11-30 22:41:56.992  6226  6226 I Radio-JNI: register_android_hardware_Radio DONE
11-30 22:41:57.006  6226  6226 D AndroidRuntime: Calling main entry com.android.commands.am.Am
11-30 22:41:57.016  6226  6226 D AndroidRuntime: Shutting down VM
11-30 22:41:57.168  1837  1893 D AudioFlinger: mixer(0xd6183f80) throttle end: throttle time(40)
11-30 22:41:57.697  2127  2138 I ActivityManager: START u0 {act=android.intent.action.MAIN cat=[android.intent.category.LAUNCHER] flg=0x10200000 cmp=com.fanwe.p2p/.InitActivity} from uid 0 on display 0
11-30 22:41:57.810  2127  4685 I ActivityManager: START u0 {act=android.intent.action.MAIN cat=[android.intent.category.LAUNCHER] flg=0x10200000 cmp=com.fanwe.p2p/.InitActivity} from uid 0 on display 0
11-30 22:41:57.840  6237  6237 D AndroidRuntime: >>>>>> START com.android.internal.os.RuntimeInit uid 0 <<<<<<
11-30 22:41:57.914  2127  3621 I ActivityManager: START u0 {act=android.intent.action.MAIN cat=[android.intent.category.LAUNCHER] flg=0x10200000 cmp=com.fanwe.p2p/.InitActivity} from uid 0 on display 0
11-30 22:41:58.330  6237  6237 D AndroidRuntime: CheckJNI is OFF
11-30 22:41:58.350  2127  2429 W InputMethodManagerService: Window already focused, ignoring focus gain of: com.android.internal.view.IInputMethodClient$Stub$Proxy@37428b0 attribute=null, token = android.os.BinderProxy@9ff4cf4
11-30 22:41:58.412  6237  6237 D ICU     : No timezone override file found: /data/misc/zoneinfo/current/icu/icu_tzdata.dat
11-30 22:41:58.425  6237  6237 W art     : Unexpected CPU variant for X86 using defaults: x86
11-30 22:41:58.432  6237  6237 D         : houdini no need remount
11-30 22:41:58.452  6237  6237 E memtrack: Couldn't load memtrack module (No such file or directory)
11-30 22:41:58.452  6237  6237 E android.os.Debug: failed to load memtrack module: -2
11-30 22:41:58.454  6237  6237 I Radio-JNI: register_android_hardware_Radio DONE
11-30 22:41:58.474  6237  6237 D AndroidRuntime: Calling main entry com.android.commands.am.Am
11-30 22:41:58.477  6237  6237 D AndroidRuntime: Shutting down VM
11-30 22:41:58.661  2127  2575 I ActivityManager: START u0 {act=android.intent.action.MAIN cat=[android.intent.category.LAUNCHER] flg=0x10200000 cmp=com.fanwe.p2p/.InitActivity} from uid 0 on display 0
11-30 22:41:58.894  2127  3618 I ActivityManager: START u0 {act=android.intent.action.MAIN cat=[android.intent.category.LAUNCHER] flg=0x10200000 cmp=com.fanwe.p2p/.InitActivity} from uid 0 on display 0
11-30 22:41:59.005  2127  2138 W InputManager: Input event injection from pid 5363 failed.
11-30 22:41:59.006  2127  2575 W InputMethodManagerService: Window already focused, ignoring focus gain of: com.android.internal.view.IInputMethodClient$Stub$Proxy@434dd86 attribute=null, token = android.os.BinderProxy@9ff4cf4
11-30 22:41:59.437  6248  6248 D AndroidRuntime: >>>>>> START com.android.internal.os.RuntimeInit uid 0 <<<<<<
11-30 22:41:59.628  2127  2425 I ActivityManager: START u0 {act=android.intent.action.MAIN cat=[android.intent.category.LAUNCHER] flg=0x10200000 cmp=com.fanwe.p2p/.InitActivity} from uid 0 on display 0
11-30 22:41:59.733  2127  2388 I ActivityManager: START u0 {act=android.intent.action.MAIN cat=[android.intent.category.LAUNCHER] flg=0x10200000 cmp=com.fanwe.p2p/.InitActivity} from uid 0 on display 0
11-30 22:41:59.939  2127  2693 I ActivityManager: START u0 {act=android.intent.action.MAIN cat=[android.intent.category.LAUNCHER] flg=0x10200000 cmp=com.fanwe.p2p/.InitActivity} from uid 0 on display 0
11-30 22:41:59.944  6248  6248 D AndroidRuntime: CheckJNI is OFF
11-30 22:42:00.013  6248  6248 D ICU     : No timezone override file found: /data/misc/zoneinfo/current/icu/icu_tzdata.dat
11-30 22:42:00.027  6248  6248 W art     : Unexpected CPU variant for X86 using defaults: x86
11-30 22:42:00.039  6248  6248 D         : houdini no need remount
11-30 22:42:00.043  2127  2693 I ActivityManager: START u0 {act=android.intent.action.MAIN cat=[android.intent.category.LAUNCHER] flg=0x10200000 cmp=com.fanwe.p2p/.InitActivity} from uid 0 on display 0
11-30 22:42:00.056  6248  6248 E memtrack: Couldn't load memtrack module (No such file or directory)
11-30 22:42:00.056  6248  6248 E android.os.Debug: failed to load memtrack module: -2
11-30 22:42:00.057  6248  6248 I Radio-JNI: register_android_hardware_Radio DONE
11-30 22:42:00.074  6248  6248 D AndroidRuntime: Calling main entry com.android.commands.am.Am
11-30 22:42:00.080  6248  6248 D AndroidRuntime: Shutting down VM
11-30 22:42:00.147  2127  2575 I ActivityManager: START u0 {act=android.intent.action.MAIN cat=[android.intent.category.LAUNCHER] flg=0x10200000 cmp=com.fanwe.p2p/.InitActivity} from uid 0 on display 0
11-30 22:42:00.848  6259  6259 D AndroidRuntime: >>>>>> START com.android.internal.os.RuntimeInit uid 0 <<<<<<
11-30 22:42:00.997  2127  2388 I ActivityManager: START u0 {act=android.intent.action.MAIN cat=[android.intent.category.LAUNCHER] flg=0x10200000 cmp=com.fanwe.p2p/.InitActivity} from uid 0 on display 0
11-30 22:42:01.311  2127  3651 I ActivityManager: START u0 {act=android.intent.action.MAIN cat=[android.intent.category.LAUNCHER] flg=0x10200000 cmp=com.fanwe.p2p/.InitActivity} from uid 0 on display 0
11-30 22:42:01.336  6259  6259 D AndroidRuntime: CheckJNI is OFF
11-30 22:42:01.408  6259  6259 D ICU     : No timezone override file found: /data/misc/zoneinfo/current/icu/icu_tzdata.dat
11-30 22:42:01.418  6259  6259 W art     : Unexpected CPU variant for X86 using defaults: x86
11-30 22:42:01.424  6259  6259 D         : houdini no need remount
11-30 22:42:01.437  6259  6259 E memtrack: Couldn't load memtrack module (No such file or directory)
11-30 22:42:01.438  6259  6259 E android.os.Debug: failed to load memtrack module: -2
11-30 22:42:01.438  6259  6259 I Radio-JNI: register_android_hardware_Radio DONE
11-30 22:42:01.449  6259  6259 D AndroidRuntime: Calling main entry com.android.commands.am.Am
11-30 22:42:01.453  6259  6259 D AndroidRuntime: Shutting down VM
11-30 22:42:01.640  2127  3648 W InputMethodManagerService: Window already focused, ignoring focus gain of: com.android.internal.view.IInputMethodClient$Stub$Proxy@b2bbc3c attribute=null, token = android.os.BinderProxy@9ff4cf4
11-30 22:42:01.840  2127  2239 I ActivityManager: START u0 {act=android.intent.action.MAIN cat=[android.intent.category.LAUNCHER] flg=0x10200000 cmp=com.fanwe.p2p/.InitActivity} from uid 0 on display 0
11-30 22:42:02.162  2127  2239 W InputManager: Input event injection from pid 5363 failed.
11-30 22:42:02.166  2127  2575 W InputMethodManagerService: Window already focused, ignoring focus gain of: com.android.internal.view.IInputMethodClient$Stub$Proxy@43196e6 attribute=null, token = android.os.BinderProxy@9ff4cf4
11-30 22:42:02.270  2127  2693 I ActivityManager: START u0 {act=android.intent.action.MAIN cat=[android.intent.category.LAUNCHER] flg=0x10200000 cmp=com.fanwe.p2p/.InitActivity} from uid 0 on display 0
11-30 22:42:02.495  2127  2137 W ActivityManager: Duplicate finish request for ActivityRecord{e873448 u0 com.fanwe.p2p/.ProjectDetailWebviewActivity t13 f}
11-30 22:42:02.700  6270  6270 D AndroidRuntime: >>>>>> START com.android.internal.os.RuntimeInit uid 0 <<<<<<
11-30 22:42:02.835  2127  2425 I ActivityManager: START u0 {act=android.intent.action.MAIN cat=[android.intent.category.LAUNCHER] flg=0x10200000 cmp=com.fanwe.p2p/.InitActivity} from uid 0 on display 0
11-30 22:42:03.079  2127  3649 I ActivityManager: START u0 {act=android.intent.action.MAIN cat=[android.intent.category.LAUNCHER] flg=0x10200000 cmp=com.fanwe.p2p/.InitActivity} from uid 0 on display 0
11-30 22:42:03.187  2127  2239 I ActivityManager: START u0 {act=android.intent.action.MAIN cat=[android.intent.category.LAUNCHER] flg=0x10200000 cmp=com.fanwe.p2p/.InitActivity} from uid 0 on display 0
11-30 22:42:03.273  1826  1826 E NOX     : recv() error
11-30 22:42:03.273  1826  1826 D NOX     : Socket read error
11-30 22:42:03.622  6270  6270 D AndroidRuntime: CheckJNI is OFF
11-30 22:42:03.705  2127  3651 I ActivityManager: START u0 {act=android.intent.action.MAIN cat=[android.intent.category.LAUNCHER] flg=0x10200000 cmp=com.fanwe.p2p/.InitActivity} from uid 0 on display 0
11-30 22:42:03.819  2127  4685 I ActivityManager: START u0 {act=android.intent.action.MAIN cat=[android.intent.category.LAUNCHER] flg=0x10200000 cmp=com.fanwe.p2p/.InitActivity} from uid 0 on display 0
11-30 22:42:03.837  6270  6270 D ICU     : No timezone override file found: /data/misc/zoneinfo/current/icu/icu_tzdata.dat
11-30 22:42:03.865  6270  6270 W art     : Unexpected CPU variant for X86 using defaults: x86
11-30 22:42:03.881  6270  6270 D         : houdini no need remount
11-30 22:42:03.900  6270  6270 E memtrack: Couldn't load memtrack module (No such file or directory)
11-30 22:42:03.900  6270  6270 E android.os.Debug: failed to load memtrack module: -2
11-30 22:42:03.902  6270  6270 I Radio-JNI: register_android_hardware_Radio DONE
11-30 22:42:03.940  6270  6270 D AndroidRuntime: Calling main entry com.android.commands.am.Am
11-30 22:42:03.953  6270  6270 D AndroidRuntime: Shutting down VM
