11-30 22:40:47.327  5683  5683 E memtrack: Couldn't load memtrack module (No such file or directory)
11-30 22:40:47.327  5683  5683 E android.os.Debug: failed to load memtrack module: -2
11-30 22:40:47.328  5683  5683 I Radio-JNI: register_android_hardware_Radio DONE
11-30 22:40:47.344  5683  5683 D AndroidRuntime: Calling main entry com.android.commands.am.Am
11-30 22:40:47.351  5683  5683 D AndroidRuntime: Shutting down VM
11-30 22:40:47.382  2195  2257 I vol.Events: writeEvent active_stream_changed STREAM_RING
11-30 22:40:47.384  2195  2257 I vol.Events: writeEvent key STREAM_RING 3
11-30 22:40:47.389  2195  2195 I vol.Events: writeEvent show_dialog volume_changed keyguard=false
11-30 22:40:47.626  3576  3576 W IInputConnectionWrapper: finishComposingText on inactive InputConnection
11-30 22:40:47.628  2711  2711 E inputservice: isForceShowInput step116
11-30 22:40:47.628  2711  2711 E inputservice: isForceShowInput step2com.netease.eve.en
11-30 22:40:47.628  2711  2711 E inputservice: isForceShowInput step2com.gm99.ylcs
11-30 22:40:47.628  2711  2711 E inputservice: isForceShowInput step2jp.ghost.romance
11-30 22:40:47.628  2711  2711 E inputservice: isForceShowInput step2com.gameone.meow
11-30 22:40:47.628  2711  2711 E inputservice: isForceShowInput step2com.ykhw.sgsmjz
11-30 22:40:47.628  2711  2711 E inputservice: isForceShowInput step2com.kudou.fengshen
11-30 22:40:47.628  2711  2711 E inputservice: isForceShowInput step2com.ss.android.auto
11-30 22:40:47.628  2711  2711 E inputservice: isForceShowInput step2com.wb.goog.mkx
11-30 22:40:47.628  2711  2711 E inputservice: isForceShowInput step2com.ulugame.arkajp.google
11-30 22:40:47.628  2711  2711 E inputservice: isForceShowInput step2com.xlegend.dragonsoul.jp
11-30 22:40:47.628  2711  2711 E inputservice: isForceShowInput step2vn.efun.jx1
11-30 22:40:47.628  2711  2711 E inputservice: isForceShowInput step2com.global.musvn
11-30 22:40:47.628  2711  2711 E inputservice: isForceShowInput step2vn.vltk.htvl
11-30 22:40:47.628  2711  2711 E inputservice: isForceShowInput step2com.maetimes.android.pokekara
11-30 22:40:47.628  2711  2711 E inputservice: isForceShowInput step2com.wemadesvc.icarusm
11-30 22:40:47.628  2711  2711 E inputservice: isForceShowInput step2com.eskyfun.sgsmjzgp
11-30 22:40:47.628  2711  2711 E inputservice: isForceShowInput step2vn.efun.jx1
11-30 22:40:47.628  2711  2711 E inputservice: isForceShowInput step2com.global.musvn
11-30 22:40:47.628  2711  2711 E inputservice: isForceShowInput step2vn.vltk.htvl
11-30 22:40:47.629  2711  2711 E inputservice: isForceShowInput step2com.global.gloryvn
11-30 22:40:47.629  2711  2711 E inputservice: isForceShowInput step2com.xlegend.grandfantasia.jp
11-30 22:40:47.629  2711  2711 E inputservice: isForceShowInput step2com.azuragame.oop
11-30 22:40:47.629  2711  2711 E inputservice: isForceShowInput step2com.xlegend.arthurlegend.tw
11-30 22:40:47.629  2711  2711 E inputservice: isForceShowInput step2com.honorofheir.global
11-30 22:40:47.635  2711  2711 V InputMethodService: onEvaluateInputViewShown: config.hardKeyboardHidden = 2
11-30 22:40:47.636  2711  2711 V InputMethodService: onEvaluateInputViewShown: config.hardKeyboardHidden = 2
11-30 22:40:47.664  2127  2160 D Sensors : Client connection accepted (224)
11-30 22:40:47.666  2127  2160 D Sensors : Client connection accepted (230)
11-30 22:40:47.835  2195  2257 I vol.Events: writeEvent level_changed STREAM_SYSTEM 4
11-30 22:40:47.838  2195  2257 I vol.Events: writeEvent level_changed STREAM_RING 4
11-30 22:40:47.839  2195  2257 I vol.Events: writeEvent key STREAM_RING 4
11-30 22:40:47.940  2711  2711 V InputMethodService: onEvaluateInputViewShown: config.hardKeyboardHidden = 2
11-30 22:40:47.941  2711  2711 V InputMethodService: onEvaluateInputViewShown: config.hardKeyboardHidden = 2
11-30 22:40:48.145  2127  3621 I ActivityManager: START u0 {act=android.intent.action.MAIN cat=[android.intent.category.LAUNCHER] flg=0x10200000 cmp=com.fanwe.p2p/.InitActivity} from uid 0 on display 0
11-30 22:40:48.675  5708  5708 D AndroidRuntime: >>>>>> START com.android.internal.os.RuntimeInit uid 0 <<<<<<
11-30 22:40:48.766  2195  2195 I vol.Events: writeEvent dismiss_dialog touch_outside
11-30 22:40:48.767  2195  2257 I vol.Events: writeEvent active_stream_changed UNKNOWN_STREAM_-1
11-30 22:40:48.772  2127  2425 W InputMethodManagerService: Window already focused, ignoring focus gain of: com.android.internal.view.IInputMethodClient$Stub$Proxy@8801e0d attribute=null, token = android.os.BinderProxy@95c7e5e
11-30 22:40:48.904  3576  3576 W IInputConnectionWrapper: finishComposingText on inactive InputConnection
11-30 22:40:48.904  2711  2711 E inputservice: isForceShowInput step116
11-30 22:40:48.904  2711  2711 E inputservice: isForceShowInput step2com.netease.eve.en
11-30 22:40:48.904  2711  2711 E inputservice: isForceShowInput step2com.gm99.ylcs
11-30 22:40:48.904  2711  2711 E inputservice: isForceShowInput step2jp.ghost.romance
11-30 22:40:48.904  2711  2711 E inputservice: isForceShowInput step2com.gameone.meow
11-30 22:40:48.904  2711  2711 E inputservice: isForceShowInput step2com.ykhw.sgsmjz
11-30 22:40:48.904  2711  2711 E inputservice: isForceShowInput step2com.kudou.fengshen
11-30 22:40:48.905  2711  2711 E inputservice: isForceShowInput step2com.ss.android.auto
11-30 22:40:48.905  2711  2711 E inputservice: isForceShowInput step2com.wb.goog.mkx
11-30 22:40:48.905  2711  2711 E inputservice: isForceShowInput step2com.ulugame.arkajp.google
11-30 22:40:48.905  2711  2711 E inputservice: isForceShowInput step2com.xlegend.dragonsoul.jp
11-30 22:40:48.905  2711  2711 E inputservice: isForceShowInput step2vn.efun.jx1
11-30 22:40:48.905  2711  2711 E inputservice: isForceShowInput step2com.global.musvn
11-30 22:40:48.905  2711  2711 E inputservice: isForceShowInput step2vn.vltk.htvl
11-30 22:40:48.905  2711  2711 E inputservice: isForceShowInput step2com.maetimes.android.pokekara
11-30 22:40:48.905  2711  2711 E inputservice: isForceShowInput step2com.wemadesvc.icarusm
11-30 22:40:48.905  2711  2711 E inputservice: isForceShowInput step2com.eskyfun.sgsmjzgp
11-30 22:40:48.905  2711  2711 E inputservice: isForceShowInput step2vn.efun.jx1
11-30 22:40:48.905  2711  2711 E inputservice: isForceShowInput step2com.global.musvn
11-30 22:40:48.905  2711  2711 E inputservice: isForceShowInput step2vn.vltk.htvl
11-30 22:40:48.905  2711  2711 E inputservice: isForceShowInput step2com.global.gloryvn
11-30 22:40:48.905  2711  2711 E inputservice: isForceShowInput step2com.xlegend.grandfantasia.jp
11-30 22:40:48.905  2711  2711 E inputservice: isForceShowInput step2com.azuragame.oop
11-30 22:40:48.905  2711  2711 E inputservice: isForceShowInput step2com.xlegend.arthurlegend.tw
11-30 22:40:48.905  2711  2711 E inputservice: isForceShowInput step2com.honorofheir.global
11-30 22:40:48.919  2711  2711 V InputMethodService: onEvaluateInputViewShown: config.hardKeyboardHidden = 2
11-30 22:40:48.936  2711  2711 V InputMethodService: onEvaluateInputViewShown: config.hardKeyboardHidden = 2
11-30 22:40:48.938  3576  3576 W IInputConnectionWrapper: finishComposingText on inactive InputConnection
11-30 22:40:48.938  3576  3576 W IInputConnectionWrapper: getCursorCapsMode on inactive InputConnection
11-30 22:40:48.938  2711  2711 E inputservice: isForceShowInput step116
11-30 22:40:48.938  2711  2711 E inputservice: isForceShowInput step2com.netease.eve.en
11-30 22:40:48.938  2711  2711 E inputservice: isForceShowInput step2com.gm99.ylcs
11-30 22:40:48.938  2711  2711 E inputservice: isForceShowInput step2jp.ghost.romance
11-30 22:40:48.938  2711  2711 E inputservice: isForceShowInput step2com.gameone.meow
11-30 22:40:48.938  2711  2711 E inputservice: isForceShowInput step2com.ykhw.sgsmjz
11-30 22:40:48.938  2711  2711 E inputservice: isForceShowInput step2com.kudou.fengshen
11-30 22:40:48.938  2711  2711 E inputservice: isForceShowInput step2com.ss.android.auto
11-30 22:40:48.938  2711  2711 E inputservice: isForceShowInput step2com.wb.goog.mkx
11-30 22:40:48.938  2711  2711 E inputservice: isForceShowInput step2com.ulugame.arkajp.google
11-30 22:40:48.938  2711  2711 E inputservice: isForceShowInput step2com.xlegend.dragonsoul.jp
11-30 22:40:48.938  2711  2711 E inputservice: isForceShowInput step2vn.efun.jx1
11-30 22:40:48.938  2711  2711 E inputservice: isForceShowInput step2com.global.musvn
11-30 22:40:48.938  2711  2711 E inputservice: isForceShowInput step2vn.vltk.htvl
11-30 22:40:48.938  2711  2711 E inputservice: isForceShowInput step2com.maetimes.android.pokekara
11-30 22:40:48.938  2711  2711 E inputservice: isForceShowInput step2com.wemadesvc.icarusm
11-30 22:40:48.938  2711  2711 E inputservice: isForceShowInput step2com.eskyfun.sgsmjzgp
11-30 22:40:48.938  2711  2711 E inputservice: isForceShowInput step2vn.efun.jx1
11-30 22:40:48.938  2711  2711 E inputservice: isForceShowInput step2com.global.musvn
11-30 22:40:48.938  2711  2711 E inputservice: isForceShowInput step2vn.vltk.htvl
11-30 22:40:48.938  2711  2711 E inputservice: isForceShowInput step2com.global.gloryvn
11-30 22:40:48.938  2711  2711 E inputservice: isForceShowInput step2com.xlegend.grandfantasia.jp
11-30 22:40:48.938  2711  2711 E inputservice: isForceShowInput step2com.azuragame.oop
11-30 22:40:48.938  2711  2711 E inputservice: isForceShowInput step2com.xlegend.arthurlegend.tw
11-30 22:40:48.938  2711  2711 E inputservice: isForceShowInput step2com.honorofheir.global
11-30 22:40:48.940  2711  2711 V InputMethodService: onEvaluateInputViewShown: config.hardKeyboardHidden = 2
11-30 22:40:48.941  2711  2711 V InputMethodService: onEvaluateInputViewShown: config.hardKeyboardHidden = 2
11-30 22:40:48.941  3576  3576 W IInputConnectionWrapper: finishComposingText on inactive InputConnection
11-30 22:40:48.943  2711  2711 E inputservice: isForceShowInput step116
11-30 22:40:48.943  2711  2711 E inputservice: isForceShowInput step2com.netease.eve.en
11-30 22:40:48.943  2711  2711 E inputservice: isForceShowInput step2com.gm99.ylcs
11-30 22:40:48.943  2711  2711 E inputservice: isForceShowInput step2jp.ghost.romance
11-30 22:40:48.943  2711  2711 E inputservice: isForceShowInput step2com.gameone.meow
11-30 22:40:48.943  2711  2711 E inputservice: isForceShowInput step2com.ykhw.sgsmjz
11-30 22:40:48.943  2711  2711 E inputservice: isForceShowInput step2com.kudou.fengshen
11-30 22:40:48.943  2711  2711 E inputservice: isForceShowInput step2com.ss.android.auto
11-30 22:40:48.943  2711  2711 E inputservice: isForceShowInput step2com.wb.goog.mkx
11-30 22:40:48.943  2711  2711 E inputservice: isForceShowInput step2com.ulugame.arkajp.google
11-30 22:40:48.943  2711  2711 E inputservice: isForceShowInput step2com.xlegend.dragonsoul.jp
11-30 22:40:48.943  2711  2711 E inputservice: isForceShowInput step2vn.efun.jx1
11-30 22:40:48.943  2711  2711 E inputservice: isForceShowInput step2com.global.musvn
11-30 22:40:48.943  2711  2711 E inputservice: isForceShowInput step2vn.vltk.htvl
11-30 22:40:48.943  2711  2711 E inputservice: isForceShowInput step2com.maetimes.android.pokekara
11-30 22:40:48.943  2711  2711 E inputservice: isForceShowInput step2com.wemadesvc.icarusm
11-30 22:40:48.943  2711  2711 E inputservice: isForceShowInput step2com.eskyfun.sgsmjzgp
11-30 22:40:48.943  2711  2711 E inputservice: isForceShowInput step2vn.efun.jx1
11-30 22:40:48.943  2711  2711 E inputservice: isForceShowInput step2com.global.musvn
11-30 22:40:48.943  2711  2711 E inputservice: isForceShowInput step2vn.vltk.htvl
11-30 22:40:48.943  2711  2711 E inputservice: isForceShowInput step2com.global.gloryvn
11-30 22:40:48.943  2711  2711 E inputservice: isForceShowInput step2com.xlegend.grandfantasia.jp
11-30 22:40:48.943  2711  2711 E inputservice: isForceShowInput step2com.azuragame.oop
11-30 22:40:48.943  2711  2711 E inputservice: isForceShowInput step2com.xlegend.arthurlegend.tw
11-30 22:40:48.943  2711  2711 E inputservice: isForceShowInput step2com.honorofheir.global
11-30 22:40:48.943  2711  2711 V InputMethodService: onEvaluateInputViewShown: config.hardKeyboardHidden = 2
11-30 22:40:48.943  2711  2711 V InputMethodService: onEvaluateInputViewShown: config.hardKeyboardHidden = 2
11-30 22:40:49.258  5708  5708 D AndroidRuntime: CheckJNI is OFF
11-30 22:40:49.352  5708  5708 D ICU     : No timezone override file found: /data/misc/zoneinfo/current/icu/icu_tzdata.dat
11-30 22:40:49.361  5708  5708 W art     : Unexpected CPU variant for X86 using defaults: x86
11-30 22:40:49.368  5708  5708 D         : houdini no need remount
11-30 22:40:49.379  5708  5708 E memtrack: Couldn't load memtrack module (No such file or directory)
11-30 22:40:49.379  5708  5708 E android.os.Debug: failed to load memtrack module: -2
11-30 22:40:49.380  5708  5708 I Radio-JNI: register_android_hardware_Radio DONE
11-30 22:40:49.391  5708  5708 D AndroidRuntime: Calling main entry com.android.commands.am.Am
11-30 22:40:49.396  2127  3618 I ActivityManager: Killing 2474:com.android.keychain/1000 (adj 906): empty for 2930s
11-30 22:40:49.445  5708  5708 D AndroidRuntime: Shutting down VM
11-30 22:40:49.485  2127  3648 D ActivityManager: cleanUpApplicationRecord -- 2474
11-30 22:40:49.600  2127  3621 I ActivityManager: START u0 {act=android.intent.action.MAIN cat=[android.intent.category.LAUNCHER] flg=0x10200000 cmp=com.fanwe.p2p/.InitActivity} from uid 0 on display 0
11-30 22:40:49.705  2127  2138 I ActivityManager: START u0 {act=android.intent.action.MAIN cat=[android.intent.category.LAUNCHER] flg=0x10200000 cmp=com.fanwe.p2p/.InitActivity} from uid 0 on display 0
11-30 22:40:49.915  2127  2693 I ActivityManager: START u0 {act=android.intent.action.MAIN cat=[android.intent.category.LAUNCHER] flg=0x10200000 cmp=com.fanwe.p2p/.InitActivity} from uid 0 on display 0
11-30 22:40:50.018  2127  4685 I ActivityManager: START u0 {act=android.intent.action.MAIN cat=[android.intent.category.LAUNCHER] flg=0x10200000 cmp=com.fanwe.p2p/.InitActivity} from uid 0 on display 0
11-30 22:40:50.317  5719  5719 D AndroidRuntime: >>>>>> START com.android.internal.os.RuntimeInit uid 0 <<<<<<
11-30 22:40:50.335  2127  3649 I ActivityManager: START u0 {act=android.intent.action.MAIN cat=[android.intent.category.LAUNCHER] flg=0x10200000 cmp=com.fanwe.p2p/.InitActivity} from uid 0 on display 0
11-30 22:40:50.471  2127  2147 I art     : Starting a blocking GC Explicit
11-30 22:40:50.514  2127  2147 I art     : Explicit concurrent mark sweep GC freed 15970(849KB) AllocSpace objects, 13(300KB) LOS objects, 33% free, 7MB/10MB, paused 706us total 42.858ms
11-30 22:40:50.699  2127  3618 W InputMethodManagerService: Window already focused, ignoring focus gain of: com.android.internal.view.IInputMethodClient$Stub$Proxy@1c90b79 attribute=null, token = android.os.BinderProxy@95c7e5e
11-30 22:40:50.898  2711  2711 V InputMethodService: onEvaluateInputViewShown: config.hardKeyboardHidden = 2
11-30 22:40:50.898  2711  2711 V InputMethodService: onEvaluateInputViewShown: config.hardKeyboardHidden = 2
11-30 22:40:50.974  5719  5719 D AndroidRuntime: CheckJNI is OFF
11-30 22:40:50.998  2127  2137 I ActivityManager: START u0 {act=android.intent.action.MAIN cat=[android.intent.category.LAUNCHER] flg=0x10200000 cmp=com.fanwe.p2p/.InitActivity} from uid 0 on display 0
11-30 22:40:51.044  5719  5719 D ICU     : No timezone override file found: /data/misc/zoneinfo/current/icu/icu_tzdata.dat
11-30 22:40:51.055  5719  5719 W art     : Unexpected CPU variant for X86 using defaults: x86
11-30 22:40:51.065  5719  5719 D         : houdini no need remount
11-30 22:40:51.086  5719  5719 E memtrack: Couldn't load memtrack module (No such file or directory)
11-30 22:40:51.086  5719  5719 E android.os.Debug: failed to load memtrack module: -2
11-30 22:40:51.088  5719  5719 I Radio-JNI: register_android_hardware_Radio DONE
11-30 22:40:51.117  5719  5719 D AndroidRuntime: Calling main entry com.android.commands.am.Am
11-30 22:40:51.125  5719  5719 D AndroidRuntime: Shutting down VM
11-30 22:40:51.238  3576  3576 W IInputConnectionWrapper: finishComposingText on inactive InputConnection
11-30 22:40:51.238  2711  2711 E inputservice: isForceShowInput step116
11-30 22:40:51.238  2711  2711 E inputservice: isForceShowInput step2com.netease.eve.en
11-30 22:40:51.238  2711  2711 E inputservice: isForceShowInput step2com.gm99.ylcs
11-30 22:40:51.238  2711  2711 E inputservice: isForceShowInput step2jp.ghost.romance
11-30 22:40:51.238  2711  2711 E inputservice: isForceShowInput step2com.gameone.meow
11-30 22:40:51.238  2711  2711 E inputservice: isForceShowInput step2com.ykhw.sgsmjz
11-30 22:40:51.238  2711  2711 E inputservice: isForceShowInput step2com.kudou.fengshen
11-30 22:40:51.238  2711  2711 E inputservice: isForceShowInput step2com.ss.android.auto
11-30 22:40:51.238  2711  2711 E inputservice: isForceShowInput step2com.wb.goog.mkx
11-30 22:40:51.238  2711  2711 E inputservice: isForceShowInput step2com.ulugame.arkajp.google
11-30 22:40:51.238  2711  2711 E inputservice: isForceShowInput step2com.xlegend.dragonsoul.jp
11-30 22:40:51.238  2711  2711 E inputservice: isForceShowInput step2vn.efun.jx1
11-30 22:40:51.238  2711  2711 E inputservice: isForceShowInput step2com.global.musvn
11-30 22:40:51.238  2711  2711 E inputservice: isForceShowInput step2vn.vltk.htvl
11-30 22:40:51.238  2711  2711 E inputservice: isForceShowInput step2com.maetimes.android.pokekara
11-30 22:40:51.238  2711  2711 E inputservice: isForceShowInput step2com.wemadesvc.icarusm
11-30 22:40:51.238  2711  2711 E inputservice: isForceShowInput step2com.eskyfun.sgsmjzgp
11-30 22:40:51.238  2711  2711 E inputservice: isForceShowInput step2vn.efun.jx1
11-30 22:40:51.238  2711  2711 E inputservice: isForceShowInput step2com.global.musvn
11-30 22:40:51.238  2711  2711 E inputservice: isForceShowInput step2vn.vltk.htvl
11-30 22:40:51.238  2711  2711 E inputservice: isForceShowInput step2com.global.gloryvn
11-30 22:40:51.238  2711  2711 E inputservice: isForceShowInput step2com.xlegend.grandfantasia.jp
11-30 22:40:51.238  2711  2711 E inputservice: isForceShowInput step2com.azuragame.oop
11-30 22:40:51.238  2711  2711 E inputservice: isForceShowInput step2com.xlegend.arthurlegend.tw
11-30 22:40:51.238  2711  2711 E inputservice: isForceShowInput step2com.honorofheir.global
11-30 22:40:51.244  2711  2711 V InputMethodService: onEvaluateInputViewShown: config.hardKeyboardHidden = 2
11-30 22:40:51.244  2711  2711 V InputMethodService: onEvaluateInputViewShown: config.hardKeyboardHidden = 2
11-30 22:40:51.261  3576  3576 W IInputConnectionWrapper: finishComposingText on inactive InputConnection
11-30 22:40:51.261  3576  3576 W IInputConnectionWrapper: getCursorCapsMode on inactive InputConnection
11-30 22:40:51.262  2711  2711 E inputservice: isForceShowInput step116
11-30 22:40:51.262  2711  2711 E inputservice: isForceShowInput step2com.netease.eve.en
11-30 22:40:51.262  2711  2711 E inputservice: isForceShowInput step2com.gm99.ylcs
11-30 22:40:51.262  2711  2711 E inputservice: isForceShowInput step2jp.ghost.romance
11-30 22:40:51.262  2711  2711 E inputservice: isForceShowInput step2com.gameone.meow
11-30 22:40:51.262  2711  2711 E inputservice: isForceShowInput step2com.ykhw.sgsmjz
11-30 22:40:51.262  2711  2711 E inputservice: isForceShowInput step2com.kudou.fengshen
11-30 22:40:51.262  2711  2711 E inputservice: isForceShowInput step2com.ss.android.auto
11-30 22:40:51.262  2711  2711 E inputservice: isForceShowInput step2com.wb.goog.mkx
11-30 22:40:51.262  2711  2711 E inputservice: isForceShowInput step2com.ulugame.arkajp.google
11-30 22:40:51.262  2711  2711 E inputservice: isForceShowInput step2com.xlegend.dragonsoul.jp
11-30 22:40:51.262  2711  2711 E inputservice: isForceShowInput step2vn.efun.jx1
11-30 22:40:51.262  2711  2711 E inputservice: isForceShowInput step2com.global.musvn
11-30 22:40:51.262  2711  2711 E inputservice: isForceShowInput step2vn.vltk.htvl
11-30 22:40:51.262  2711  2711 E inputservice: isForceShowInput step2com.maetimes.android.pokekara
11-30 22:40:51.262  2711  2711 E inputservice: isForceShowInput step2com.wemadesvc.icarusm
11-30 22:40:51.262  2711  2711 E inputservice: isForceShowInput step2com.eskyfun.sgsmjzgp
11-30 22:40:51.262  2711  2711 E inputservice: isForceShowInput step2vn.efun.jx1
11-30 22:40:51.262  2711  2711 E inputservice: isForceShowInput step2com.global.musvn
11-30 22:40:51.262  2711  2711 E inputservice: isForceShowInput step2vn.vltk.htvl
11-30 22:40:51.262  2711  2711 E inputservice: isForceShowInput step2com.global.gloryvn
11-30 22:40:51.262  2711  2711 E inputservice: isForceShowInput step2com.xlegend.grandfantasia.jp
11-30 22:40:51.262  2711  2711 E inputservice: isForceShowInput step2com.azuragame.oop
11-30 22:40:51.262  2711  2711 E inputservice: isForceShowInput step2com.xlegend.arthurlegend.tw
11-30 22:40:51.262  2711  2711 E inputservice: isForceShowInput step2com.honorofheir.global
11-30 22:40:51.269  2711  2711 V InputMethodService: onEvaluateInputViewShown: config.hardKeyboardHidden = 2
11-30 22:40:51.293  2711  2711 V InputMethodService: onEvaluateInputViewShown: config.hardKeyboardHidden = 2
11-30 22:40:51.295  2711  2711 E inputservice: isForceShowInput step116
11-30 22:40:51.295  2711  2711 E inputservice: isForceShowInput step2com.netease.eve.en
11-30 22:40:51.295  2711  2711 E inputservice: isForceShowInput step2com.gm99.ylcs
11-30 22:40:51.295  2711  2711 E inputservice: isForceShowInput step2jp.ghost.romance
11-30 22:40:51.295  2711  2711 E inputservice: isForceShowInput step2com.gameone.meow
11-30 22:40:51.295  2711  2711 E inputservice: isForceShowInput step2com.ykhw.sgsmjz
11-30 22:40:51.295  2711  2711 E inputservice: isForceShowInput step2com.kudou.fengshen
11-30 22:40:51.295  2711  2711 E inputservice: isForceShowInput step2com.ss.android.auto
11-30 22:40:51.296  2711  2711 E inputservice: isForceShowInput step2com.wb.goog.mkx
11-30 22:40:51.296  2711  2711 E inputservice: isForceShowInput step2com.ulugame.arkajp.google
11-30 22:40:51.296  2711  2711 E inputservice: isForceShowInput step2com.xlegend.dragonsoul.jp
11-30 22:40:51.296  2711  2711 E inputservice: isForceShowInput step2vn.efun.jx1
11-30 22:40:51.296  2711  2711 E inputservice: isForceShowInput step2com.global.musvn
11-30 22:40:51.296  2711  2711 E inputservice: isForceShowInput step2vn.vltk.htvl
11-30 22:40:51.296  2711  2711 E inputservice: isForceShowInput step2com.maetimes.android.pokekara
11-30 22:40:51.296  2711  2711 E inputservice: isForceShowInput step2com.wemadesvc.icarusm
11-30 22:40:51.296  2711  2711 E inputservice: isForceShowInput step2com.eskyfun.sgsmjzgp
11-30 22:40:51.296  2711  2711 E inputservice: isForceShowInput step2vn.efun.jx1
11-30 22:40:51.296  2711  2711 E inputservice: isForceShowInput step2com.global.musvn
11-30 22:40:51.296  2711  2711 E inputservice: isForceShowInput step2vn.vltk.htvl
11-30 22:40:51.296  2711  2711 E inputservice: isForceShowInput step2com.global.gloryvn
11-30 22:40:51.296  2711  2711 E inputservice: isForceShowInput step2com.xlegend.grandfantasia.jp
11-30 22:40:51.296  2711  2711 E inputservice: isForceShowInput step2com.azuragame.oop
11-30 22:40:51.296  2711  2711 E inputservice: isForceShowInput step2com.xlegend.arthurlegend.tw
11-30 22:40:51.296  2711  2711 E inputservice: isForceShowInput step2com.honorofheir.global
11-30 22:40:51.296  3576  3576 W IInputConnectionWrapper: finishComposingText on inactive InputConnection
11-30 22:40:51.297  2711  2711 V InputMethodService: onEvaluateInputViewShown: config.hardKeyboardHidden = 2
11-30 22:40:51.297  2711  2711 V InputMethodService: onEvaluateInputViewShown: config.hardKeyboardHidden = 2
11-30 22:40:51.365  2711  2711 E inputservice: isForceShowInput step116
11-30 22:40:51.365  2711  2711 E inputservice: isForceShowInput step2com.netease.eve.en
11-30 22:40:51.365  2711  2711 E inputservice: isForceShowInput step2com.gm99.ylcs
11-30 22:40:51.365  2711  2711 E inputservice: isForceShowInput step2jp.ghost.romance
11-30 22:40:51.365  2711  2711 E inputservice: isForceShowInput step2com.gameone.meow
11-30 22:40:51.365  2711  2711 E inputservice: isForceShowInput step2com.ykhw.sgsmjz
11-30 22:40:51.365  2711  2711 E inputservice: isForceShowInput step2com.kudou.fengshen
11-30 22:40:51.365  2711  2711 E inputservice: isForceShowInput step2com.ss.android.auto
11-30 22:40:51.365  2711  2711 E inputservice: isForceShowInput step2com.wb.goog.mkx
11-30 22:40:51.365  2711  2711 E inputservice: isForceShowInput step2com.ulugame.arkajp.google
11-30 22:40:51.365  2711  2711 E inputservice: isForceShowInput step2com.xlegend.dragonsoul.jp
11-30 22:40:51.365  2711  2711 E inputservice: isForceShowInput step2vn.efun.jx1
11-30 22:40:51.365  2711  2711 E inputservice: isForceShowInput step2com.global.musvn
11-30 22:40:51.365  2711  2711 E inputservice: isForceShowInput step2vn.vltk.htvl
11-30 22:40:51.365  2711  2711 E inputservice: isForceShowInput step2com.maetimes.android.pokekara
11-30 22:40:51.365  2711  2711 E inputservice: isForceShowInput step2com.wemadesvc.icarusm
11-30 22:40:51.365  2711  2711 E inputservice: isForceShowInput step2com.eskyfun.sgsmjzgp
11-30 22:40:51.365  2711  2711 E inputservice: isForceShowInput step2vn.efun.jx1
11-30 22:40:51.365  2711  2711 E inputservice: isForceShowInput step2com.global.musvn
11-30 22:40:51.365  2711  2711 E inputservice: isForceShowInput step2vn.vltk.htvl
11-30 22:40:51.365  2711  2711 E inputservice: isForceShowInput step2com.global.gloryvn
11-30 22:40:51.365  2711  2711 E inputservice: isForceShowInput step2com.xlegend.grandfantasia.jp
11-30 22:40:51.366  2711  2711 E inputservice: isForceShowInput step2com.azuragame.oop
11-30 22:40:51.366  2711  2711 E inputservice: isForceShowInput step2com.xlegend.arthurlegend.tw
11-30 22:40:51.366  2711  2711 E inputservice: isForceShowInput step2com.honorofheir.global
11-30 22:40:51.366  2711  2711 V InputMethodService: onEvaluateInputViewShown: config.hardKeyboardHidden = 2
11-30 22:40:51.366  2711  2711 V InputMethodService: onEvaluateInputViewShown: config.hardKeyboardHidden = 2
11-30 22:40:51.367  2711  2711 V InputMethodService: onEvaluateInputViewShown: config.hardKeyboardHidden = 2
11-30 22:40:51.367  2711  2711 V InputMethodService: onEvaluateInputViewShown: config.hardKeyboardHidden = 2
11-30 22:40:51.388  3576  3576 W IInputConnectionWrapper: finishComposingText on inactive InputConnection
11-30 22:40:51.444  1826  1826 E NOX     : recv() error
11-30 22:40:51.444  1826  1826 D NOX     : Socket read error
11-30 22:40:51.702  2127  2388 I ActivityManager: START u0 {act=android.intent.action.MAIN cat=[android.intent.category.LAUNCHER] flg=0x10200000 cmp=com.fanwe.p2p/.InitActivity} from uid 0 on display 0
11-30 22:40:52.015  5731  5731 D AndroidRuntime: >>>>>> START com.android.internal.os.RuntimeInit uid 0 <<<<<<
11-30 22:40:52.114  2711  2711 V InputMethodService: onEvaluateInputViewShown: config.hardKeyboardHidden = 2
11-30 22:40:52.115  2711  2711 V InputMethodService: onEvaluateInputViewShown: config.hardKeyboardHidden = 2
11-30 22:40:52.218  2711  2711 V InputMethodService: onEvaluateInputViewShown: config.hardKeyboardHidden = 2
11-30 22:40:52.219  2711  2711 V InputMethodService: onEvaluateInputViewShown: config.hardKeyboardHidden = 2
11-30 22:40:52.344  3576  3576 W IInputConnectionWrapper: finishComposingText on inactive InputConnection
11-30 22:40:52.344  2711  2711 E inputservice: isForceShowInput step116
11-30 22:40:52.344  2711  2711 E inputservice: isForceShowInput step2com.netease.eve.en
11-30 22:40:52.344  2711  2711 E inputservice: isForceShowInput step2com.gm99.ylcs
11-30 22:40:52.344  2711  2711 E inputservice: isForceShowInput step2jp.ghost.romance
11-30 22:40:52.344  2711  2711 E inputservice: isForceShowInput step2com.gameone.meow
11-30 22:40:52.344  2711  2711 E inputservice: isForceShowInput step2com.ykhw.sgsmjz
11-30 22:40:52.344  2711  2711 E inputservice: isForceShowInput step2com.kudou.fengshen
11-30 22:40:52.344  2711  2711 E inputservice: isForceShowInput step2com.ss.android.auto
11-30 22:40:52.344  2711  2711 E inputservice: isForceShowInput step2com.wb.goog.mkx
11-30 22:40:52.344  2711  2711 E inputservice: isForceShowInput step2com.ulugame.arkajp.google
11-30 22:40:52.344  2711  2711 E inputservice: isForceShowInput step2com.xlegend.dragonsoul.jp
11-30 22:40:52.344  2711  2711 E inputservice: isForceShowInput step2vn.efun.jx1
11-30 22:40:52.344  2711  2711 E inputservice: isForceShowInput step2com.global.musvn
11-30 22:40:52.344  2711  2711 E inputservice: isForceShowInput step2vn.vltk.htvl
11-30 22:40:52.344  2711  2711 E inputservice: isForceShowInput step2com.maetimes.android.pokekara
11-30 22:40:52.344  2711  2711 E inputservice: isForceShowInput step2com.wemadesvc.icarusm
11-30 22:40:52.344  2711  2711 E inputservice: isForceShowInput step2com.eskyfun.sgsmjzgp
11-30 22:40:52.344  2711  2711 E inputservice: isForceShowInput step2vn.efun.jx1
11-30 22:40:52.344  2711  2711 E inputservice: isForceShowInput step2com.global.musvn
11-30 22:40:52.344  2711  2711 E inputservice: isForceShowInput step2vn.vltk.htvl
11-30 22:40:52.344  2711  2711 E inputservice: isForceShowInput step2com.global.gloryvn
11-30 22:40:52.344  2711  2711 E inputservice: isForceShowInput step2com.xlegend.grandfantasia.jp
11-30 22:40:52.344  2711  2711 E inputservice: isForceShowInput step2com.azuragame.oop
11-30 22:40:52.344  2711  2711 E inputservice: isForceShowInput step2com.xlegend.arthurlegend.tw
11-30 22:40:52.344  2711  2711 E inputservice: isForceShowInput step2com.honorofheir.global
11-30 22:40:52.345  2711  2711 V InputMethodService: onEvaluateInputViewShown: config.hardKeyboardHidden = 2
11-30 22:40:52.347  2711  2711 V InputMethodService: onEvaluateInputViewShown: config.hardKeyboardHidden = 2
11-30 22:40:52.349  2711  2711 V InputMethodService: onEvaluateInputViewShown: config.hardKeyboardHidden = 2
11-30 22:40:52.350  2711  2711 V InputMethodService: onEvaluateInputViewShown: config.hardKeyboardHidden = 2
11-30 22:40:52.596  5731  5731 D AndroidRuntime: CheckJNI is OFF
11-30 22:40:52.639  2127  2425 I ActivityManager: START u0 {act=android.intent.action.MAIN cat=[android.intent.category.LAUNCHER] flg=0x10200000 cmp=com.fanwe.p2p/.InitActivity} from uid 0 on display 0
11-30 22:40:52.667  5731  5731 D ICU     : No timezone override file found: /data/misc/zoneinfo/current/icu/icu_tzdata.dat
11-30 22:40:52.684  5731  5731 W art     : Unexpected CPU variant for X86 using defaults: x86
11-30 22:40:52.689  5731  5731 D         : houdini no need remount
11-30 22:40:52.701  5731  5731 E memtrack: Couldn't load memtrack module (No such file or directory)
11-30 22:40:52.701  5731  5731 E android.os.Debug: failed to load memtrack module: -2
11-30 22:40:52.702  5731  5731 I Radio-JNI: register_android_hardware_Radio DONE
11-30 22:40:52.714  5731  5731 D AndroidRuntime: Calling main entry com.android.commands.am.Am
11-30 22:40:52.723  5731  5731 D AndroidRuntime: Shutting down VM
11-30 22:40:52.752  2711  2711 V InputMethodService: onEvaluateInputViewShown: config.hardKeyboardHidden = 2
11-30 22:40:52.753  2711  2711 V InputMethodService: onEvaluateInputViewShown: config.hardKeyboardHidden = 2
11-30 22:40:53.321  2127  2339 I ActivityManager: START u0 {act=android.intent.action.MAIN cat=[android.intent.category.LAUNCHER] flg=0x10200000 cmp=com.fanwe.p2p/.InitActivity} from uid 0 on display 0
11-30 22:40:53.544  2127  2693 W InputMethodManagerService: Window already focused, ignoring focus gain of: com.android.internal.view.IInputMethodClient$Stub$Proxy@f45a61e attribute=null, token = android.os.BinderProxy@95c7e5e
11-30 22:40:53.686  3576  3576 W IInputConnectionWrapper: finishComposingText on inactive InputConnection
11-30 22:40:53.687  2711  2711 V InputMethodService: onEvaluateInputViewShown: config.hardKeyboardHidden = 2
11-30 22:40:53.688  2711  2711 V InputMethodService: onEvaluateInputViewShown: config.hardKeyboardHidden = 2
11-30 22:40:53.688  2711  2711 E inputservice: isForceShowInput step116
11-30 22:40:53.688  2711  2711 E inputservice: isForceShowInput step2com.netease.eve.en
11-30 22:40:53.688  2711  2711 E inputservice: isForceShowInput step2com.gm99.ylcs
11-30 22:40:53.688  2711  2711 E inputservice: isForceShowInput step2jp.ghost.romance
11-30 22:40:53.688  2711  2711 E inputservice: isForceShowInput step2com.gameone.meow
11-30 22:40:53.688  2711  2711 E inputservice: isForceShowInput step2com.ykhw.sgsmjz
11-30 22:40:53.688  2711  2711 E inputservice: isForceShowInput step2com.kudou.fengshen
11-30 22:40:53.688  2711  2711 E inputservice: isForceShowInput step2com.ss.android.auto
11-30 22:40:53.688  2711  2711 E inputservice: isForceShowInput step2com.wb.goog.mkx
11-30 22:40:53.688  2711  2711 E inputservice: isForceShowInput step2com.ulugame.arkajp.google
11-30 22:40:53.688  2711  2711 E inputservice: isForceShowInput step2com.xlegend.dragonsoul.jp
11-30 22:40:53.688  2711  2711 E inputservice: isForceShowInput step2vn.efun.jx1
11-30 22:40:53.688  2711  2711 E inputservice: isForceShowInput step2com.global.musvn
11-30 22:40:53.688  2711  2711 E inputservice: isForceShowInput step2vn.vltk.htvl
11-30 22:40:53.688  2711  2711 E inputservice: isForceShowInput step2com.maetimes.android.pokekara
11-30 22:40:53.688  2711  2711 E inputservice: isForceShowInput step2com.wemadesvc.icarusm
11-30 22:40:53.688  2711  2711 E inputservice: isForceShowInput step2com.eskyfun.sgsmjzgp
11-30 22:40:53.688  2711  2711 E inputservice: isForceShowInput step2vn.efun.jx1
11-30 22:40:53.688  2711  2711 E inputservice: isForceShowInput step2com.global.musvn
11-30 22:40:53.688  2711  2711 E inputservice: isForceShowInput step2vn.vltk.htvl
11-30 22:40:53.688  2711  2711 E inputservice: isForceShowInput step2com.global.gloryvn
11-30 22:40:53.688  2711  2711 E inputservice: isForceShowInput step2com.xlegend.grandfantasia.jp
11-30 22:40:53.688  2711  2711 E inputservice: isForceShowInput step2com.azuragame.oop
11-30 22:40:53.688  2711  2711 E inputservice: isForceShowInput step2com.xlegend.arthurlegend.tw
11-30 22:40:53.688  2711  2711 E inputservice: isForceShowInput step2com.honorofheir.global
11-30 22:40:53.802  5742  5742 D AndroidRuntime: >>>>>> START com.android.internal.os.RuntimeInit uid 0 <<<<<<
11-30 22:40:53.877  2711  2711 V InputMethodService: onEvaluateInputViewShown: config.hardKeyboardHidden = 2
11-30 22:40:53.878  2711  2711 V InputMethodService: onEvaluateInputViewShown: config.hardKeyboardHidden = 2
11-30 22:40:54.193  2127  3648 I ActivityManager: START u0 {act=android.intent.action.MAIN cat=[android.intent.category.LAUNCHER] flg=0x10200000 cmp=com.fanwe.p2p/.InitActivity} from uid 0 on display 0
11-30 22:40:54.297  2127  4685 I ActivityManager: START u0 {act=android.intent.action.MAIN cat=[android.intent.category.LAUNCHER] flg=0x10200000 cmp=com.fanwe.p2p/.InitActivity} from uid 0 on display 0
11-30 22:40:54.392  5742  5742 D AndroidRuntime: CheckJNI is OFF
11-30 22:40:54.486  5742  5742 D ICU     : No timezone override file found: /data/misc/zoneinfo/current/icu/icu_tzdata.dat
11-30 22:40:54.502  5742  5742 W art     : Unexpected CPU variant for X86 using defaults: x86
11-30 22:40:54.508  5742  5742 D         : houdini no need remount
11-30 22:40:54.510  2127  3621 I ActivityManager: START u0 {act=android.intent.action.MAIN cat=[android.intent.category.LAUNCHER] flg=0x10200000 cmp=com.fanwe.p2p/.InitActivity} from uid 0 on display 0
11-30 22:40:54.532  5742  5742 E memtrack: Couldn't load memtrack module (No such file or directory)
11-30 22:40:54.532  5742  5742 E android.os.Debug: failed to load memtrack module: -2
11-30 22:40:54.533  5742  5742 I Radio-JNI: register_android_hardware_Radio DONE
11-30 22:40:54.555  5742  5742 D AndroidRuntime: Calling main entry com.android.commands.am.Am
11-30 22:40:54.561  5742  5742 D AndroidRuntime: Shutting down VM
11-30 22:40:54.580  5742  5750 W art     : Thread attaching while runtime is shutting down: Binder:5742_2
11-30 22:40:54.580  5742  5750 I AndroidRuntime: NOTE: attach of thread 'Binder:5742_2' failed
11-30 22:40:54.883  2127  2339 I ActivityManager: START u0 {act=android.intent.action.MAIN cat=[android.intent.category.LAUNCHER] flg=0x10200000 cmp=com.fanwe.p2p/.InitActivity} from uid 0 on display 0
11-30 22:40:55.001  2127  4685 W InputMethodManagerService: Window already focused, ignoring focus gain of: com.android.internal.view.IInputMethodClient$Stub$Proxy@d326783 attribute=null, token = android.os.BinderProxy@95c7e5e
11-30 22:40:55.100  2711  2711 E inputservice: isForceShowInput step116
11-30 22:40:55.100  2711  2711 E inputservice: isForceShowInput step2com.netease.eve.en
11-30 22:40:55.100  2711  2711 E inputservice: isForceShowInput step2com.gm99.ylcs
11-30 22:40:55.100  2711  2711 E inputservice: isForceShowInput step2jp.ghost.romance
11-30 22:40:55.100  2711  2711 E inputservice: isForceShowInput step2com.gameone.meow
11-30 22:40:55.100  2711  2711 E inputservice: isForceShowInput step2com.ykhw.sgsmjz
11-30 22:40:55.100  2711  2711 E inputservice: isForceShowInput step2com.kudou.fengshen
11-30 22:40:55.100  2711  2711 E inputservice: isForceShowInput step2com.ss.android.auto
11-30 22:40:55.100  2711  2711 E inputservice: isForceShowInput step2com.wb.goog.mkx
11-30 22:40:55.100  2711  2711 E inputservice: isForceShowInput step2com.ulugame.arkajp.google
11-30 22:40:55.100  2711  2711 E inputservice: isForceShowInput step2com.xlegend.dragonsoul.jp
11-30 22:40:55.100  2711  2711 E inputservice: isForceShowInput step2vn.efun.jx1
11-30 22:40:55.100  2711  2711 E inputservice: isForceShowInput step2com.global.musvn
11-30 22:40:55.100  2711  2711 E inputservice: isForceShowInput step2vn.vltk.htvl
11-30 22:40:55.100  2711  2711 E inputservice: isForceShowInput step2com.maetimes.android.pokekara
11-30 22:40:55.100  2711  2711 E inputservice: isForceShowInput step2com.wemadesvc.icarusm
11-30 22:40:55.100  2711  2711 E inputservice: isForceShowInput step2com.eskyfun.sgsmjzgp
11-30 22:40:55.100  2711  2711 E inputservice: isForceShowInput step2vn.efun.jx1
11-30 22:40:55.100  2711  2711 E inputservice: isForceShowInput step2com.global.musvn
11-30 22:40:55.100  2711  2711 E inputservice: isForceShowInput step2vn.vltk.htvl
11-30 22:40:55.101  2711  2711 E inputservice: isForceShowInput step2com.global.gloryvn
11-30 22:40:55.101  2711  2711 E inputservice: isForceShowInput step2com.xlegend.grandfantasia.jp
11-30 22:40:55.101  2711  2711 E inputservice: isForceShowInput step2com.azuragame.oop
11-30 22:40:55.101  2711  2711 E inputservice: isForceShowInput step2com.xlegend.arthurlegend.tw
11-30 22:40:55.101  2711  2711 E inputservice: isForceShowInput step2com.honorofheir.global
11-30 22:40:55.104  2711  2711 V InputMethodService: onEvaluateInputViewShown: config.hardKeyboardHidden = 2
11-30 22:40:55.105  2711  2711 V InputMethodService: onEvaluateInputViewShown: config.hardKeyboardHidden = 2
11-30 22:40:55.105  2711  2711 V InputMethodService: onEvaluateInputViewShown: config.hardKeyboardHidden = 2
11-30 22:40:55.105  2711  2711 V InputMethodService: onEvaluateInputViewShown: config.hardKeyboardHidden = 2
11-30 22:40:55.128  3576  3576 W IInputConnectionWrapper: finishComposingText on inactive InputConnection
11-30 22:40:55.396  5753  5753 D AndroidRuntime: >>>>>> START com.android.internal.os.RuntimeInit uid 0 <<<<<<
11-30 22:40:55.848  2127  2425 I ActivityManager: START u0 {act=android.intent.action.MAIN cat=[android.intent.category.LAUNCHER] flg=0x10200000 cmp=com.fanwe.p2p/.InitActivity} from uid 0 on display 0
11-30 22:40:55.958  2127  2164 I ActivityManager: START u0 {act=android.intent.action.MAIN cat=[android.intent.category.LAUNCHER] flg=0x10000000 sel=act=android.intent.action.MAIN cat=[android.intent.category.APP_MUSIC]}} from uid 1000 on display 0
11-30 22:40:55.985  5753  5753 D AndroidRuntime: CheckJNI is OFF
11-30 22:40:56.061  2127  2339 I ActivityManager: START u0 {act=android.intent.action.MAIN cat=[android.intent.category.LAUNCHER] flg=0x10200000 cmp=com.fanwe.p2p/.InitActivity} from uid 0 on display 0
11-30 22:40:56.068  5753  5753 D ICU     : No timezone override file found: /data/misc/zoneinfo/current/icu/icu_tzdata.dat
11-30 22:40:56.082  5753  5753 W art     : Unexpected CPU variant for X86 using defaults: x86
11-30 22:40:56.089  5753  5753 D         : houdini no need remount
11-30 22:40:56.106  5753  5753 E memtrack: Couldn't load memtrack module (No such file or directory)
11-30 22:40:56.106  5753  5753 E android.os.Debug: failed to load memtrack module: -2
11-30 22:40:56.106  5753  5753 I Radio-JNI: register_android_hardware_Radio DONE
11-30 22:40:56.122  5753  5753 D AndroidRuntime: Calling main entry com.android.commands.am.Am
11-30 22:40:56.127  5753  5753 D AndroidRuntime: Shutting down VM
11-30 22:40:56.490  2127  2239 I ActivityManager: START u0 {act=android.intent.action.MAIN cat=[android.intent.category.LAUNCHER] flg=0x10200000 cmp=com.fanwe.p2p/.InitActivity} from uid 0 on display 0
11-30 22:40:56.601  2711  2711 E inputservice: isForceShowInput step116
11-30 22:40:56.601  2711  2711 E inputservice: isForceShowInput step2com.netease.eve.en
11-30 22:40:56.601  2711  2711 E inputservice: isForceShowInput step2com.gm99.ylcs
11-30 22:40:56.601  2711  2711 E inputservice: isForceShowInput step2jp.ghost.romance
11-30 22:40:56.601  2711  2711 E inputservice: isForceShowInput step2com.gameone.meow
11-30 22:40:56.601  2711  2711 E inputservice: isForceShowInput step2com.ykhw.sgsmjz
11-30 22:40:56.601  2711  2711 E inputservice: isForceShowInput step2com.kudou.fengshen
11-30 22:40:56.601  2711  2711 E inputservice: isForceShowInput step2com.ss.android.auto
11-30 22:40:56.601  2711  2711 E inputservice: isForceShowInput step2com.wb.goog.mkx
11-30 22:40:56.601  2711  2711 E inputservice: isForceShowInput step2com.ulugame.arkajp.google
11-30 22:40:56.601  2711  2711 E inputservice: isForceShowInput step2com.xlegend.dragonsoul.jp
11-30 22:40:56.601  2711  2711 E inputservice: isForceShowInput step2vn.efun.jx1
11-30 22:40:56.601  2711  2711 E inputservice: isForceShowInput step2com.global.musvn
11-30 22:40:56.601  2711  2711 E inputservice: isForceShowInput step2vn.vltk.htvl
11-30 22:40:56.601  2711  2711 E inputservice: isForceShowInput step2com.maetimes.android.pokekara
11-30 22:40:56.601  2711  2711 E inputservice: isForceShowInput step2com.wemadesvc.icarusm
11-30 22:40:56.601  2711  2711 E inputservice: isForceShowInput step2com.eskyfun.sgsmjzgp
11-30 22:40:56.601  2711  2711 E inputservice: isForceShowInput step2vn.efun.jx1
11-30 22:40:56.601  2711  2711 E inputservice: isForceShowInput step2com.global.musvn
11-30 22:40:56.601  2711  2711 E inputservice: isForceShowInput step2vn.vltk.htvl
11-30 22:40:56.601  2711  2711 E inputservice: isForceShowInput step2com.global.gloryvn
11-30 22:40:56.601  2711  2711 E inputservice: isForceShowInput step2com.xlegend.grandfantasia.jp
11-30 22:40:56.601  2711  2711 E inputservice: isForceShowInput step2com.azuragame.oop
11-30 22:40:56.601  2711  2711 E inputservice: isForceShowInput step2com.xlegend.arthurlegend.tw
11-30 22:40:56.601  2711  2711 E inputservice: isForceShowInput step2com.honorofheir.global
11-30 22:40:56.606  2711  2711 V InputMethodService: onEvaluateInputViewShown: config.hardKeyboardHidden = 2
11-30 22:40:56.606  2711  2711 V InputMethodService: onEvaluateInputViewShown: config.hardKeyboardHidden = 2
11-30 22:40:56.607  2711  2711 V InputMethodService: onEvaluateInputViewShown: config.hardKeyboardHidden = 2
11-30 22:40:56.608  2711  2711 V InputMethodService: onEvaluateInputViewShown: config.hardKeyboardHidden = 2
11-30 22:40:56.621  3576  3576 W IInputConnectionWrapper: finishComposingText on inactive InputConnection
11-30 22:40:56.828  2127  2388 W InputMethodManagerService: Window already focused, ignoring focus gain of: com.android.internal.view.IInputMethodClient$Stub$Proxy@b73c13a attribute=null, token = android.os.BinderProxy@95c7e5e
11-30 22:40:56.829  2127  3618 W InputManager: Input event injection from pid 5363 failed.
11-30 22:40:56.839  2127  3649 W InputManager: Input event injection from pid 5363 failed.
11-30 22:40:56.840  2127  2429 W InputManager: Input event injection from pid 5363 failed.
11-30 22:40:56.843  2127  2339 W InputManager: Input event injection from pid 5363 failed.
11-30 22:40:57.239  2127  3648 W InputMethodManagerService: Window already focused, ignoring focus gain of: com.android.internal.view.IInputMethodClient$Stub$Proxy@b145de1 attribute=null, token = android.os.BinderProxy@95c7e5e
11-30 22:40:57.378  2711  2711 V InputMethodService: onEvaluateInputViewShown: config.hardKeyboardHidden = 2
11-30 22:40:57.379  2711  2711 V InputMethodService: onEvaluateInputViewShown: config.hardKeyboardHidden = 2
11-30 22:40:57.496  2711  2711 V InputMethodService: onEvaluateInputViewShown: config.hardKeyboardHidden = 2
11-30 22:40:57.496  2711  2711 V InputMethodService: onEvaluateInputViewShown: config.hardKeyboardHidden = 2
11-30 22:40:57.540  5764  5764 D AndroidRuntime: >>>>>> START com.android.internal.os.RuntimeInit uid 0 <<<<<<
11-30 22:40:57.705  2127  3649 I ActivityManager: START u0 {act=android.intent.action.MAIN cat=[android.intent.category.LAUNCHER] flg=0x10200000 cmp=com.fanwe.p2p/.InitActivity} from uid 0 on display 0
11-30 22:40:57.847  2127  2429 I ActivityManager: START u0 {act=android.intent.action.MAIN cat=[android.intent.category.LAUNCHER] flg=0x10200000 cmp=com.fanwe.p2p/.InitActivity} from uid 0 on display 0
11-30 22:40:58.176  2127  2239 I ActivityManager: START u0 {act=android.intent.action.MAIN cat=[android.intent.category.LAUNCHER] flg=0x10200000 cmp=com.fanwe.p2p/.InitActivity} from uid 0 on display 0
11-30 22:40:58.401  3576  3576 W IInputConnectionWrapper: finishComposingText on inactive InputConnection
11-30 22:40:58.402  2711  2711 E inputservice: isForceShowInput step116
11-30 22:40:58.402  2711  2711 E inputservice: isForceShowInput step2com.netease.eve.en
11-30 22:40:58.402  2711  2711 E inputservice: isForceShowInput step2com.gm99.ylcs
11-30 22:40:58.402  2711  2711 E inputservice: isForceShowInput step2jp.ghost.romance
11-30 22:40:58.402  2711  2711 E inputservice: isForceShowInput step2com.gameone.meow
11-30 22:40:58.402  2711  2711 E inputservice: isForceShowInput step2com.ykhw.sgsmjz
11-30 22:40:58.402  2711  2711 E inputservice: isForceShowInput step2com.kudou.fengshen
11-30 22:40:58.402  2711  2711 E inputservice: isForceShowInput step2com.ss.android.auto
11-30 22:40:58.402  2711  2711 E inputservice: isForceShowInput step2com.wb.goog.mkx
11-30 22:40:58.402  2711  2711 E inputservice: isForceShowInput step2com.ulugame.arkajp.google
11-30 22:40:58.402  2711  2711 E inputservice: isForceShowInput step2com.xlegend.dragonsoul.jp
11-30 22:40:58.402  2711  2711 E inputservice: isForceShowInput step2vn.efun.jx1
11-30 22:40:58.402  2711  2711 E inputservice: isForceShowInput step2com.global.musvn
11-30 22:40:58.402  2711  2711 E inputservice: isForceShowInput step2vn.vltk.htvl
11-30 22:40:58.402  2711  2711 E inputservice: isForceShowInput step2com.maetimes.android.pokekara
11-30 22:40:58.402  2711  2711 E inputservice: isForceShowInput step2com.wemadesvc.icarusm
11-30 22:40:58.402  2711  2711 E inputservice: isForceShowInput step2com.eskyfun.sgsmjzgp
11-30 22:40:58.402  2711  2711 E inputservice: isForceShowInput step2vn.efun.jx1
11-30 22:40:58.402  2711  2711 E inputservice: isForceShowInput step2com.global.musvn
11-30 22:40:58.402  2711  2711 E inputservice: isForceShowInput step2vn.vltk.htvl
11-30 22:40:58.402  2711  2711 E inputservice: isForceShowInput step2com.global.gloryvn
11-30 22:40:58.402  2711  2711 E inputservice: isForceShowInput step2com.xlegend.grandfantasia.jp
11-30 22:40:58.402  2711  2711 E inputservice: isForceShowInput step2com.azuragame.oop
11-30 22:40:58.402  2711  2711 E inputservice: isForceShowInput step2com.xlegend.arthurlegend.tw
11-30 22:40:58.402  2711  2711 E inputservice: isForceShowInput step2com.honorofheir.global
11-30 22:40:58.406  2711  2711 V InputMethodService: onEvaluateInputViewShown: config.hardKeyboardHidden = 2
11-30 22:40:58.407  2711  2711 V InputMethodService: onEvaluateInputViewShown: config.hardKeyboardHidden = 2
11-30 22:40:58.408  2711  2711 V InputMethodService: onEvaluateInputViewShown: config.hardKeyboardHidden = 2
11-30 22:40:58.409  2711  2711 V InputMethodService: onEvaluateInputViewShown: config.hardKeyboardHidden = 2
11-30 22:40:58.544  5764  5764 D AndroidRuntime: CheckJNI is OFF
11-30 22:40:58.561  3576  3576 W IInputConnectionWrapper: finishComposingText on inactive InputConnection
11-30 22:40:58.561  2711  2711 E inputservice: isForceShowInput step116
11-30 22:40:58.562  2711  2711 E inputservice: isForceShowInput step2com.netease.eve.en
11-30 22:40:58.562  2711  2711 E inputservice: isForceShowInput step2com.gm99.ylcs
11-30 22:40:58.562  2711  2711 E inputservice: isForceShowInput step2jp.ghost.romance
11-30 22:40:58.562  2711  2711 E inputservice: isForceShowInput step2com.gameone.meow
11-30 22:40:58.562  2711  2711 E inputservice: isForceShowInput step2com.ykhw.sgsmjz
11-30 22:40:58.562  2711  2711 E inputservice: isForceShowInput step2com.kudou.fengshen
11-30 22:40:58.562  2711  2711 E inputservice: isForceShowInput step2com.ss.android.auto
11-30 22:40:58.562  2711  2711 E inputservice: isForceShowInput step2com.wb.goog.mkx
11-30 22:40:58.562  2711  2711 E inputservice: isForceShowInput step2com.ulugame.arkajp.google
11-30 22:40:58.562  2711  2711 E inputservice: isForceShowInput step2com.xlegend.dragonsoul.jp
11-30 22:40:58.562  2711  2711 E inputservice: isForceShowInput step2vn.efun.jx1
11-30 22:40:58.562  2711  2711 E inputservice: isForceShowInput step2com.global.musvn
11-30 22:40:58.562  2711  2711 E inputservice: isForceShowInput step2vn.vltk.htvl
11-30 22:40:58.562  2711  2711 E inputservice: isForceShowInput step2com.maetimes.android.pokekara
11-30 22:40:58.562  2711  2711 E inputservice: isForceShowInput step2com.wemadesvc.icarusm
